<html>
<body>
<pre>
<h1>礦ision Build Log</h1>
<h2>Tool Versions:</h2>
IDE-Version: μVision V5.15
Copyright (C) 2015 ARM Ltd and ARM Germany GmbH. All rights reserved.
License Information: Gao Xu, HDU., LIC=6XJJJ-UT18B-ZCBJY-I5TJB-ZIPFV-SP51W
 
Tool Versions:
Toolchain:       MDK-ARM Professional  Version: 5.15.0
Toolchain Path:  C:\Keil_v5\ARM\ARMCC\Bin
C Compiler:      Armcc.exe V5.05 update 2 (build 169)
Assembler:       Armasm.exe V5.05 update 2 (build 169)
Linker/Locator:  ArmLink.exe V5.05 update 2 (build 169)
Library Manager: ArmAr.exe V5.05 update 2 (build 169)
Hex Converter:   FromElf.exe V5.05 update 2 (build 169)
CPU DLL:         SARMCM3.DLL V5.15.0
Dialog DLL:      DARMSTM.DLL V1.65.0.0
Target DLL:      UL2CM3.DLL V1.155.8.0
Dialog DLL:      TARMSTM.DLL V1.64.0.0
 
<h2>Project:</h2>
C:\Users\luoxu_000\Documents\GitHub\STM32\MP3-软件解码\Project\RVMDK（uv4）\iSO-STM32.uvprojx
Project File Date:  07/13/2015

<h2>Output:</h2>
*** Using Compiler 'V5.05 update 2 (build 169)', folder: 'C:\Keil_v5\ARM\ARMCC\Bin'
Build target 'I2S-MP3'
assembling startup_stm32f10x_hd.s...
compiling core_cm3.c...
compiling system_stm32f10x.c...
compiling misc.c...
compiling stm32f10x_adc.c...
compiling stm32f10x_bkp.c...
compiling stm32f10x_can.c...
compiling stm32f10x_cec.c...
compiling stm32f10x_crc.c...
compiling stm32f10x_dac.c...
compiling stm32f10x_dbgmcu.c...
compiling stm32f10x_dma.c...
compiling stm32f10x_exti.c...
compiling stm32f10x_flash.c...
compiling stm32f10x_fsmc.c...
compiling stm32f10x_gpio.c...
compiling stm32f10x_i2c.c...
compiling stm32f10x_iwdg.c...
compiling stm32f10x_pwr.c...
compiling stm32f10x_rcc.c...
compiling stm32f10x_rtc.c...
compiling stm32f10x_sdio.c...
compiling stm32f10x_spi.c...
compiling stm32f10x_tim.c...
compiling stm32f10x_usart.c...
compiling stm32f10x_wwdg.c...
compiling main.c...
compiling stm32f10x_it.c...
compiling bsp_usart1.c...
compiling bsp_sdio_sdcard.c...
compiling bsp_ili9341_lcd.c...
compiling bsp_sdfs_app.c...
compiling bsp_bmp.c...
compiling bsp_spi_flash.c...
compiling bsp_SysTick.c...
compiling bsp_led.c...
compiling bsp_gpio_spi.c...
compiling bsp_touch.c...
..\..\User\lcd\bsp_touch.c(564): warning:  #223-D: function "printf" declared implicitly
          printf("\r\n tx = %LF \r\n",cal_p[k]);
..\..\User\lcd\bsp_touch.c: 1 warning, 0 errors
compiling mp3.c...
compiling bsp_pcm1770.c...
..\..\User\pcm1770\bsp_pcm1770.c(117): warning:  #167-D: argument of type "char *" is incompatible with parameter of type "const uint8_t *"
                LCD_DispEnCh(155,235,lcd_char,
LUE);   
..\..\User\pcm1770\bsp_pcm1770.c(138): warning:  #167-D: argument of type "char *" is incompatible with parameter of type "const uint8_t *"
                LCD_DispEnCh(155,235,lcd_char,
LUE);
..\..\User\pcm1770\bsp_pcm1770.c(160): warning:  #167-D: argument of type "char *" is incompatible with parameter of type "const uint8_t *"
                LCD_DispEnCh(155,235,lcd_char,
LUE);
..\..\User\pcm1770\bsp_pcm1770.c: 3 warnings, 0 errors
compiling bsp_iis.c...
compiling diskio.c...
compiling ff.c...
compiling cc936.c...
compiling mp3dec.c...
compiling mp3tabs.c...
compiling dqchan.c...
..\..\User\mp3\real\dqchan.c(248): warning:  #550-D: variable "cbStartL" was set but never used
        int cbStartL, cbEndL, cbStartS, cbEndS;
..\..\User\mp3\real\dqchan.c: 1 warning, 0 errors
compiling huffman.c...
..\..\User\mp3\real\huffman.c(386): warning:  #550-D: variable "sfi" was set but never used
        ScaleFactorInfo *sfi;
..\..\User\mp3\real\huffman.c: 1 warning, 0 errors
compiling hufftabs.c...
compiling imdct.c...
compiling scalfact.c...
..\..\User\mp3\real\scalfact.c(211): warning:  #550-D: variable "iipTest" was set but never used
        int i, sfb, sfcIdx, btIdx, nrIdx, iipTest;
..\..\User\mp3\real\scalfact.c: 1 warning, 0 errors
compiling stproc.c...
compiling subband.c...
..\..\User\mp3\real\subband.c(63): warning:  #550-D: variable "hi" was set but never used
        HuffmanInfo *hi;
..\..\User\mp3\real\subband.c: 1 warning, 0 errors
compiling trigtabs.c...
compiling bitstream.c...
compiling buffers.c...
compiling dct32.c...
compiling dequant.c...
assembling asmmisc.s...
assembling asmpoly_thumb2.s...
linking...
Program Size: Code=59876 RO-data=190204 RW-data=1776 ZI-data=49680  
FromELF: creating hex file...
"..\..\Output\Template.axf" - 0 Error(s), 8 Warning(s).

<h2>Software Packages used:</h2>

Package Vendor: ARM
                http://www.keil.com/pack/ARM.CMSIS.4.3.0.pack
                ARM::CMSIS:CORE:4.1.0
                CMSIS (Cortex Microcontroller Software Interface Standard)
   * Component: CORE Version: 4.1.0

<h2>Collection of Component include folders:</h2>
  C:\Users\luoxu_000\Documents\GitHub\STM32\MP3-软件解码\Project\RVMDK（uv4）\RTE
  C:\Keil_v5\ARM\PACK\ARM\CMSIS\4.3.0\CMSIS\Include
  C:\Keil_v5\ARM\PACK\Keil\STM32F1xx_DFP\1.1.0\Device\Include

<h2>Collection of Component Files used:</h2>

   * Component: ARM::CMSIS:CORE:4.1.0
</pre>
</body>
</html>
