<html>
<body>
<pre>
<h1>礦ision Build Log</h1>
<h2>Tool Versions:</h2>
IDE-Version: μVision V5.15
Copyright (C) 2015 ARM Ltd and ARM Germany GmbH. All rights reserved.
License Information: Gao Xu, HDU., LIC=6XJJJ-UT18B-ZCBJY-I5TJB-ZIPFV-SP51W
 
Tool Versions:
Toolchain:       MDK-ARM Professional  Version: 5.15.0
Toolchain Path:  C:\Keil_v5\ARM\ARMCC\Bin
C Compiler:      Armcc.exe V5.05 update 2 (build 169)
Assembler:       Armasm.exe V5.05 update 2 (build 169)
Linker/Locator:  ArmLink.exe V5.05 update 2 (build 169)
Library Manager: ArmAr.exe V5.05 update 2 (build 169)
Hex Converter:   FromElf.exe V5.05 update 2 (build 169)
CPU DLL:         SARMCM3.DLL V5.15.0
Dialog DLL:      DCM.DLL V1.13.2.0
Target DLL:      UL2CM3.DLL V1.155.8.0
Dialog DLL:      TCM.DLL V1.14.5.0
 
<h2>Project:</h2>
C:\Users\luoxu_000\Desktop\18、以太网-ENC28J60+lwip\enc28j60+lwip\程序\Project\RVMDK（uv4）\iSO-STM32.uvprojx
Project File Date:  07/20/2015

<h2>Output:</h2>
*** Using Compiler 'V5.05 update 2 (build 169)', folder: 'C:\Keil_v5\ARM\ARMCC\Bin'
Build target 'enc28j60+lwip'
compiling main.c...
..\..\User\main.c(65): warning:  #1-D: last line of file ends without a newline
  }
..\..\User\main.c: 1 warning, 0 errors
compiling bsp_led.c...
compiling httpd.c...
..\..\User\app\httpd.c(9): warning:  #192-D: unrecognized character escape sequence
  const static uint8_t login[]= 
OGIN;                   //要??示????页
..\..\User\app\httpd.c(9): warning:  #192-D: unrecognized character escape sequence
  const static uint8_t login[]= 
OGIN;                   //要??示????页
..\..\User\app\httpd.c(10): warning:  #192-D: unrecognized character escape sequence
  const static uint8_t led_ctrl_on[] =
ED_CTRL_ON;
..\..\User\app\httpd.c(10): warning:  #192-D: unrecognized character escape sequence
  const static uint8_t led_ctrl_on[] =
ED_CTRL_ON;
..\..\User\app\httpd.c(11): warning:  #192-D: unrecognized character escape sequence
  const static uint8_t led_ctrl_off[] =
ED_CTRL_OFF;
..\..\User\app\httpd.c(11): warning:  #192-D: unrecognized character escape sequence
  const static uint8_t led_ctrl_off[] =
ED_CTRL_OFF;
..\..\User\app\httpd.c: 6 warnings, 0 errors
compiling netconfig.c...
..\..\User\app\netconfig.c(153): warning:  #1-D: last line of file ends without a newline
  }
..\..\User\app\netconfig.c: 1 warning, 0 errors
compiling tcp.c...
linking...
Program Size: Code=44726 RO-data=2994 RW-data=248 ZI-data=34424  
FromELF: creating hex file...
"..\..\Output\Template.axf" - 0 Error(s), 8 Warning(s).

<h2>Software Packages used:</h2>

Package Vendor: ARM
                http://www.keil.com/pack/ARM.CMSIS.4.3.0.pack
                ARM::CMSIS:CORE:4.1.0
                CMSIS (Cortex Microcontroller Software Interface Standard)
   * Component: CORE Version: 4.1.0

<h2>Collection of Component include folders:</h2>
  C:\Users\luoxu_000\Desktop\18、以太网-ENC28J60+lwip\enc28j60+lwip\程序\Project\RVMDK（uv4）\RTE
  C:\Keil_v5\ARM\PACK\ARM\CMSIS\4.3.0\CMSIS\Include
  C:\Keil_v5\ARM\PACK\Keil\STM32F1xx_DFP\1.1.0\Device\Include

<h2>Collection of Component Files used:</h2>

   * Component: ARM::CMSIS:CORE:4.1.0
</pre>
</body>
</html>
