ARM Linker, RVCT4.0 [Build 524] for uVision [Standard]

==============================================================================

Section Cross References

    main.o(.text) refers to systick.o(.text) for SysTick_Init
    main.o(.text) refers to usart1.o(.text) for USART1_Config
    main.o(.text) refers to sdio_sdcard.o(.text) for NVIC_Configuration
    main.o(.text) refers to printf2.o(i.__0printf$2) for __2printf
    main.o(.text) refers to vs1003.o(.text) for VS1003_SPI_Init
    main.o(.text) refers to mp3play.o(.text) for MP3_Play
    stm32f10x_it.o(.text) refers to systick.o(.text) for TimingDelay_Decrement
    stm32f10x_it.o(.text) refers to sdio_sdcard.o(.text) for SD_ProcessIRQSrc
    systick.o(.text) refers to system_stm32f10x.o(.data) for SystemCoreClock
    systick.o(.text) refers to systick.o(.data) for .data
    usart1.o(.text) refers to stm32f10x_rcc.o(.text) for RCC_APB2PeriphClockCmd
    usart1.o(.text) refers to stm32f10x_gpio.o(.text) for GPIO_Init
    usart1.o(.text) refers to stm32f10x_usart.o(.text) for USART_Init
    vs1003.o(.text) refers to stm32f10x_rcc.o(.text) for RCC_APB2PeriphClockCmd
    vs1003.o(.text) refers to stm32f10x_gpio.o(.text) for GPIO_Init
    vs1003.o(.text) refers to stm32f10x_spi.o(.text) for SPI_Init
    vs1003.o(.text) refers to systick.o(.text) for Delay_us
    mp3play.o(.text) refers to ff.o(.text) for f_lseek
    mp3play.o(.text) refers to strncmp.o(.text) for strncmp
    mp3play.o(.text) refers to memmovea.o(.text) for __aeabi_memmove
    mp3play.o(.text) refers to strncpy.o(.text) for strncpy
    mp3play.o(.text) refers to memseta.o(.text) for __aeabi_memclr4
    mp3play.o(.text) refers to printf2.o(i.__0printf$2) for __2printf
    mp3play.o(.text) refers to strstr.o(.text) for strstr
    mp3play.o(.text) refers to systick.o(.text) for Delay_us
    mp3play.o(.text) refers to stm32f10x_gpio.o(.text) for GPIO_ReadInputDataBit
    mp3play.o(.text) refers to vs1003.o(.text) for VS1003_WriteByte
    mp3play.o(.text) refers to mp3play.o(.bss) for readBuf
    sdio_sdcard.o(.text) refers to stm32f10x_sdio.o(.text) for SDIO_ClockCmd
    sdio_sdcard.o(.text) refers to stm32f10x_rcc.o(.text) for RCC_AHBPeriphClockCmd
    sdio_sdcard.o(.text) refers to stm32f10x_gpio.o(.text) for GPIO_Init
    sdio_sdcard.o(.text) refers to misc.o(.text) for NVIC_PriorityGroupConfig
    sdio_sdcard.o(.text) refers to stm32f10x_dma.o(.text) for DMA_GetFlagStatus
    sdio_sdcard.o(.text) refers to sdio_sdcard.o(.bss) for SDIO_CmdInitStructure
    sdio_sdcard.o(.text) refers to sdio_sdcard.o(.data) for .data
    startup_stm32f10x_hd.o(RESET) refers to startup_stm32f10x_hd.o(STACK) for __initial_sp
    startup_stm32f10x_hd.o(RESET) refers to startup_stm32f10x_hd.o(.text) for Reset_Handler
    startup_stm32f10x_hd.o(RESET) refers to stm32f10x_it.o(.text) for NMI_Handler
    startup_stm32f10x_hd.o(.text) refers to system_stm32f10x.o(.text) for SystemInit
    startup_stm32f10x_hd.o(.text) refers to entry.o(.ARM.Collect$$$$00000000) for __main
    stm32f10x_gpio.o(.text) refers to stm32f10x_rcc.o(.text) for RCC_APB2PeriphResetCmd
    stm32f10x_rcc.o(.text) refers to stm32f10x_rcc.o(.data) for .data
    stm32f10x_usart.o(.text) refers to stm32f10x_rcc.o(.text) for RCC_APB2PeriphResetCmd
    stm32f10x_spi.o(.text) refers to stm32f10x_rcc.o(.text) for RCC_APB2PeriphResetCmd
    system_stm32f10x.o(.text) refers to system_stm32f10x.o(.data) for SystemCoreClock
    cc936.o(.text) refers to cc936.o(.constdata) for .constdata
    diskio.o(.text) refers to sdio_sdcard.o(.text) for SD_Init
    ff.o(.text) refers to diskio.o(.text) for disk_write
    ff.o(.text) refers to cc936.o(.text) for ff_wtoupper
    ff.o(.text) refers to ff.o(.constdata) for .constdata
    ff.o(.text) refers to ff.o(.data) for .data
    entry.o(.ARM.Collect$$$$00000000) refers (Special) to entry7.o(.ARM.Collect$$$$00000007) for _main_init
    entry.o(.ARM.Collect$$$$00000000) refers (Special) to entry5.o(.ARM.Collect$$$$00000004) for _main_scatterload
    entry.o(.ARM.Collect$$$$00000000) refers (Special) to entry2.o(.ARM.Collect$$$$00000001) for _main_stk
    printfb.o(i.__0fprintf$bare) refers to printfb.o(i._printf_core) for _printf_core
    printfb.o(i.__0fprintf$bare) refers to usart1.o(.text) for fputc
    printfb.o(i.__0printf$bare) refers to printfb.o(i._printf_core) for _printf_core
    printfb.o(i.__0printf$bare) refers to usart1.o(.text) for fputc
    printfb.o(i.__0printf$bare) refers to stdout.o(.data) for __stdout
    printfb.o(i.__0snprintf$bare) refers to printfb.o(i._printf_core) for _printf_core
    printfb.o(i.__0snprintf$bare) refers to printfb.o(i._snputc) for _snputc
    printfb.o(i.__0sprintf$bare) refers to printfb.o(i._printf_core) for _printf_core
    printfb.o(i.__0sprintf$bare) refers to printfb.o(i._sputc) for _sputc
    printfb.o(i.__0vfprintf$bare) refers to printfb.o(i._printf_core) for _printf_core
    printfb.o(i.__0vfprintf$bare) refers to usart1.o(.text) for fputc
    printfb.o(i.__0vprintf$bare) refers to printfb.o(i._printf_core) for _printf_core
    printfb.o(i.__0vprintf$bare) refers to usart1.o(.text) for fputc
    printfb.o(i.__0vprintf$bare) refers to stdout.o(.data) for __stdout
    printfb.o(i.__0vsnprintf$bare) refers to printfb.o(i._printf_core) for _printf_core
    printfb.o(i.__0vsnprintf$bare) refers to printfb.o(i._snputc) for _snputc
    printfb.o(i.__0vsprintf$bare) refers to printfb.o(i._printf_core) for _printf_core
    printfb.o(i.__0vsprintf$bare) refers to printfb.o(i._sputc) for _sputc
    printf0.o(i.__0fprintf$0) refers to printf0.o(i._printf_core) for _printf_core
    printf0.o(i.__0fprintf$0) refers to usart1.o(.text) for fputc
    printf0.o(i.__0printf$0) refers to printf0.o(i._printf_core) for _printf_core
    printf0.o(i.__0printf$0) refers to usart1.o(.text) for fputc
    printf0.o(i.__0printf$0) refers to stdout.o(.data) for __stdout
    printf0.o(i.__0snprintf$0) refers to printf0.o(i._printf_core) for _printf_core
    printf0.o(i.__0snprintf$0) refers to printf0.o(i._snputc) for _snputc
    printf0.o(i.__0sprintf$0) refers to printf0.o(i._printf_core) for _printf_core
    printf0.o(i.__0sprintf$0) refers to printf0.o(i._sputc) for _sputc
    printf0.o(i.__0vfprintf$0) refers to printf0.o(i._printf_core) for _printf_core
    printf0.o(i.__0vfprintf$0) refers to usart1.o(.text) for fputc
    printf0.o(i.__0vprintf$0) refers to printf0.o(i._printf_core) for _printf_core
    printf0.o(i.__0vprintf$0) refers to usart1.o(.text) for fputc
    printf0.o(i.__0vprintf$0) refers to stdout.o(.data) for __stdout
    printf0.o(i.__0vsnprintf$0) refers to printf0.o(i._printf_core) for _printf_core
    printf0.o(i.__0vsnprintf$0) refers to printf0.o(i._snputc) for _snputc
    printf0.o(i.__0vsprintf$0) refers to printf0.o(i._printf_core) for _printf_core
    printf0.o(i.__0vsprintf$0) refers to printf0.o(i._sputc) for _sputc
    printf1.o(i.__0fprintf$1) refers to printf1.o(i._printf_core) for _printf_core
    printf1.o(i.__0fprintf$1) refers to usart1.o(.text) for fputc
    printf1.o(i.__0printf$1) refers to printf1.o(i._printf_core) for _printf_core
    printf1.o(i.__0printf$1) refers to usart1.o(.text) for fputc
    printf1.o(i.__0printf$1) refers to stdout.o(.data) for __stdout
    printf1.o(i.__0snprintf$1) refers to printf1.o(i._printf_core) for _printf_core
    printf1.o(i.__0snprintf$1) refers to printf1.o(i._snputc) for _snputc
    printf1.o(i.__0sprintf$1) refers to printf1.o(i._printf_core) for _printf_core
    printf1.o(i.__0sprintf$1) refers to printf1.o(i._sputc) for _sputc
    printf1.o(i.__0vfprintf$1) refers to printf1.o(i._printf_core) for _printf_core
    printf1.o(i.__0vfprintf$1) refers to usart1.o(.text) for fputc
    printf1.o(i.__0vprintf$1) refers to printf1.o(i._printf_core) for _printf_core
    printf1.o(i.__0vprintf$1) refers to usart1.o(.text) for fputc
    printf1.o(i.__0vprintf$1) refers to stdout.o(.data) for __stdout
    printf1.o(i.__0vsnprintf$1) refers to printf1.o(i._printf_core) for _printf_core
    printf1.o(i.__0vsnprintf$1) refers to printf1.o(i._snputc) for _snputc
    printf1.o(i.__0vsprintf$1) refers to printf1.o(i._printf_core) for _printf_core
    printf1.o(i.__0vsprintf$1) refers to printf1.o(i._sputc) for _sputc
    printf1.o(i._printf_core) refers to uidiv.o(.text) for __aeabi_uidivmod
    printf2.o(i.__0fprintf$2) refers to printf2.o(i._printf_core) for _printf_core
    printf2.o(i.__0fprintf$2) refers to usart1.o(.text) for fputc
    printf2.o(i.__0printf$2) refers to printf2.o(i._printf_core) for _printf_core
    printf2.o(i.__0printf$2) refers to usart1.o(.text) for fputc
    printf2.o(i.__0printf$2) refers to stdout.o(.data) for __stdout
    printf2.o(i.__0snprintf$2) refers to printf2.o(i._printf_core) for _printf_core
    printf2.o(i.__0snprintf$2) refers to printf2.o(i._snputc) for _snputc
    printf2.o(i.__0sprintf$2) refers to printf2.o(i._printf_core) for _printf_core
    printf2.o(i.__0sprintf$2) refers to printf2.o(i._sputc) for _sputc
    printf2.o(i.__0vfprintf$2) refers to printf2.o(i._printf_core) for _printf_core
    printf2.o(i.__0vfprintf$2) refers to usart1.o(.text) for fputc
    printf2.o(i.__0vprintf$2) refers to printf2.o(i._printf_core) for _printf_core
    printf2.o(i.__0vprintf$2) refers to usart1.o(.text) for fputc
    printf2.o(i.__0vprintf$2) refers to stdout.o(.data) for __stdout
    printf2.o(i.__0vsnprintf$2) refers to printf2.o(i._printf_core) for _printf_core
    printf2.o(i.__0vsnprintf$2) refers to printf2.o(i._snputc) for _snputc
    printf2.o(i.__0vsprintf$2) refers to printf2.o(i._printf_core) for _printf_core
    printf2.o(i.__0vsprintf$2) refers to printf2.o(i._sputc) for _sputc
    printf3.o(i.__0fprintf$3) refers to printf3.o(i._printf_core) for _printf_core
    printf3.o(i.__0fprintf$3) refers to usart1.o(.text) for fputc
    printf3.o(i.__0printf$3) refers to printf3.o(i._printf_core) for _printf_core
    printf3.o(i.__0printf$3) refers to usart1.o(.text) for fputc
    printf3.o(i.__0printf$3) refers to stdout.o(.data) for __stdout
    printf3.o(i.__0snprintf$3) refers to printf3.o(i._printf_core) for _printf_core
    printf3.o(i.__0snprintf$3) refers to printf3.o(i._snputc) for _snputc
    printf3.o(i.__0sprintf$3) refers to printf3.o(i._printf_core) for _printf_core
    printf3.o(i.__0sprintf$3) refers to printf3.o(i._sputc) for _sputc
    printf3.o(i.__0vfprintf$3) refers to printf3.o(i._printf_core) for _printf_core
    printf3.o(i.__0vfprintf$3) refers to usart1.o(.text) for fputc
    printf3.o(i.__0vprintf$3) refers to printf3.o(i._printf_core) for _printf_core
    printf3.o(i.__0vprintf$3) refers to usart1.o(.text) for fputc
    printf3.o(i.__0vprintf$3) refers to stdout.o(.data) for __stdout
    printf3.o(i.__0vsnprintf$3) refers to printf3.o(i._printf_core) for _printf_core
    printf3.o(i.__0vsnprintf$3) refers to printf3.o(i._snputc) for _snputc
    printf3.o(i.__0vsprintf$3) refers to printf3.o(i._printf_core) for _printf_core
    printf3.o(i.__0vsprintf$3) refers to printf3.o(i._sputc) for _sputc
    printf3.o(i._printf_core) refers to uidiv.o(.text) for __aeabi_uidivmod
    printf4.o(i.__0fprintf$4) refers to printf4.o(i._printf_core) for _printf_core
    printf4.o(i.__0fprintf$4) refers to usart1.o(.text) for fputc
    printf4.o(i.__0printf$4) refers to printf4.o(i._printf_core) for _printf_core
    printf4.o(i.__0printf$4) refers to usart1.o(.text) for fputc
    printf4.o(i.__0printf$4) refers to stdout.o(.data) for __stdout
    printf4.o(i.__0snprintf$4) refers to printf4.o(i._printf_core) for _printf_core
    printf4.o(i.__0snprintf$4) refers to printf4.o(i._snputc) for _snputc
    printf4.o(i.__0sprintf$4) refers to printf4.o(i._printf_core) for _printf_core
    printf4.o(i.__0sprintf$4) refers to printf4.o(i._sputc) for _sputc
    printf4.o(i.__0vfprintf$4) refers to printf4.o(i._printf_core) for _printf_core
    printf4.o(i.__0vfprintf$4) refers to usart1.o(.text) for fputc
    printf4.o(i.__0vprintf$4) refers to printf4.o(i._printf_core) for _printf_core
    printf4.o(i.__0vprintf$4) refers to usart1.o(.text) for fputc
    printf4.o(i.__0vprintf$4) refers to stdout.o(.data) for __stdout
    printf4.o(i.__0vsnprintf$4) refers to printf4.o(i._printf_core) for _printf_core
    printf4.o(i.__0vsnprintf$4) refers to printf4.o(i._snputc) for _snputc
    printf4.o(i.__0vsprintf$4) refers to printf4.o(i._printf_core) for _printf_core
    printf4.o(i.__0vsprintf$4) refers to printf4.o(i._sputc) for _sputc
    printf4.o(i._printf_core) refers to uldiv.o(.text) for __aeabi_uldivmod
    printf5.o(i.__0fprintf$5) refers to printf5.o(i._printf_core) for _printf_core
    printf5.o(i.__0fprintf$5) refers to usart1.o(.text) for fputc
    printf5.o(i.__0printf$5) refers to printf5.o(i._printf_core) for _printf_core
    printf5.o(i.__0printf$5) refers to usart1.o(.text) for fputc
    printf5.o(i.__0printf$5) refers to stdout.o(.data) for __stdout
    printf5.o(i.__0snprintf$5) refers to printf5.o(i._printf_core) for _printf_core
    printf5.o(i.__0snprintf$5) refers to printf5.o(i._snputc) for _snputc
    printf5.o(i.__0sprintf$5) refers to printf5.o(i._printf_core) for _printf_core
    printf5.o(i.__0sprintf$5) refers to printf5.o(i._sputc) for _sputc
    printf5.o(i.__0vfprintf$5) refers to printf5.o(i._printf_core) for _printf_core
    printf5.o(i.__0vfprintf$5) refers to usart1.o(.text) for fputc
    printf5.o(i.__0vprintf$5) refers to printf5.o(i._printf_core) for _printf_core
    printf5.o(i.__0vprintf$5) refers to usart1.o(.text) for fputc
    printf5.o(i.__0vprintf$5) refers to stdout.o(.data) for __stdout
    printf5.o(i.__0vsnprintf$5) refers to printf5.o(i._printf_core) for _printf_core
    printf5.o(i.__0vsnprintf$5) refers to printf5.o(i._snputc) for _snputc
    printf5.o(i.__0vsprintf$5) refers to printf5.o(i._printf_core) for _printf_core
    printf5.o(i.__0vsprintf$5) refers to printf5.o(i._sputc) for _sputc
    printf5.o(i._printf_core) refers to uldiv.o(.text) for __aeabi_uldivmod
    printf6.o(i.__0fprintf$6) refers to printf6.o(i._printf_core) for _printf_core
    printf6.o(i.__0fprintf$6) refers to usart1.o(.text) for fputc
    printf6.o(i.__0printf$6) refers to printf6.o(i._printf_core) for _printf_core
    printf6.o(i.__0printf$6) refers to usart1.o(.text) for fputc
    printf6.o(i.__0printf$6) refers to stdout.o(.data) for __stdout
    printf6.o(i.__0snprintf$6) refers to printf6.o(i._printf_core) for _printf_core
    printf6.o(i.__0snprintf$6) refers to printf6.o(i._snputc) for _snputc
    printf6.o(i.__0sprintf$6) refers to printf6.o(i._printf_core) for _printf_core
    printf6.o(i.__0sprintf$6) refers to printf6.o(i._sputc) for _sputc
    printf6.o(i.__0vfprintf$6) refers to printf6.o(i._printf_core) for _printf_core
    printf6.o(i.__0vfprintf$6) refers to usart1.o(.text) for fputc
    printf6.o(i.__0vprintf$6) refers to printf6.o(i._printf_core) for _printf_core
    printf6.o(i.__0vprintf$6) refers to usart1.o(.text) for fputc
    printf6.o(i.__0vprintf$6) refers to stdout.o(.data) for __stdout
    printf6.o(i.__0vsnprintf$6) refers to printf6.o(i._printf_core) for _printf_core
    printf6.o(i.__0vsnprintf$6) refers to printf6.o(i._snputc) for _snputc
    printf6.o(i.__0vsprintf$6) refers to printf6.o(i._printf_core) for _printf_core
    printf6.o(i.__0vsprintf$6) refers to printf6.o(i._sputc) for _sputc
    printf6.o(i._printf_core) refers to printf6.o(i._printf_pre_padding) for _printf_pre_padding
    printf6.o(i._printf_core) refers to uidiv.o(.text) for __aeabi_uidivmod
    printf6.o(i._printf_core) refers to printf6.o(i._printf_post_padding) for _printf_post_padding
    printf7.o(i.__0fprintf$7) refers to printf7.o(i._printf_core) for _printf_core
    printf7.o(i.__0fprintf$7) refers to usart1.o(.text) for fputc
    printf7.o(i.__0printf$7) refers to printf7.o(i._printf_core) for _printf_core
    printf7.o(i.__0printf$7) refers to usart1.o(.text) for fputc
    printf7.o(i.__0printf$7) refers to stdout.o(.data) for __stdout
    printf7.o(i.__0snprintf$7) refers to printf7.o(i._printf_core) for _printf_core
    printf7.o(i.__0snprintf$7) refers to printf7.o(i._snputc) for _snputc
    printf7.o(i.__0sprintf$7) refers to printf7.o(i._printf_core) for _printf_core
    printf7.o(i.__0sprintf$7) refers to printf7.o(i._sputc) for _sputc
    printf7.o(i.__0vfprintf$7) refers to printf7.o(i._printf_core) for _printf_core
    printf7.o(i.__0vfprintf$7) refers to usart1.o(.text) for fputc
    printf7.o(i.__0vprintf$7) refers to printf7.o(i._printf_core) for _printf_core
    printf7.o(i.__0vprintf$7) refers to usart1.o(.text) for fputc
    printf7.o(i.__0vprintf$7) refers to stdout.o(.data) for __stdout
    printf7.o(i.__0vsnprintf$7) refers to printf7.o(i._printf_core) for _printf_core
    printf7.o(i.__0vsnprintf$7) refers to printf7.o(i._snputc) for _snputc
    printf7.o(i.__0vsprintf$7) refers to printf7.o(i._printf_core) for _printf_core
    printf7.o(i.__0vsprintf$7) refers to printf7.o(i._sputc) for _sputc
    printf7.o(i._printf_core) refers to printf7.o(i._printf_pre_padding) for _printf_pre_padding
    printf7.o(i._printf_core) refers to uldiv.o(.text) for __aeabi_uldivmod
    printf7.o(i._printf_core) refers to printf7.o(i._printf_post_padding) for _printf_post_padding
    printf8.o(i.__0fprintf$8) refers to printf8.o(i._printf_core) for _printf_core
    printf8.o(i.__0fprintf$8) refers to usart1.o(.text) for fputc
    printf8.o(i.__0printf$8) refers to printf8.o(i._printf_core) for _printf_core
    printf8.o(i.__0printf$8) refers to usart1.o(.text) for fputc
    printf8.o(i.__0printf$8) refers to stdout.o(.data) for __stdout
    printf8.o(i.__0snprintf$8) refers to printf8.o(i._printf_core) for _printf_core
    printf8.o(i.__0snprintf$8) refers to printf8.o(i._snputc) for _snputc
    printf8.o(i.__0sprintf$8) refers to printf8.o(i._printf_core) for _printf_core
    printf8.o(i.__0sprintf$8) refers to printf8.o(i._sputc) for _sputc
    printf8.o(i.__0vfprintf$8) refers to printf8.o(i._printf_core) for _printf_core
    printf8.o(i.__0vfprintf$8) refers to usart1.o(.text) for fputc
    printf8.o(i.__0vprintf$8) refers to printf8.o(i._printf_core) for _printf_core
    printf8.o(i.__0vprintf$8) refers to usart1.o(.text) for fputc
    printf8.o(i.__0vprintf$8) refers to stdout.o(.data) for __stdout
    printf8.o(i.__0vsnprintf$8) refers to printf8.o(i._printf_core) for _printf_core
    printf8.o(i.__0vsnprintf$8) refers to printf8.o(i._snputc) for _snputc
    printf8.o(i.__0vsprintf$8) refers to printf8.o(i._printf_core) for _printf_core
    printf8.o(i.__0vsprintf$8) refers to printf8.o(i._sputc) for _sputc
    printf8.o(i._printf_core) refers to printf8.o(i._printf_pre_padding) for _printf_pre_padding
    printf8.o(i._printf_core) refers to uldiv.o(.text) for __aeabi_uldivmod
    printf8.o(i._printf_core) refers to printf8.o(i._printf_post_padding) for _printf_post_padding
    printfa.o(i.__0fprintf) refers (Special) to iusefp.o(.text) for __I$use$fp
    printfa.o(i.__0fprintf) refers to printfa.o(i._printf_core) for _printf_core
    printfa.o(i.__0fprintf) refers to usart1.o(.text) for fputc
    printfa.o(i.__0printf) refers (Special) to iusefp.o(.text) for __I$use$fp
    printfa.o(i.__0printf) refers to printfa.o(i._printf_core) for _printf_core
    printfa.o(i.__0printf) refers to usart1.o(.text) for fputc
    printfa.o(i.__0printf) refers to stdout.o(.data) for __stdout
    printfa.o(i.__0snprintf) refers (Special) to iusefp.o(.text) for __I$use$fp
    printfa.o(i.__0snprintf) refers to printfa.o(i._printf_core) for _printf_core
    printfa.o(i.__0snprintf) refers to printfa.o(i._snputc) for _snputc
    printfa.o(i.__0sprintf) refers (Special) to iusefp.o(.text) for __I$use$fp
    printfa.o(i.__0sprintf) refers to printfa.o(i._printf_core) for _printf_core
    printfa.o(i.__0sprintf) refers to printfa.o(i._sputc) for _sputc
    printfa.o(i.__0vfprintf) refers (Special) to iusefp.o(.text) for __I$use$fp
    printfa.o(i.__0vfprintf) refers to printfa.o(i._printf_core) for _printf_core
    printfa.o(i.__0vfprintf) refers to usart1.o(.text) for fputc
    printfa.o(i.__0vprintf) refers (Special) to iusefp.o(.text) for __I$use$fp
    printfa.o(i.__0vprintf) refers to printfa.o(i._printf_core) for _printf_core
    printfa.o(i.__0vprintf) refers to usart1.o(.text) for fputc
    printfa.o(i.__0vprintf) refers to stdout.o(.data) for __stdout
    printfa.o(i.__0vsnprintf) refers (Special) to iusefp.o(.text) for __I$use$fp
    printfa.o(i.__0vsnprintf) refers to printfa.o(i._printf_core) for _printf_core
    printfa.o(i.__0vsnprintf) refers to printfa.o(i._snputc) for _snputc
    printfa.o(i.__0vsprintf) refers (Special) to iusefp.o(.text) for __I$use$fp
    printfa.o(i.__0vsprintf) refers to printfa.o(i._printf_core) for _printf_core
    printfa.o(i.__0vsprintf) refers to printfa.o(i._sputc) for _sputc
    printfa.o(i._fp_digits) refers (Special) to iusefp.o(.text) for __I$use$fp
    printfa.o(i._fp_digits) refers to dmul.o(.text) for __aeabi_dmul
    printfa.o(i._fp_digits) refers to ddiv.o(.text) for __aeabi_ddiv
    printfa.o(i._fp_digits) refers to cdrcmple.o(.text) for __aeabi_cdrcmple
    printfa.o(i._fp_digits) refers to dadd.o(.text) for __aeabi_dadd
    printfa.o(i._fp_digits) refers to dfixul.o(.text) for __aeabi_d2ulz
    printfa.o(i._fp_digits) refers to uldiv.o(.text) for __aeabi_uldivmod
    printfa.o(i._printf_core) refers (Special) to iusefp.o(.text) for __I$use$fp
    printfa.o(i._printf_core) refers to printfa.o(i._printf_pre_padding) for _printf_pre_padding
    printfa.o(i._printf_core) refers to uldiv.o(.text) for __aeabi_uldivmod
    printfa.o(i._printf_core) refers to printfa.o(i._printf_post_padding) for _printf_post_padding
    printfa.o(i._printf_core) refers to printfa.o(i._fp_digits) for _fp_digits
    printfa.o(i._printf_core) refers to uidiv.o(.text) for __aeabi_uidivmod
    printfa.o(i._printf_post_padding) refers (Special) to iusefp.o(.text) for __I$use$fp
    printfa.o(i._printf_pre_padding) refers (Special) to iusefp.o(.text) for __I$use$fp
    printfa.o(i._snputc) refers (Special) to iusefp.o(.text) for __I$use$fp
    printfa.o(i._sputc) refers (Special) to iusefp.o(.text) for __I$use$fp
    entry2.o(.ARM.Collect$$$$00000001) refers to entry2.o(.ARM.Collect$$$$00002712) for __lit__00000000
    entry2.o(.ARM.Collect$$$$00002712) refers to startup_stm32f10x_hd.o(STACK) for __initial_sp
    entry2.o(__vectab_stack_and_reset_area) refers to startup_stm32f10x_hd.o(STACK) for __initial_sp
    entry2.o(__vectab_stack_and_reset_area) refers to entry.o(.ARM.Collect$$$$00000000) for __main
    entry5.o(.ARM.Collect$$$$00000004) refers to init.o(.text) for __scatterload
    entry7.o(.ARM.Collect$$$$00000007) refers to main.o(.text) for main
    uldiv.o(.text) refers to llushr.o(.text) for __aeabi_llsr
    uldiv.o(.text) refers to llshl.o(.text) for __aeabi_llsl
    dadd.o(.text) refers to llushr.o(.text) for __aeabi_llsr
    dadd.o(.text) refers to llshl.o(.text) for __aeabi_llsl
    dadd.o(.text) refers to depilogue.o(.text) for _double_epilogue
    dmul.o(.text) refers to depilogue.o(.text) for _double_epilogue
    ddiv.o(.text) refers to depilogue.o(.text) for _double_epilogue
    dfixul.o(.text) refers to llushr.o(.text) for __aeabi_llsr
    dfixul.o(.text) refers to llshl.o(.text) for __aeabi_llsl
    init.o(.text) refers to entry5.o(.ARM.Collect$$$$00000004) for __main_after_scatterload


==============================================================================

Removing Unused input sections from the image.

    Removing startup_stm32f10x_hd.o(HEAP), (0 bytes).
    Removing core_cm3.o(.emb_text), (32 bytes).
    Removing dadd.o(.text), (414 bytes).
    Removing dmul.o(.text), (232 bytes).
    Removing ddiv.o(.text), (248 bytes).
    Removing dfixul.o(.text), (50 bytes).
    Removing cdrcmple.o(.text), (76 bytes).
    Removing depilogue.o(.text), (200 bytes).

8 unused section(s) (total 1252 bytes) removed from the image.

==============================================================================

Image Symbol Table

    Local Symbols

    Symbol Name                              Value     Ov Type        Size  Object(Section)

    ../../microlib/division.c                0x00000000   Number         0  uidiv.o ABSOLUTE
    ../../microlib/division.c                0x00000000   Number         0  uldiv.o ABSOLUTE
    ../../microlib/fpadd.c                   0x00000000   Number         0  dadd.o ABSOLUTE
    ../../microlib/fpdiv.c                   0x00000000   Number         0  ddiv.o ABSOLUTE
    ../../microlib/fpepilogue.c              0x00000000   Number         0  depilogue.o ABSOLUTE
    ../../microlib/fpfix.c                   0x00000000   Number         0  dfixul.o ABSOLUTE
    ../../microlib/fpmul.c                   0x00000000   Number         0  dmul.o ABSOLUTE
    ../../microlib/init/entry.s              0x00000000   Number         0  entry7.o ABSOLUTE
    ../../microlib/init/entry.s              0x00000000   Number         0  entry2.o ABSOLUTE
    ../../microlib/init/entry.s              0x00000000   Number         0  entry5.o ABSOLUTE
    ../../microlib/init/entry.s              0x00000000   Number         0  entry.o ABSOLUTE
    ../../microlib/longlong.c                0x00000000   Number         0  llushr.o ABSOLUTE
    ../../microlib/longlong.c                0x00000000   Number         0  llshl.o ABSOLUTE
    ../../microlib/printf/printf.c           0x00000000   Number         0  printf5.o ABSOLUTE
    ../../microlib/printf/printf.c           0x00000000   Number         0  printf6.o ABSOLUTE
    ../../microlib/printf/printf.c           0x00000000   Number         0  printf0.o ABSOLUTE
    ../../microlib/printf/printf.c           0x00000000   Number         0  printfa.o ABSOLUTE
    ../../microlib/printf/printf.c           0x00000000   Number         0  printf4.o ABSOLUTE
    ../../microlib/printf/printf.c           0x00000000   Number         0  printf3.o ABSOLUTE
    ../../microlib/printf/printf.c           0x00000000   Number         0  printf2.o ABSOLUTE
    ../../microlib/printf/printf.c           0x00000000   Number         0  printf7.o ABSOLUTE
    ../../microlib/printf/printf.c           0x00000000   Number         0  printf8.o ABSOLUTE
    ../../microlib/printf/printf.c           0x00000000   Number         0  printf1.o ABSOLUTE
    ../../microlib/printf/printf.c           0x00000000   Number         0  printfb.o ABSOLUTE
    ../../microlib/printf/stubs.s            0x00000000   Number         0  stubs.o ABSOLUTE
    ../../microlib/stdio/streams.c           0x00000000   Number         0  stdout.o ABSOLUTE
    ../../microlib/string/memcpy.c           0x00000000   Number         0  memmoveb.o ABSOLUTE
    ../../microlib/string/memcpy.c           0x00000000   Number         0  memmovea.o ABSOLUTE
    ../../microlib/string/memset.c           0x00000000   Number         0  memseta.o ABSOLUTE
    ../../microlib/string/strncmp.c          0x00000000   Number         0  strncmp.o ABSOLUTE
    ../../microlib/string/strncpy.c          0x00000000   Number         0  strncpy.o ABSOLUTE
    ../../microlib/string/strstr.c           0x00000000   Number         0  strstr.o ABSOLUTE
    ../../microlib/stubs.s                   0x00000000   Number         0  iusefp.o ABSOLUTE
    ..\CMSIS\core_cm3.c                      0x00000000   Number         0  core_cm3.o ABSOLUTE
    ..\CMSIS\startup_stm32f10x_hd.s          0x00000000   Number         0  startup_stm32f10x_hd.o ABSOLUTE
    ..\CMSIS\system_stm32f10x.c              0x00000000   Number         0  system_stm32f10x.o ABSOLUTE
    ..\FWlib\src\misc.c                      0x00000000   Number         0  misc.o ABSOLUTE
    ..\FWlib\src\stm32f10x_dma.c             0x00000000   Number         0  stm32f10x_dma.o ABSOLUTE
    ..\FWlib\src\stm32f10x_gpio.c            0x00000000   Number         0  stm32f10x_gpio.o ABSOLUTE
    ..\FWlib\src\stm32f10x_rcc.c             0x00000000   Number         0  stm32f10x_rcc.o ABSOLUTE
    ..\FWlib\src\stm32f10x_sdio.c            0x00000000   Number         0  stm32f10x_sdio.o ABSOLUTE
    ..\FWlib\src\stm32f10x_spi.c             0x00000000   Number         0  stm32f10x_spi.o ABSOLUTE
    ..\FWlib\src\stm32f10x_usart.c           0x00000000   Number         0  stm32f10x_usart.o ABSOLUTE
    ..\\CMSIS\\core_cm3.c                    0x00000000   Number         0  core_cm3.o ABSOLUTE
    ..\ff9\diskio.c                          0x00000000   Number         0  diskio.o ABSOLUTE
    ..\ff9\ff.c                              0x00000000   Number         0  ff.o ABSOLUTE
    ..\ff9\option\cc936.c                    0x00000000   Number         0  cc936.o ABSOLUTE
    SysTick.c                                0x00000000   Number         0  systick.o ABSOLUTE
    cdrcmple.s                               0x00000000   Number         0  cdrcmple.o ABSOLUTE
    dc.s                                     0x00000000   Number         0  dc.o ABSOLUTE
    handlers.s                               0x00000000   Number         0  handlers.o ABSOLUTE
    init.s                                   0x00000000   Number         0  init.o ABSOLUTE
    main.c                                   0x00000000   Number         0  main.o ABSOLUTE
    mp3play.c                                0x00000000   Number         0  mp3play.o ABSOLUTE
    sdio_sdcard.c                            0x00000000   Number         0  sdio_sdcard.o ABSOLUTE
    stm32f10x_it.c                           0x00000000   Number         0  stm32f10x_it.o ABSOLUTE
    usart1.c                                 0x00000000   Number         0  usart1.o ABSOLUTE
    vs1003.c                                 0x00000000   Number         0  vs1003.o ABSOLUTE
    RESET                                    0x08000000   Section      304  startup_stm32f10x_hd.o(RESET)
    .ARM.Collect$$$$00000000                 0x08000130   Section        0  entry.o(.ARM.Collect$$$$00000000)
    .ARM.Collect$$$$00000001                 0x08000130   Section        4  entry2.o(.ARM.Collect$$$$00000001)
    .ARM.Collect$$$$00000004                 0x08000134   Section        4  entry5.o(.ARM.Collect$$$$00000004)
    .ARM.Collect$$$$00000007                 0x08000138   Section        8  entry7.o(.ARM.Collect$$$$00000007)
    .ARM.Collect$$$$00002712                 0x08000140   Section        4  entry2.o(.ARM.Collect$$$$00002712)
    __lit__00000000                          0x08000140   Data           4  entry2.o(.ARM.Collect$$$$00002712)
    .text                                    0x08000144   Section       68  main.o(.text)
    .text                                    0x08000188   Section       40  stm32f10x_it.o(.text)
    .text                                    0x080001b0   Section      140  systick.o(.text)
    .text                                    0x0800023c   Section      508  usart1.o(.text)
    itoa                                     0x080002cd   Thumb Code    94  usart1.o(.text)
    .text                                    0x08000438   Section      632  vs1003.o(.text)
    .text                                    0x080006b0   Section     1408  mp3play.o(.text)
    .text                                    0x08000c30   Section     5760  sdio_sdcard.o(.text)
    SD_DMAEndOfTransferStatus                0x08000c9b   Thumb Code    10  sdio_sdcard.o(.text)
    SD_DMA_RxConfig                          0x08000ca5   Thumb Code    86  sdio_sdcard.o(.text)
    SD_DMA_TxConfig                          0x08000cfb   Thumb Code    86  sdio_sdcard.o(.text)
    GPIO_Configuration                       0x08000d51   Thumb Code    70  sdio_sdcard.o(.text)
    CmdResp1Error                            0x08000d97   Thumb Code    38  sdio_sdcard.o(.text)
    FindSCR                                  0x08000dbd   Thumb Code   396  sdio_sdcard.o(.text)
    SDEnWideBus                              0x08000f49   Thumb Code   310  sdio_sdcard.o(.text)
    CmdResp2Error                            0x0800142f   Thumb Code    90  sdio_sdcard.o(.text)
    CmdResp6Error                            0x08001489   Thumb Code   146  sdio_sdcard.o(.text)
    CmdResp3Error                            0x0800164b   Thumb Code    50  sdio_sdcard.o(.text)
    CmdResp7Error                            0x0800167d   Thumb Code    72  sdio_sdcard.o(.text)
    CmdError                                 0x080016c5   Thumb Code    44  sdio_sdcard.o(.text)
    IsCardProgramming                        0x08001fa1   Thumb Code   376  sdio_sdcard.o(.text)
    .text                                    0x080022b0   Section       36  startup_stm32f10x_hd.o(.text)
    .text                                    0x080022d4   Section      224  misc.o(.text)
    .text                                    0x080023b4   Section      604  stm32f10x_dma.o(.text)
    .text                                    0x08002610   Section      840  stm32f10x_gpio.o(.text)
    .text                                    0x08002958   Section      912  stm32f10x_rcc.o(.text)
    .text                                    0x08002ce8   Section      460  stm32f10x_sdio.o(.text)
    .text                                    0x08002eb4   Section     1032  stm32f10x_usart.o(.text)
    .text                                    0x080032bc   Section      780  stm32f10x_spi.o(.text)
    .text                                    0x080035c8   Section      456  system_stm32f10x.o(.text)
    SetSysClockTo72                          0x080035c9   Thumb Code   192  system_stm32f10x.o(.text)
    SetSysClock                              0x08003689   Thumb Code     8  system_stm32f10x.o(.text)
    .text                                    0x08003790   Section      176  cc936.o(.text)
    .text                                    0x08003840   Section      198  diskio.o(.text)
    .text                                    0x08003908   Section     7984  ff.o(.text)
    mem_cpy                                  0x08003909   Thumb Code    26  ff.o(.text)
    mem_set                                  0x08003923   Thumb Code    20  ff.o(.text)
    mem_cmp                                  0x08003937   Thumb Code    38  ff.o(.text)
    chk_chr                                  0x0800395d   Thumb Code    20  ff.o(.text)
    move_window                              0x08003971   Thumb Code   114  ff.o(.text)
    sync                                     0x080039e3   Thumb Code   200  ff.o(.text)
    remove_chain                             0x08003d13   Thumb Code   104  ff.o(.text)
    create_chain                             0x08003d7b   Thumb Code   202  ff.o(.text)
    dir_sdi                                  0x08003e45   Thumb Code   156  ff.o(.text)
    dir_next                                 0x08003ee1   Thumb Code   280  ff.o(.text)
    cmp_lfn                                  0x08003ff9   Thumb Code   138  ff.o(.text)
    pick_lfn                                 0x08004083   Thumb Code   112  ff.o(.text)
    fit_lfn                                  0x080040f3   Thumb Code   118  ff.o(.text)
    sum_sfn                                  0x0800423f   Thumb Code    32  ff.o(.text)
    dir_find                                 0x0800425f   Thumb Code   222  ff.o(.text)
    dir_read                                 0x0800433d   Thumb Code   196  ff.o(.text)
    dir_register                             0x08004401   Thumb Code   428  ff.o(.text)
    create_name                              0x080045ad   Thumb Code   698  ff.o(.text)
    get_fileinfo                             0x08004867   Thumb Code   342  ff.o(.text)
    follow_path                              0x080049bd   Thumb Code   180  ff.o(.text)
    check_fs                                 0x08004a71   Thumb Code   138  ff.o(.text)
    chk_mounted                              0x08004afb   Thumb Code  1062  ff.o(.text)
    validate                                 0x08004f21   Thumb Code    42  ff.o(.text)
    .text                                    0x08005838   Section       64  memmovea.o(.text)
    .text                                    0x08005878   Section       38  memseta.o(.text)
    .text                                    0x0800589e   Section       44  strstr.o(.text)
    .text                                    0x080058ca   Section       24  strncpy.o(.text)
    .text                                    0x080058e2   Section       30  strncmp.o(.text)
    .text                                    0x08005900   Section       36  init.o(.text)
    i.__0printf$2                            0x08005924   Section       32  printf2.o(i.__0printf$2)
    i.__scatterload_copy                     0x08005944   Section       14  handlers.o(i.__scatterload_copy)
    i.__scatterload_null                     0x08005952   Section        2  handlers.o(i.__scatterload_null)
    i.__scatterload_zeroinit                 0x08005954   Section       14  handlers.o(i.__scatterload_zeroinit)
    i._printf_core                           0x08005962   Section      202  printf2.o(i._printf_core)
    _printf_core                             0x08005963   Thumb Code   202  printf2.o(i._printf_core)
    .constdata                               0x08005a2c   Section    175304  cc936.o(.constdata)
    uni2oem                                  0x08005a2c   Data       87172  cc936.o(.constdata)
    oem2uni                                  0x0801aeb0   Data       87172  cc936.o(.constdata)
    tbl_lower                                0x08030334   Data         480  cc936.o(.constdata)
    tbl_upper                                0x08030514   Data         480  cc936.o(.constdata)
    .constdata                               0x080306f4   Section       13  ff.o(.constdata)
    LfnOfs                                   0x080306f4   Data          13  ff.o(.constdata)
    .data                                    0x20000000   Section        4  systick.o(.data)
    TimingDelay                              0x20000000   Data           4  systick.o(.data)
    .data                                    0x20000004   Section       20  sdio_sdcard.o(.data)
    CardType                                 0x20000004   Data           4  sdio_sdcard.o(.data)
    RCA                                      0x20000008   Data           4  sdio_sdcard.o(.data)
    .data                                    0x20000018   Section       20  stm32f10x_rcc.o(.data)
    APBAHBPrescTable                         0x20000018   Data          16  stm32f10x_rcc.o(.data)
    ADCPrescTable                            0x20000028   Data           4  stm32f10x_rcc.o(.data)
    .data                                    0x2000002c   Section       20  system_stm32f10x.o(.data)
    .data                                    0x20000040   Section        6  ff.o(.data)
    FatFs                                    0x20000040   Data           4  ff.o(.data)
    Fsid                                     0x20000044   Data           2  ff.o(.data)
    .data                                    0x20000048   Section        4  stdout.o(.data)
    .bss                                     0x2000004c   Section     5424  mp3play.o(.bss)
    .bss                                     0x2000157c   Section      196  sdio_sdcard.o(.bss)
    CSD_Tab                                  0x2000157c   Data          16  sdio_sdcard.o(.bss)
    CID_Tab                                  0x2000158c   Data          16  sdio_sdcard.o(.bss)
    SDSTATUS_Tab                             0x2000159c   Data          16  sdio_sdcard.o(.bss)
    STACK                                    0x20001640   Section     3840  startup_stm32f10x_hd.o(STACK)

    Global Symbols

    Symbol Name                              Value     Ov Type        Size  Object(Section)

    BuildAttributes$$THM_ISAv4$P$D$K$B$S$PE$A:L22UL41UL21$X:L11$S22US41US21$IEEE1$IW$USESV6$~STKCKD$USESV7$~SHL$OSPACE$ROPI$EBA8$MICROLIB$REQ8$PRES8$EABIv2 0x00000000   Number         0  anon$$obj.o ABSOLUTE
    __ARM_use_no_argv                        0x00000000   Number         0  main.o ABSOLUTE
    _printf_a                                0x00000000   Number         0  stubs.o ABSOLUTE
    _printf_c                                0x00000000   Number         0  stubs.o ABSOLUTE
    _printf_charcount                        0x00000000   Number         0  stubs.o ABSOLUTE
    _printf_d                                0x00000000   Number         0  stubs.o ABSOLUTE
    _printf_e                                0x00000000   Number         0  stubs.o ABSOLUTE
    _printf_f                                0x00000000   Number         0  stubs.o ABSOLUTE
    _printf_flags                            0x00000000   Number         0  stubs.o ABSOLUTE
    _printf_fp_dec                           0x00000000   Number         0  stubs.o ABSOLUTE
    _printf_fp_hex                           0x00000000   Number         0  stubs.o ABSOLUTE
    _printf_g                                0x00000000   Number         0  stubs.o ABSOLUTE
    _printf_i                                0x00000000   Number         0  stubs.o ABSOLUTE
    _printf_int_dec                          0x00000000   Number         0  stubs.o ABSOLUTE
    _printf_l                                0x00000000   Number         0  stubs.o ABSOLUTE
    _printf_lc                               0x00000000   Number         0  stubs.o ABSOLUTE
    _printf_ll                               0x00000000   Number         0  stubs.o ABSOLUTE
    _printf_lld                              0x00000000   Number         0  stubs.o ABSOLUTE
    _printf_lli                              0x00000000   Number         0  stubs.o ABSOLUTE
    _printf_llo                              0x00000000   Number         0  stubs.o ABSOLUTE
    _printf_llu                              0x00000000   Number         0  stubs.o ABSOLUTE
    _printf_llx                              0x00000000   Number         0  stubs.o ABSOLUTE
    _printf_longlong_dec                     0x00000000   Number         0  stubs.o ABSOLUTE
    _printf_longlong_hex                     0x00000000   Number         0  stubs.o ABSOLUTE
    _printf_longlong_oct                     0x00000000   Number         0  stubs.o ABSOLUTE
    _printf_ls                               0x00000000   Number         0  stubs.o ABSOLUTE
    _printf_mbtowc                           0x00000000   Number         0  stubs.o ABSOLUTE
    _printf_n                                0x00000000   Number         0  stubs.o ABSOLUTE
    _printf_o                                0x00000000   Number         0  stubs.o ABSOLUTE
    _printf_p                                0x00000000   Number         0  stubs.o ABSOLUTE
    _printf_percent                          0x00000000   Number         0  stubs.o ABSOLUTE
    _printf_pre_padding                      0x00000000   Number         0  stubs.o ABSOLUTE
    _printf_return_value                     0x00000000   Number         0  stubs.o ABSOLUTE
    _printf_s                                0x00000000   Number         0  stubs.o ABSOLUTE
    _printf_sizespec                         0x00000000   Number         0  stubs.o ABSOLUTE
    _printf_str                              0x00000000   Number         0  stubs.o ABSOLUTE
    _printf_truncate_signed                  0x00000000   Number         0  stubs.o ABSOLUTE
    _printf_truncate_unsigned                0x00000000   Number         0  stubs.o ABSOLUTE
    _printf_u                                0x00000000   Number         0  stubs.o ABSOLUTE
    _printf_wc                               0x00000000   Number         0  stubs.o ABSOLUTE
    _printf_wctomb                           0x00000000   Number         0  stubs.o ABSOLUTE
    _printf_widthprec                        0x00000000   Number         0  stubs.o ABSOLUTE
    _printf_x                                0x00000000   Number         0  stubs.o ABSOLUTE
    __decompress                              - Undefined Weak Reference
    __Vectors_Size                           0x00000130   Number         0  startup_stm32f10x_hd.o ABSOLUTE
    __Vectors                                0x08000000   Data           4  startup_stm32f10x_hd.o(RESET)
    __Vectors_End                            0x08000130   Data           0  startup_stm32f10x_hd.o(RESET)
    __main                                   0x08000131   Thumb Code     0  entry.o(.ARM.Collect$$$$00000000)
    _main_stk                                0x08000131   Thumb Code     0  entry2.o(.ARM.Collect$$$$00000001)
    _main_scatterload                        0x08000135   Thumb Code     0  entry5.o(.ARM.Collect$$$$00000004)
    __main_after_scatterload                 0x08000139   Thumb Code     0  entry5.o(.ARM.Collect$$$$00000004)
    _main_init                               0x08000139   Thumb Code     0  entry7.o(.ARM.Collect$$$$00000007)
    main                                     0x08000145   Thumb Code    36  main.o(.text)
    NMI_Handler                              0x08000189   Thumb Code     2  stm32f10x_it.o(.text)
    HardFault_Handler                        0x0800018b   Thumb Code     4  stm32f10x_it.o(.text)
    MemManage_Handler                        0x0800018f   Thumb Code     4  stm32f10x_it.o(.text)
    BusFault_Handler                         0x08000193   Thumb Code     4  stm32f10x_it.o(.text)
    UsageFault_Handler                       0x08000197   Thumb Code     4  stm32f10x_it.o(.text)
    SVC_Handler                              0x0800019b   Thumb Code     2  stm32f10x_it.o(.text)
    DebugMon_Handler                         0x0800019d   Thumb Code     2  stm32f10x_it.o(.text)
    PendSV_Handler                           0x0800019f   Thumb Code     2  stm32f10x_it.o(.text)
    SysTick_Handler                          0x080001a1   Thumb Code     8  stm32f10x_it.o(.text)
    SDIO_IRQHandler                          0x080001a9   Thumb Code     8  stm32f10x_it.o(.text)
    SysTick_Init                             0x080001b1   Thumb Code    86  systick.o(.text)
    Delay_us                                 0x08000207   Thumb Code    16  systick.o(.text)
    TimingDelay_Decrement                    0x08000217   Thumb Code    18  systick.o(.text)
    USART1_Config                            0x0800023d   Thumb Code   114  usart1.o(.text)
    fputc                                    0x080002af   Thumb Code    30  usart1.o(.text)
    USART1_printf                            0x0800032b   Thumb Code   262  usart1.o(.text)
    VS1003_SPI_Init                          0x08000439   Thumb Code   200  vs1003.o(.text)
    VS1003_WriteByte                         0x08000501   Thumb Code    50  vs1003.o(.text)
    VS1003_ReadByte                          0x08000533   Thumb Code    48  vs1003.o(.text)
    Mp3WriteRegister                         0x08000563   Thumb Code    78  vs1003.o(.text)
    Mp3ReadRegister                          0x080005b1   Thumb Code    78  vs1003.o(.text)
    MP3_Start                                0x080005ff   Thumb Code   160  vs1003.o(.text)
    Read_ID3V2                               0x080006b1   Thumb Code   550  mp3play.o(.text)
    Read_ID3V1                               0x080008d7   Thumb Code   108  mp3play.o(.text)
    MP3_Play                                 0x08000943   Thumb Code   744  mp3play.o(.text)
    SD_DeInit                                0x08000c31   Thumb Code    66  sdio_sdcard.o(.text)
    NVIC_Configuration                       0x08000c73   Thumb Code    40  sdio_sdcard.o(.text)
    SD_EnableWideBusOperation                0x0800107f   Thumb Code   142  sdio_sdcard.o(.text)
    SD_SelectDeselect                        0x0800110d   Thumb Code    48  sdio_sdcard.o(.text)
    SD_GetCardInfo                           0x0800113d   Thumb Code   754  sdio_sdcard.o(.text)
    SD_InitializeCards                       0x0800151b   Thumb Code   304  sdio_sdcard.o(.text)
    SD_PowerON                               0x080016f1   Thumb Code   374  sdio_sdcard.o(.text)
    SD_Init                                  0x08001867   Thumb Code   128  sdio_sdcard.o(.text)
    SD_SendStatus                            0x080018e7   Thumb Code    46  sdio_sdcard.o(.text)
    SD_GetState                              0x08001915   Thumb Code    26  sdio_sdcard.o(.text)
    SD_GetStatus                             0x0800192f   Thumb Code    30  sdio_sdcard.o(.text)
    SD_PowerOFF                              0x0800194d   Thumb Code    14  sdio_sdcard.o(.text)
    SD_SendSDStatus                          0x0800195b   Thumb Code   358  sdio_sdcard.o(.text)
    SD_GetCardStatus                         0x08001ac1   Thumb Code   156  sdio_sdcard.o(.text)
    SD_ReadBlock                             0x08001b5d   Thumb Code   194  sdio_sdcard.o(.text)
    SD_ReadMultiBlocks                       0x08001c1f   Thumb Code   256  sdio_sdcard.o(.text)
    SD_WaitReadOperation                     0x08001d1f   Thumb Code    42  sdio_sdcard.o(.text)
    SD_WriteBlock                            0x08001d49   Thumb Code   190  sdio_sdcard.o(.text)
    SD_WriteMultiBlocks                      0x08001e07   Thumb Code   314  sdio_sdcard.o(.text)
    SD_WaitWriteOperation                    0x08001f41   Thumb Code    50  sdio_sdcard.o(.text)
    SD_GetTransferState                      0x08001f73   Thumb Code    18  sdio_sdcard.o(.text)
    SD_StopTransfer                          0x08001f85   Thumb Code    28  sdio_sdcard.o(.text)
    SD_Erase                                 0x08002119   Thumb Code   286  sdio_sdcard.o(.text)
    SD_ProcessIRQSrc                         0x08002237   Thumb Code    70  sdio_sdcard.o(.text)
    convert_from_bytes_to_power_of_two       0x0800227d   Thumb Code    18  sdio_sdcard.o(.text)
    Reset_Handler                            0x080022b1   Thumb Code     8  startup_stm32f10x_hd.o(.text)
    ADC1_2_IRQHandler                        0x080022cb   Thumb Code     0  startup_stm32f10x_hd.o(.text)
    ADC3_IRQHandler                          0x080022cb   Thumb Code     0  startup_stm32f10x_hd.o(.text)
    CAN1_RX1_IRQHandler                      0x080022cb   Thumb Code     0  startup_stm32f10x_hd.o(.text)
    CAN1_SCE_IRQHandler                      0x080022cb   Thumb Code     0  startup_stm32f10x_hd.o(.text)
    DMA1_Channel1_IRQHandler                 0x080022cb   Thumb Code     0  startup_stm32f10x_hd.o(.text)
    DMA1_Channel2_IRQHandler                 0x080022cb   Thumb Code     0  startup_stm32f10x_hd.o(.text)
    DMA1_Channel3_IRQHandler                 0x080022cb   Thumb Code     0  startup_stm32f10x_hd.o(.text)
    DMA1_Channel4_IRQHandler                 0x080022cb   Thumb Code     0  startup_stm32f10x_hd.o(.text)
    DMA1_Channel5_IRQHandler                 0x080022cb   Thumb Code     0  startup_stm32f10x_hd.o(.text)
    DMA1_Channel6_IRQHandler                 0x080022cb   Thumb Code     0  startup_stm32f10x_hd.o(.text)
    DMA1_Channel7_IRQHandler                 0x080022cb   Thumb Code     0  startup_stm32f10x_hd.o(.text)
    DMA2_Channel1_IRQHandler                 0x080022cb   Thumb Code     0  startup_stm32f10x_hd.o(.text)
    DMA2_Channel2_IRQHandler                 0x080022cb   Thumb Code     0  startup_stm32f10x_hd.o(.text)
    DMA2_Channel3_IRQHandler                 0x080022cb   Thumb Code     0  startup_stm32f10x_hd.o(.text)
    DMA2_Channel4_5_IRQHandler               0x080022cb   Thumb Code     0  startup_stm32f10x_hd.o(.text)
    EXTI0_IRQHandler                         0x080022cb   Thumb Code     0  startup_stm32f10x_hd.o(.text)
    EXTI15_10_IRQHandler                     0x080022cb   Thumb Code     0  startup_stm32f10x_hd.o(.text)
    EXTI1_IRQHandler                         0x080022cb   Thumb Code     0  startup_stm32f10x_hd.o(.text)
    EXTI2_IRQHandler                         0x080022cb   Thumb Code     0  startup_stm32f10x_hd.o(.text)
    EXTI3_IRQHandler                         0x080022cb   Thumb Code     0  startup_stm32f10x_hd.o(.text)
    EXTI4_IRQHandler                         0x080022cb   Thumb Code     0  startup_stm32f10x_hd.o(.text)
    EXTI9_5_IRQHandler                       0x080022cb   Thumb Code     0  startup_stm32f10x_hd.o(.text)
    FLASH_IRQHandler                         0x080022cb   Thumb Code     0  startup_stm32f10x_hd.o(.text)
    FSMC_IRQHandler                          0x080022cb   Thumb Code     0  startup_stm32f10x_hd.o(.text)
    I2C1_ER_IRQHandler                       0x080022cb   Thumb Code     0  startup_stm32f10x_hd.o(.text)
    I2C1_EV_IRQHandler                       0x080022cb   Thumb Code     0  startup_stm32f10x_hd.o(.text)
    I2C2_ER_IRQHandler                       0x080022cb   Thumb Code     0  startup_stm32f10x_hd.o(.text)
    I2C2_EV_IRQHandler                       0x080022cb   Thumb Code     0  startup_stm32f10x_hd.o(.text)
    PVD_IRQHandler                           0x080022cb   Thumb Code     0  startup_stm32f10x_hd.o(.text)
    RCC_IRQHandler                           0x080022cb   Thumb Code     0  startup_stm32f10x_hd.o(.text)
    RTCAlarm_IRQHandler                      0x080022cb   Thumb Code     0  startup_stm32f10x_hd.o(.text)
    RTC_IRQHandler                           0x080022cb   Thumb Code     0  startup_stm32f10x_hd.o(.text)
    SPI1_IRQHandler                          0x080022cb   Thumb Code     0  startup_stm32f10x_hd.o(.text)
    SPI2_IRQHandler                          0x080022cb   Thumb Code     0  startup_stm32f10x_hd.o(.text)
    SPI3_IRQHandler                          0x080022cb   Thumb Code     0  startup_stm32f10x_hd.o(.text)
    TAMPER_IRQHandler                        0x080022cb   Thumb Code     0  startup_stm32f10x_hd.o(.text)
    TIM1_BRK_IRQHandler                      0x080022cb   Thumb Code     0  startup_stm32f10x_hd.o(.text)
    TIM1_CC_IRQHandler                       0x080022cb   Thumb Code     0  startup_stm32f10x_hd.o(.text)
    TIM1_TRG_COM_IRQHandler                  0x080022cb   Thumb Code     0  startup_stm32f10x_hd.o(.text)
    TIM1_UP_IRQHandler                       0x080022cb   Thumb Code     0  startup_stm32f10x_hd.o(.text)
    TIM2_IRQHandler                          0x080022cb   Thumb Code     0  startup_stm32f10x_hd.o(.text)
    TIM3_IRQHandler                          0x080022cb   Thumb Code     0  startup_stm32f10x_hd.o(.text)
    TIM4_IRQHandler                          0x080022cb   Thumb Code     0  startup_stm32f10x_hd.o(.text)
    TIM5_IRQHandler                          0x080022cb   Thumb Code     0  startup_stm32f10x_hd.o(.text)
    TIM6_IRQHandler                          0x080022cb   Thumb Code     0  startup_stm32f10x_hd.o(.text)
    TIM7_IRQHandler                          0x080022cb   Thumb Code     0  startup_stm32f10x_hd.o(.text)
    TIM8_BRK_IRQHandler                      0x080022cb   Thumb Code     0  startup_stm32f10x_hd.o(.text)
    TIM8_CC_IRQHandler                       0x080022cb   Thumb Code     0  startup_stm32f10x_hd.o(.text)
    TIM8_TRG_COM_IRQHandler                  0x080022cb   Thumb Code     0  startup_stm32f10x_hd.o(.text)
    TIM8_UP_IRQHandler                       0x080022cb   Thumb Code     0  startup_stm32f10x_hd.o(.text)
    UART4_IRQHandler                         0x080022cb   Thumb Code     0  startup_stm32f10x_hd.o(.text)
    UART5_IRQHandler                         0x080022cb   Thumb Code     0  startup_stm32f10x_hd.o(.text)
    USART1_IRQHandler                        0x080022cb   Thumb Code     0  startup_stm32f10x_hd.o(.text)
    USART2_IRQHandler                        0x080022cb   Thumb Code     0  startup_stm32f10x_hd.o(.text)
    USART3_IRQHandler                        0x080022cb   Thumb Code     0  startup_stm32f10x_hd.o(.text)
    USBWakeUp_IRQHandler                     0x080022cb   Thumb Code     0  startup_stm32f10x_hd.o(.text)
    USB_HP_CAN1_TX_IRQHandler                0x080022cb   Thumb Code     0  startup_stm32f10x_hd.o(.text)
    USB_LP_CAN1_RX0_IRQHandler               0x080022cb   Thumb Code     0  startup_stm32f10x_hd.o(.text)
    WWDG_IRQHandler                          0x080022cb   Thumb Code     0  startup_stm32f10x_hd.o(.text)
    NVIC_PriorityGroupConfig                 0x080022d5   Thumb Code    10  misc.o(.text)
    NVIC_Init                                0x080022df   Thumb Code   102  misc.o(.text)
    NVIC_SetVectorTable                      0x08002345   Thumb Code    14  misc.o(.text)
    NVIC_SystemLPConfig                      0x08002353   Thumb Code    38  misc.o(.text)
    SysTick_CLKSourceConfig                  0x08002379   Thumb Code    40  misc.o(.text)
    DMA_DeInit                               0x080023b5   Thumb Code   336  stm32f10x_dma.o(.text)
    DMA_Init                                 0x08002505   Thumb Code    60  stm32f10x_dma.o(.text)
    DMA_StructInit                           0x08002541   Thumb Code    26  stm32f10x_dma.o(.text)
    DMA_Cmd                                  0x0800255b   Thumb Code    24  stm32f10x_dma.o(.text)
    DMA_ITConfig                             0x08002573   Thumb Code    18  stm32f10x_dma.o(.text)
    DMA_SetCurrDataCounter                   0x08002585   Thumb Code     4  stm32f10x_dma.o(.text)
    DMA_GetCurrDataCounter                   0x08002589   Thumb Code     8  stm32f10x_dma.o(.text)
    DMA_GetFlagStatus                        0x08002591   Thumb Code    38  stm32f10x_dma.o(.text)
    DMA_ClearFlag                            0x080025b7   Thumb Code    22  stm32f10x_dma.o(.text)
    DMA_GetITStatus                          0x080025cd   Thumb Code    38  stm32f10x_dma.o(.text)
    DMA_ClearITPendingBit                    0x080025f3   Thumb Code    22  stm32f10x_dma.o(.text)
    GPIO_DeInit                              0x08002611   Thumb Code   172  stm32f10x_gpio.o(.text)
    GPIO_AFIODeInit                          0x080026bd   Thumb Code    20  stm32f10x_gpio.o(.text)
    GPIO_Init                                0x080026d1   Thumb Code   268  stm32f10x_gpio.o(.text)
    GPIO_StructInit                          0x080027dd   Thumb Code    16  stm32f10x_gpio.o(.text)
    GPIO_ReadInputDataBit                    0x080027ed   Thumb Code    18  stm32f10x_gpio.o(.text)
    GPIO_ReadInputData                       0x080027ff   Thumb Code     8  stm32f10x_gpio.o(.text)
    GPIO_ReadOutputDataBit                   0x08002807   Thumb Code    18  stm32f10x_gpio.o(.text)
    GPIO_ReadOutputData                      0x08002819   Thumb Code     8  stm32f10x_gpio.o(.text)
    GPIO_SetBits                             0x08002821   Thumb Code     4  stm32f10x_gpio.o(.text)
    GPIO_ResetBits                           0x08002825   Thumb Code     4  stm32f10x_gpio.o(.text)
    GPIO_WriteBit                            0x08002829   Thumb Code    10  stm32f10x_gpio.o(.text)
    GPIO_Write                               0x08002833   Thumb Code     4  stm32f10x_gpio.o(.text)
    GPIO_PinLockConfig                       0x08002837   Thumb Code    18  stm32f10x_gpio.o(.text)
    GPIO_EventOutputConfig                   0x08002849   Thumb Code    24  stm32f10x_gpio.o(.text)
    GPIO_EventOutputCmd                      0x08002861   Thumb Code     6  stm32f10x_gpio.o(.text)
    GPIO_PinRemapConfig                      0x08002867   Thumb Code   136  stm32f10x_gpio.o(.text)
    GPIO_EXTILineConfig                      0x080028ef   Thumb Code    60  stm32f10x_gpio.o(.text)
    GPIO_ETH_MediaInterfaceConfig            0x0800292b   Thumb Code     8  stm32f10x_gpio.o(.text)
    RCC_DeInit                               0x08002959   Thumb Code    64  stm32f10x_rcc.o(.text)
    RCC_HSEConfig                            0x08002999   Thumb Code    70  stm32f10x_rcc.o(.text)
    RCC_GetFlagStatus                        0x080029df   Thumb Code    56  stm32f10x_rcc.o(.text)
    RCC_WaitForHSEStartUp                    0x08002a17   Thumb Code    48  stm32f10x_rcc.o(.text)
    RCC_AdjustHSICalibrationValue            0x08002a47   Thumb Code    18  stm32f10x_rcc.o(.text)
    RCC_HSICmd                               0x08002a59   Thumb Code     6  stm32f10x_rcc.o(.text)
    RCC_PLLConfig                            0x08002a5f   Thumb Code    22  stm32f10x_rcc.o(.text)
    RCC_PLLCmd                               0x08002a75   Thumb Code     6  stm32f10x_rcc.o(.text)
    RCC_SYSCLKConfig                         0x08002a7b   Thumb Code    16  stm32f10x_rcc.o(.text)
    RCC_GetSYSCLKSource                      0x08002a8b   Thumb Code    10  stm32f10x_rcc.o(.text)
    RCC_HCLKConfig                           0x08002a95   Thumb Code    16  stm32f10x_rcc.o(.text)
    RCC_PCLK1Config                          0x08002aa5   Thumb Code    16  stm32f10x_rcc.o(.text)
    RCC_PCLK2Config                          0x08002ab5   Thumb Code    18  stm32f10x_rcc.o(.text)
    RCC_ITConfig                             0x08002ac7   Thumb Code    30  stm32f10x_rcc.o(.text)
    RCC_USBCLKConfig                         0x08002ae5   Thumb Code     8  stm32f10x_rcc.o(.text)
    RCC_ADCCLKConfig                         0x08002aed   Thumb Code    16  stm32f10x_rcc.o(.text)
    RCC_LSEConfig                            0x08002afd   Thumb Code    50  stm32f10x_rcc.o(.text)
    RCC_LSICmd                               0x08002b2f   Thumb Code     6  stm32f10x_rcc.o(.text)
    RCC_RTCCLKConfig                         0x08002b35   Thumb Code    12  stm32f10x_rcc.o(.text)
    RCC_RTCCLKCmd                            0x08002b41   Thumb Code     8  stm32f10x_rcc.o(.text)
    RCC_GetClocksFreq                        0x08002b49   Thumb Code   194  stm32f10x_rcc.o(.text)
    RCC_AHBPeriphClockCmd                    0x08002c0b   Thumb Code    26  stm32f10x_rcc.o(.text)
    RCC_APB2PeriphClockCmd                   0x08002c25   Thumb Code    26  stm32f10x_rcc.o(.text)
    RCC_APB1PeriphClockCmd                   0x08002c3f   Thumb Code    26  stm32f10x_rcc.o(.text)
    RCC_APB2PeriphResetCmd                   0x08002c59   Thumb Code    26  stm32f10x_rcc.o(.text)
    RCC_APB1PeriphResetCmd                   0x08002c73   Thumb Code    26  stm32f10x_rcc.o(.text)
    RCC_BackupResetCmd                       0x08002c8d   Thumb Code     8  stm32f10x_rcc.o(.text)
    RCC_ClockSecuritySystemCmd               0x08002c95   Thumb Code     6  stm32f10x_rcc.o(.text)
    RCC_MCOConfig                            0x08002c9b   Thumb Code     6  stm32f10x_rcc.o(.text)
    RCC_ClearFlag                            0x08002ca1   Thumb Code    14  stm32f10x_rcc.o(.text)
    RCC_GetITStatus                          0x08002caf   Thumb Code    20  stm32f10x_rcc.o(.text)
    RCC_ClearITPendingBit                    0x08002cc3   Thumb Code     6  stm32f10x_rcc.o(.text)
    SDIO_DeInit                              0x08002ce9   Thumb Code    28  stm32f10x_sdio.o(.text)
    SDIO_Init                                0x08002d05   Thumb Code    42  stm32f10x_sdio.o(.text)
    SDIO_StructInit                          0x08002d2f   Thumb Code    16  stm32f10x_sdio.o(.text)
    SDIO_ClockCmd                            0x08002d3f   Thumb Code     6  stm32f10x_sdio.o(.text)
    SDIO_SetPowerState                       0x08002d45   Thumb Code    22  stm32f10x_sdio.o(.text)
    SDIO_GetPowerState                       0x08002d5b   Thumb Code    10  stm32f10x_sdio.o(.text)
    SDIO_ITConfig                            0x08002d65   Thumb Code    26  stm32f10x_sdio.o(.text)
    SDIO_DMACmd                              0x08002d7f   Thumb Code     6  stm32f10x_sdio.o(.text)
    SDIO_SendCommand                         0x08002d85   Thumb Code    38  stm32f10x_sdio.o(.text)
    SDIO_CmdStructInit                       0x08002dab   Thumb Code    14  stm32f10x_sdio.o(.text)
    SDIO_GetCommandResponse                  0x08002db9   Thumb Code     8  stm32f10x_sdio.o(.text)
    SDIO_GetResponse                         0x08002dc1   Thumb Code    14  stm32f10x_sdio.o(.text)
    SDIO_DataConfig                          0x08002dcf   Thumb Code    42  stm32f10x_sdio.o(.text)
    SDIO_DataStructInit                      0x08002df9   Thumb Code    20  stm32f10x_sdio.o(.text)
    SDIO_GetDataCounter                      0x08002e0d   Thumb Code     6  stm32f10x_sdio.o(.text)
    SDIO_ReadData                            0x08002e13   Thumb Code     8  stm32f10x_sdio.o(.text)
    SDIO_WriteData                           0x08002e1b   Thumb Code     8  stm32f10x_sdio.o(.text)
    SDIO_GetFIFOCount                        0x08002e23   Thumb Code     6  stm32f10x_sdio.o(.text)
    SDIO_StartSDIOReadWait                   0x08002e29   Thumb Code     8  stm32f10x_sdio.o(.text)
    SDIO_StopSDIOReadWait                    0x08002e31   Thumb Code     8  stm32f10x_sdio.o(.text)
    SDIO_SetSDIOReadWaitMode                 0x08002e39   Thumb Code     8  stm32f10x_sdio.o(.text)
    SDIO_SetSDIOOperation                    0x08002e41   Thumb Code     8  stm32f10x_sdio.o(.text)
    SDIO_SendSDIOSuspendCmd                  0x08002e49   Thumb Code     6  stm32f10x_sdio.o(.text)
    SDIO_CommandCompletionCmd                0x08002e4f   Thumb Code     8  stm32f10x_sdio.o(.text)
    SDIO_CEATAITCmd                          0x08002e57   Thumb Code    12  stm32f10x_sdio.o(.text)
    SDIO_SendCEATACmd                        0x08002e63   Thumb Code     8  stm32f10x_sdio.o(.text)
    SDIO_GetFlagStatus                       0x08002e6b   Thumb Code    20  stm32f10x_sdio.o(.text)
    SDIO_ClearFlag                           0x08002e7f   Thumb Code     6  stm32f10x_sdio.o(.text)
    SDIO_GetITStatus                         0x08002e85   Thumb Code    20  stm32f10x_sdio.o(.text)
    SDIO_ClearITPendingBit                   0x08002e99   Thumb Code     6  stm32f10x_sdio.o(.text)
    USART_DeInit                             0x08002eb5   Thumb Code   134  stm32f10x_usart.o(.text)
    USART_Init                               0x08002f3b   Thumb Code   210  stm32f10x_usart.o(.text)
    USART_StructInit                         0x0800300d   Thumb Code    24  stm32f10x_usart.o(.text)
    USART_ClockInit                          0x08003025   Thumb Code    32  stm32f10x_usart.o(.text)
    USART_ClockStructInit                    0x08003045   Thumb Code    12  stm32f10x_usart.o(.text)
    USART_Cmd                                0x08003051   Thumb Code    24  stm32f10x_usart.o(.text)
    USART_ITConfig                           0x08003069   Thumb Code    72  stm32f10x_usart.o(.text)
    USART_DMACmd                             0x080030b1   Thumb Code    24  stm32f10x_usart.o(.text)
    USART_SetAddress                         0x080030c9   Thumb Code    18  stm32f10x_usart.o(.text)
    USART_WakeUpConfig                       0x080030db   Thumb Code    18  stm32f10x_usart.o(.text)
    USART_ReceiverWakeUpCmd                  0x080030ed   Thumb Code    24  stm32f10x_usart.o(.text)
    USART_LINBreakDetectLengthConfig         0x08003105   Thumb Code    18  stm32f10x_usart.o(.text)
    USART_LINCmd                             0x08003117   Thumb Code    24  stm32f10x_usart.o(.text)
    USART_SendData                           0x0800312f   Thumb Code     8  stm32f10x_usart.o(.text)
    USART_ReceiveData                        0x08003137   Thumb Code    10  stm32f10x_usart.o(.text)
    USART_SendBreak                          0x08003141   Thumb Code    10  stm32f10x_usart.o(.text)
    USART_SetGuardTime                       0x0800314b   Thumb Code    16  stm32f10x_usart.o(.text)
    USART_SetPrescaler                       0x0800315b   Thumb Code    16  stm32f10x_usart.o(.text)
    USART_SmartCardCmd                       0x0800316b   Thumb Code    24  stm32f10x_usart.o(.text)
    USART_SmartCardNACKCmd                   0x08003183   Thumb Code    24  stm32f10x_usart.o(.text)
    USART_HalfDuplexCmd                      0x0800319b   Thumb Code    24  stm32f10x_usart.o(.text)
    USART_OverSampling8Cmd                   0x080031b3   Thumb Code    22  stm32f10x_usart.o(.text)
    USART_OneBitMethodCmd                    0x080031c9   Thumb Code    24  stm32f10x_usart.o(.text)
    USART_IrDAConfig                         0x080031e1   Thumb Code    18  stm32f10x_usart.o(.text)
    USART_IrDACmd                            0x080031f3   Thumb Code    24  stm32f10x_usart.o(.text)
    USART_GetFlagStatus                      0x0800320b   Thumb Code    26  stm32f10x_usart.o(.text)
    USART_ClearFlag                          0x08003225   Thumb Code    18  stm32f10x_usart.o(.text)
    USART_GetITStatus                        0x08003237   Thumb Code    84  stm32f10x_usart.o(.text)
    USART_ClearITPendingBit                  0x0800328b   Thumb Code    50  stm32f10x_usart.o(.text)
    SPI_I2S_DeInit                           0x080032bd   Thumb Code    76  stm32f10x_spi.o(.text)
    SPI_Init                                 0x08003309   Thumb Code    60  stm32f10x_spi.o(.text)
    I2S_Init                                 0x08003345   Thumb Code   216  stm32f10x_spi.o(.text)
    SPI_StructInit                           0x0800341d   Thumb Code    24  stm32f10x_spi.o(.text)
    I2S_StructInit                           0x08003435   Thumb Code    20  stm32f10x_spi.o(.text)
    SPI_Cmd                                  0x08003449   Thumb Code    24  stm32f10x_spi.o(.text)
    I2S_Cmd                                  0x08003461   Thumb Code    24  stm32f10x_spi.o(.text)
    SPI_I2S_ITConfig                         0x08003479   Thumb Code    36  stm32f10x_spi.o(.text)
    SPI_I2S_DMACmd                           0x0800349d   Thumb Code    24  stm32f10x_spi.o(.text)
    SPI_I2S_SendData                         0x080034b5   Thumb Code     4  stm32f10x_spi.o(.text)
    SPI_I2S_ReceiveData                      0x080034b9   Thumb Code     6  stm32f10x_spi.o(.text)
    SPI_NSSInternalSoftwareConfig            0x080034bf   Thumb Code    30  stm32f10x_spi.o(.text)
    SPI_SSOutputCmd                          0x080034dd   Thumb Code    24  stm32f10x_spi.o(.text)
    SPI_DataSizeConfig                       0x080034f5   Thumb Code    18  stm32f10x_spi.o(.text)
    SPI_TransmitCRC                          0x08003507   Thumb Code    10  stm32f10x_spi.o(.text)
    SPI_CalculateCRC                         0x08003511   Thumb Code    24  stm32f10x_spi.o(.text)
    SPI_GetCRC                               0x08003529   Thumb Code    16  stm32f10x_spi.o(.text)
    SPI_GetCRCPolynomial                     0x08003539   Thumb Code     6  stm32f10x_spi.o(.text)
    SPI_BiDirectionalLineConfig              0x0800353f   Thumb Code    28  stm32f10x_spi.o(.text)
    SPI_I2S_GetFlagStatus                    0x0800355b   Thumb Code    18  stm32f10x_spi.o(.text)
    SPI_I2S_ClearFlag                        0x0800356d   Thumb Code     6  stm32f10x_spi.o(.text)
    SPI_I2S_GetITStatus                      0x08003573   Thumb Code    52  stm32f10x_spi.o(.text)
    SPI_I2S_ClearITPendingBit                0x080035a7   Thumb Code    20  stm32f10x_spi.o(.text)
    SystemInit                               0x08003691   Thumb Code    78  system_stm32f10x.o(.text)
    SystemCoreClockUpdate                    0x080036df   Thumb Code   142  system_stm32f10x.o(.text)
    ff_convert                               0x08003791   Thumb Code   112  cc936.o(.text)
    ff_wtoupper                              0x08003801   Thumb Code    48  cc936.o(.text)
    disk_initialize                          0x08003841   Thumb Code    26  diskio.o(.text)
    disk_status                              0x0800385b   Thumb Code     6  diskio.o(.text)
    disk_read                                0x08003861   Thumb Code    78  diskio.o(.text)
    disk_write                               0x080038af   Thumb Code    78  diskio.o(.text)
    disk_ioctl                               0x080038fd   Thumb Code     6  diskio.o(.text)
    get_fattime                              0x08003903   Thumb Code     4  diskio.o(.text)
    clust2sect                               0x08003aab   Thumb Code    26  ff.o(.text)
    get_fat                                  0x08003ac5   Thumb Code   242  ff.o(.text)
    put_fat                                  0x08003bb7   Thumb Code   348  ff.o(.text)
    gen_numname                              0x08004169   Thumb Code   214  ff.o(.text)
    f_mount                                  0x08004f4b   Thumb Code    42  ff.o(.text)
    f_open                                   0x08004f75   Thumb Code   368  ff.o(.text)
    f_read                                   0x080050e5   Thumb Code   478  ff.o(.text)
    f_write                                  0x080052c3   Thumb Code   540  ff.o(.text)
    f_sync                                   0x080054df   Thumb Code   182  ff.o(.text)
    f_close                                  0x08005595   Thumb Code    22  ff.o(.text)
    f_lseek                                  0x080055ab   Thumb Code   434  ff.o(.text)
    f_opendir                                0x0800575d   Thumb Code   120  ff.o(.text)
    f_readdir                                0x080057d5   Thumb Code   100  ff.o(.text)
    ___aeabi_memcpy$move                     0x08005839   Thumb Code    64  memmovea.o(.text)
    ___aeabi_memcpy4$move                    0x08005839   Thumb Code     0  memmovea.o(.text)
    ___aeabi_memcpy8$move                    0x08005839   Thumb Code     0  memmovea.o(.text)
    __aeabi_memmove                          0x08005839   Thumb Code     0  memmovea.o(.text)
    __aeabi_memmove4                         0x08005839   Thumb Code     0  memmovea.o(.text)
    __aeabi_memmove8                         0x08005839   Thumb Code     0  memmovea.o(.text)
    __aeabi_memset                           0x08005879   Thumb Code    14  memseta.o(.text)
    __aeabi_memset4                          0x08005879   Thumb Code     0  memseta.o(.text)
    __aeabi_memset8                          0x08005879   Thumb Code     0  memseta.o(.text)
    __aeabi_memclr                           0x08005887   Thumb Code     4  memseta.o(.text)
    __aeabi_memclr4                          0x08005887   Thumb Code     0  memseta.o(.text)
    __aeabi_memclr8                          0x08005887   Thumb Code     0  memseta.o(.text)
    _memset$wrapper                          0x0800588b   Thumb Code    20  memseta.o(.text)
    strstr                                   0x0800589f   Thumb Code    44  strstr.o(.text)
    strncpy                                  0x080058cb   Thumb Code    24  strncpy.o(.text)
    strncmp                                  0x080058e3   Thumb Code    30  strncmp.o(.text)
    __scatterload                            0x08005901   Thumb Code    28  init.o(.text)
    __scatterload_rt2                        0x08005901   Thumb Code     0  init.o(.text)
    __0printf$2                              0x08005925   Thumb Code    22  printf2.o(i.__0printf$2)
    __1printf$2                              0x08005925   Thumb Code     0  printf2.o(i.__0printf$2)
    __2printf                                0x08005925   Thumb Code     0  printf2.o(i.__0printf$2)
    __scatterload_copy                       0x08005945   Thumb Code    14  handlers.o(i.__scatterload_copy)
    __scatterload_null                       0x08005953   Thumb Code     2  handlers.o(i.__scatterload_null)
    __scatterload_zeroinit                   0x08005955   Thumb Code    14  handlers.o(i.__scatterload_zeroinit)
    Region$$Table$$Base                      0x08030704   Number         0  anon$$obj.o(Region$$Table)
    Region$$Table$$Limit                     0x08030724   Number         0  anon$$obj.o(Region$$Table)
    StopCondition                            0x2000000c   Data           4  sdio_sdcard.o(.data)
    TransferError                            0x20000010   Data           1  sdio_sdcard.o(.data)
    TransferEnd                              0x20000014   Data           4  sdio_sdcard.o(.data)
    SystemCoreClock                          0x2000002c   Data           4  system_stm32f10x.o(.data)
    AHBPrescTable                            0x20000030   Data          16  system_stm32f10x.o(.data)
    __stdout                                 0x20000048   Data           4  stdout.o(.data)
    readBuf                                  0x2000004c   Data        5120  mp3play.o(.bss)
    id3v1                                    0x2000144c   Data         152  mp3play.o(.bss)
    id3v2                                    0x200014e4   Data         152  mp3play.o(.bss)
    SDCardInfo                               0x200015ac   Data          80  sdio_sdcard.o(.bss)
    SDIO_InitStructure                       0x200015fc   Data          24  sdio_sdcard.o(.bss)
    SDIO_CmdInitStructure                    0x20001614   Data          20  sdio_sdcard.o(.bss)
    SDIO_DataInitStructure                   0x20001628   Data          24  sdio_sdcard.o(.bss)
    __initial_sp                             0x20002540   Data           0  startup_stm32f10x_hd.o(STACK)



==============================================================================

Memory Map of the image

  Image Entry point : 0x080022b1

  Load Region LR_1 (Base: 0x08000000, Size: 0x00030770, Max: 0xffffffff, ABSOLUTE)

    Execution Region ER_RO (Base: 0x08000000, Size: 0x00030724, Max: 0xffffffff, ABSOLUTE)

    Base Addr    Size         Type   Attr      Idx    E Section Name        Object

    0x08000000   0x00000130   Data   RO          187    RESET               startup_stm32f10x_hd.o
    0x08000130   0x00000000   Code   RO          363  * .ARM.Collect$$$$00000000  entry.o(mc_w.l)
    0x08000130   0x00000004   Code   RO          639    .ARM.Collect$$$$00000001  entry2.o(mc_w.l)
    0x08000134   0x00000004   Code   RO          642    .ARM.Collect$$$$00000004  entry5.o(mc_w.l)
    0x08000138   0x00000008   Code   RO          643    .ARM.Collect$$$$00000007  entry7.o(mc_w.l)
    0x08000140   0x00000004   Code   RO          640    .ARM.Collect$$$$00002712  entry2.o(mc_w.l)
    0x08000144   0x00000044   Code   RO            1    .text               main.o
    0x08000188   0x00000028   Code   RO           87    .text               stm32f10x_it.o
    0x080001b0   0x0000008c   Code   RO          102    .text               systick.o
    0x0800023c   0x000001fc   Code   RO          120    .text               usart1.o
    0x08000438   0x00000278   Code   RO          139    .text               vs1003.o
    0x080006b0   0x00000580   Code   RO          151    .text               mp3play.o
    0x08000c30   0x00001680   Code   RO          169    .text               sdio_sdcard.o
    0x080022b0   0x00000024   Code   RO          188  * .text               startup_stm32f10x_hd.o
    0x080022d4   0x000000e0   Code   RO          193    .text               misc.o
    0x080023b4   0x0000025c   Code   RO          205    .text               stm32f10x_dma.o
    0x08002610   0x00000348   Code   RO          217    .text               stm32f10x_gpio.o
    0x08002958   0x00000390   Code   RO          229    .text               stm32f10x_rcc.o
    0x08002ce8   0x000001cc   Code   RO          243    .text               stm32f10x_sdio.o
    0x08002eb4   0x00000408   Code   RO          255    .text               stm32f10x_usart.o
    0x080032bc   0x0000030c   Code   RO          267    .text               stm32f10x_spi.o
    0x080035c8   0x000001c8   Code   RO          289    .text               system_stm32f10x.o
    0x08003790   0x000000b0   Code   RO          307    .text               cc936.o
    0x08003840   0x000000c6   Code   RO          330    .text               diskio.o
    0x08003906   0x00000002   PAD
    0x08003908   0x00001f30   Code   RO          345    .text               ff.o
    0x08005838   0x00000040   Code   RO          366    .text               memmovea.o(mc_w.l)
    0x08005878   0x00000026   Code   RO          368    .text               memseta.o(mc_w.l)
    0x0800589e   0x0000002c   Code   RO          370    .text               strstr.o(mc_w.l)
    0x080058ca   0x00000018   Code   RO          372    .text               strncpy.o(mc_w.l)
    0x080058e2   0x0000001e   Code   RO          374    .text               strncmp.o(mc_w.l)
    0x08005900   0x00000024   Code   RO          660    .text               init.o(mc_w.l)
    0x08005924   0x00000020   Code   RO          445    i.__0printf$2       printf2.o(mc_w.l)
    0x08005944   0x0000000e   Code   RO          670    i.__scatterload_copy  handlers.o(mc_w.l)
    0x08005952   0x00000002   Code   RO          671    i.__scatterload_null  handlers.o(mc_w.l)
    0x08005954   0x0000000e   Code   RO          672    i.__scatterload_zeroinit  handlers.o(mc_w.l)
    0x08005962   0x000000ca   Code   RO          452    i._printf_core      printf2.o(mc_w.l)
    0x08005a2c   0x0002acc8   Data   RO          308    .constdata          cc936.o
    0x080306f4   0x0000000d   Data   RO          346    .constdata          ff.o
    0x08030701   0x00000003   PAD
    0x08030704   0x00000020   Data   RO          668    Region$$Table       anon$$obj.o


    Execution Region ER_RW (Base: 0x20000000, Size: 0x0000004c, Max: 0xffffffff, ABSOLUTE)

    Base Addr    Size         Type   Attr      Idx    E Section Name        Object

    0x20000000   0x00000004   Data   RW          103    .data               systick.o
    0x20000004   0x00000014   Data   RW          171    .data               sdio_sdcard.o
    0x20000018   0x00000014   Data   RW          230    .data               stm32f10x_rcc.o
    0x2000002c   0x00000014   Data   RW          290    .data               system_stm32f10x.o
    0x20000040   0x00000006   Data   RW          347    .data               ff.o
    0x20000046   0x00000002   PAD
    0x20000048   0x00000004   Data   RW          644    .data               stdout.o(mc_w.l)


    Execution Region ER_ZI (Base: 0x2000004c, Size: 0x000024f4, Max: 0xffffffff, ABSOLUTE)

    Base Addr    Size         Type   Attr      Idx    E Section Name        Object

    0x2000004c   0x00001530   Zero   RW          152    .bss                mp3play.o
    0x2000157c   0x000000c4   Zero   RW          170    .bss                sdio_sdcard.o
    0x20001640   0x00000f00   Zero   RW          185    STACK               startup_stm32f10x_hd.o


==============================================================================

Image component sizes


      Code (inc. data)   RO Data    RW Data    ZI Data      Debug   Object Name

       176         16     175304          0          0       2189   cc936.o
       198          0          0          0          0       8182   diskio.o
      7984         46         13          6          0      22266   ff.o
        68         32          0          0          0     268119   main.o
       224         20          0          0          0       1749   misc.o
      1408        272          0          0       5424       3895   mp3play.o
      5760        190          0         20        196      16555   sdio_sdcard.o
        36          8        304          0       3840        520   startup_stm32f10x_hd.o
       604          8          0          0          0       4318   stm32f10x_dma.o
       840         38          0          0          0       5633   stm32f10x_gpio.o
        40          0          0          0          0       1394   stm32f10x_it.o
       912         32          0         20          0       8760   stm32f10x_rcc.o
       460         22          0          0          0       6984   stm32f10x_sdio.o
       780         14          0          0          0       6566   stm32f10x_spi.o
      1032         20          0          0          0       8388   stm32f10x_usart.o
       456         36          0         20          0       1803   system_stm32f10x.o
       140         20          0          4          0      16365   systick.o
       508          8          0          0          0       3620   usart1.o
       632         18          0          0          0       1814   vs1003.o

    ----------------------------------------------------------------------
     22260        800     175656         72       9460     389120   Object Totals
         0          0         32          0          0          0   (incl. Generated)
         2          0          3          2          0          0   (incl. Padding)

    ----------------------------------------------------------------------

      Code (inc. data)   RO Data    RW Data    ZI Data      Debug   Library Member Name

         0          0          0          0          0          0   entry.o
         8          4          0          0          0          0   entry2.o
         4          0          0          0          0          0   entry5.o
         8          4          0          0          0          0   entry7.o
        30          0          0          0          0          0   handlers.o
        36          8          0          0          0         68   init.o
        64          0          0          0          0         76   memmovea.o
        38          0          0          0          0        108   memseta.o
       234         10          0          0          0        168   printf2.o
         0          0          0          4          0          0   stdout.o
        30          0          0          0          0         76   strncmp.o
        24          0          0          0          0         76   strncpy.o
        44          0          0          0          0         76   strstr.o

    ----------------------------------------------------------------------
       520         26          0          4          0        648   Library Totals
         0          0          0          0          0          0   (incl. Padding)

    ----------------------------------------------------------------------

      Code (inc. data)   RO Data    RW Data    ZI Data      Debug   Library Name

       520         26          0          4          0        648   mc_w.l

    ----------------------------------------------------------------------
       520         26          0          4          0        648   Library Totals

    ----------------------------------------------------------------------

==============================================================================


      Code (inc. data)   RO Data    RW Data    ZI Data      Debug   

     22780        826     175656         76       9460     387668   Grand Totals
     22780        826     175656         76       9460     387668   ELF Image Totals
     22780        826     175656         76          0          0   ROM Totals

==============================================================================

    Total RO  Size (Code + RO Data)               198436 ( 193.79kB)
    Total RW  Size (RW Data + ZI Data)              9536 (   9.31kB)
    Total ROM Size (Code + RO Data + RW Data)     198512 ( 193.86kB)

==============================================================================

