Component: ARM Compiler 5.05 update 2 (build 169) Tool: armlink [4d0f33]

==============================================================================

Section Cross References

    startup_stm32f10x_hd.o(RESET) refers to startup_stm32f10x_hd.o(STACK) for __initial_sp
    startup_stm32f10x_hd.o(RESET) refers to startup_stm32f10x_hd.o(.text) for Reset_Handler
    startup_stm32f10x_hd.o(RESET) refers to stm32f10x_it.o(.text) for NMI_Handler
    startup_stm32f10x_hd.o(.text) refers to system_stm32f10x.o(.text) for SystemInit
    startup_stm32f10x_hd.o(.text) refers to entry.o(.ARM.Collect$$$$00000000) for __main
    main.o(.text) refers to bsp_usart1.o(.text) for USART1_Config
    main.o(.text) refers to spi.o(.text) for SPI2_Init
    main.o(.text) refers to bsp_systick.o(.text) for SysTick_Init
    main.o(.text) refers to bsp_led.o(.text) for LED_GPIO_Config
    main.o(.text) refers to printfa.o(i.__0printf) for __2printf
    main.o(.text) refers to netconfig.o(.text) for LwIP_Init
    main.o(.text) refers to httpd.o(.text) for httpd_init
    main.o(.text) refers to cmd.o(.text) for CMD_init
    main.o(.text) refers to main.o(.data) for LocalTime
    stm32f10x_it.o(.text) refers to printfa.o(i.__0printf) for printf
    stm32f10x_it.o(.text) refers to netconfig.o(.text) for Time_Update
    bsp_led.o(.text) refers to stm32f10x_rcc.o(.text) for RCC_APB2PeriphClockCmd
    bsp_led.o(.text) refers to stm32f10x_gpio.o(.text) for GPIO_Init
    bsp_systick.o(.text) refers to system_stm32f10x.o(.data) for SystemCoreClock
    bsp_systick.o(.text) refers to bsp_systick.o(.data) for TimingDelay
    bsp_usart1.o(.text) refers to stm32f10x_rcc.o(.text) for RCC_APB2PeriphClockCmd
    bsp_usart1.o(.text) refers to stm32f10x_gpio.o(.text) for GPIO_Init
    bsp_usart1.o(.text) refers to stm32f10x_usart.o(.text) for USART_Init
    stm32f10x_adc.o(.text) refers to stm32f10x_rcc.o(.text) for RCC_APB2PeriphResetCmd
    stm32f10x_bkp.o(.text) refers to stm32f10x_rcc.o(.text) for RCC_BackupResetCmd
    stm32f10x_can.o(.text) refers to stm32f10x_rcc.o(.text) for RCC_APB1PeriphResetCmd
    stm32f10x_cec.o(.text) refers to stm32f10x_rcc.o(.text) for RCC_APB1PeriphResetCmd
    stm32f10x_dac.o(.text) refers to stm32f10x_rcc.o(.text) for RCC_APB1PeriphResetCmd
    stm32f10x_gpio.o(.text) refers to stm32f10x_rcc.o(.text) for RCC_APB2PeriphResetCmd
    stm32f10x_i2c.o(.text) refers to stm32f10x_rcc.o(.text) for RCC_APB1PeriphResetCmd
    stm32f10x_pwr.o(.text) refers to stm32f10x_rcc.o(.text) for RCC_APB1PeriphResetCmd
    stm32f10x_rcc.o(.text) refers to stm32f10x_rcc.o(.data) for APBAHBPrescTable
    stm32f10x_spi.o(.text) refers to stm32f10x_rcc.o(.text) for RCC_APB2PeriphResetCmd
    stm32f10x_tim.o(.text) refers to stm32f10x_rcc.o(.text) for RCC_APB2PeriphResetCmd
    stm32f10x_usart.o(.text) refers to stm32f10x_rcc.o(.text) for RCC_APB2PeriphResetCmd
    stm32f10x_wwdg.o(.text) refers to stm32f10x_rcc.o(.text) for RCC_APB1PeriphResetCmd
    system_stm32f10x.o(.text) refers to system_stm32f10x.o(.data) for SystemCoreClock
    enc28j60.o(.text) refers to spi.o(.text) for SPI2_ReadWrite
    enc28j60.o(.text) refers to enc28j60.o(.data) for Enc28j60Bank
    spi.o(.text) refers to stm32f10x_rcc.o(.text) for RCC_APB2PeriphClockCmd
    spi.o(.text) refers to stm32f10x_gpio.o(.text) for GPIO_Init
    spi.o(.text) refers to stm32f10x_spi.o(.text) for SPI_Init
    cmd.o(.text) refers to tcp.o(.text) for tcp_recved
    cmd.o(.text) refers to pbuf.o(.text) for pbuf_free
    cmd.o(.text) refers to strcmp.o(.text) for strcmp
    cmd.o(.text) refers to strcpy.o(.text) for strcpy
    cmd.o(.text) refers to stm32f10x_gpio.o(.text) for GPIO_ResetBits
    cmd.o(.text) refers to tcp_out.o(.text) for tcp_write
    cmd.o(.text) refers to mem.o(.text) for mem_free
    cmd.o(.text) refers to cmd.o(.bss) for r_msg
    cmd.o(.text) refers to ip_addr.o(.constdata) for ip_addr_any
    httpd.o(.text) refers to strncmp.o(.text) for strncmp
    httpd.o(.text) refers to tcp_out.o(.text) for tcp_write
    httpd.o(.text) refers to strstr.o(.text) for strstr
    httpd.o(.text) refers to strchr.o(.text) for strchr
    httpd.o(.text) refers to strcmp.o(.text) for strcmp
    httpd.o(.text) refers to stm32f10x_gpio.o(.text) for GPIO_ResetBits
    httpd.o(.text) refers to pbuf.o(.text) for pbuf_free
    httpd.o(.text) refers to tcp.o(.text) for tcp_close
    httpd.o(.text) refers to httpd.o(.constdata) for http_html_hdr
    httpd.o(.text) refers to ip_addr.o(.constdata) for ip_addr_any
    netconfig.o(.text) refers to init.o(.text) for lwip_init
    netconfig.o(.text) refers to bsp_usart1.o(.text) for USART1_Config
    netconfig.o(.text) refers to inet.o(.text) for htonl
    netconfig.o(.text) refers to netif.o(.text) for netif_add
    netconfig.o(.text) refers to ethernetif.o(.text) for ethernetif_input
    netconfig.o(.text) refers to tcp.o(.text) for tcp_tmr
    netconfig.o(.text) refers to etharp.o(.text) for etharp_tmr
[...]
    dadd.o(.text) refers to depilogue.o(.text) for _double_epilogue
    dmul.o(.text) refers to depilogue.o(.text) for _double_epilogue
    ddiv.o(.text) refers to depilogue.o(.text) for _double_round
    dfixul.o(.text) refers to llushr.o(.text) for __aeabi_llsr
    dfixul.o(.text) refers to llshl.o(.text) for __aeabi_llsl
    init.o(.text) refers to entry5.o(.ARM.Collect$$$$00000004) for __main_after_scatterload
    depilogue.o(.text) refers to llshl.o(.text) for __aeabi_llsl
    depilogue.o(.text) refers to llushr.o(.text) for __aeabi_llsr


==============================================================================

Removing Unused input sections from the image.

    Removing startup_stm32f10x_hd.o(HEAP), (512 bytes).
    Removing misc.o(.text), (220 bytes).
    Removing stm32f10x_adc.o(.text), (1102 bytes).
    Removing stm32f10x_bkp.o(.text), (196 bytes).
    Removing stm32f10x_can.o(.text), (2544 bytes).
    Removing stm32f10x_cec.o(.text), (288 bytes).
    Removing stm32f10x_crc.o(.text), (72 bytes).
    Removing stm32f10x_dac.o(.text), (396 bytes).
    Removing stm32f10x_dbgmcu.o(.text), (48 bytes).
    Removing stm32f10x_dma.o(.text), (596 bytes).
    Removing stm32f10x_exti.o(.text), (284 bytes).
    Removing stm32f10x_flash.o(.text), (1468 bytes).
    Removing stm32f10x_fsmc.o(.text), (1548 bytes).
    Removing stm32f10x_i2c.o(.text), (1028 bytes).
    Removing stm32f10x_iwdg.o(.text), (64 bytes).
    Removing stm32f10x_pwr.o(.text), (204 bytes).
    Removing stm32f10x_rtc.o(.text), (328 bytes).
    Removing stm32f10x_sdio.o(.text), (468 bytes).
    Removing stm32f10x_tim.o(.text), (3610 bytes).
    Removing stm32f10x_wwdg.o(.text), (136 bytes).
    Removing core_cm3.o(.emb_text), (32 bytes).
    Removing err.o(.text), (16 bytes).
    Removing err.o(.conststring), (271 bytes).
    Removing err.o(.data), (60 bytes).
    Removing memp.o(.conststring), (98 bytes).
    Removing memp.o(.data), (36 bytes).

26 unused section(s) (total 15625 bytes) removed from the image.

==============================================================================

Image Symbol Table

    Local Symbols

    Symbol Name                              Value     Ov Type        Size  Object(Section)

    ../clib/microlib/division.c              0x00000000   Number         0  uidiv.o ABSOLUTE
    ../clib/microlib/division.c              0x00000000   Number         0  uldiv.o ABSOLUTE
    ../clib/microlib/init/entry.s            0x00000000   Number         0  entry11a.o ABSOLUTE
    ../clib/microlib/init/entry.s            0x00000000   Number         0  entry7b.o ABSOLUTE
    ../clib/microlib/init/entry.s            0x00000000   Number         0  entry7a.o ABSOLUTE
    ../clib/microlib/init/entry.s            0x00000000   Number         0  entry5.o ABSOLUTE
    ../clib/microlib/init/entry.s            0x00000000   Number         0  entry2.o ABSOLUTE
    ../clib/microlib/init/entry.s            0x00000000   Number         0  entry8a.o ABSOLUTE
    ../clib/microlib/init/entry.s            0x00000000   Number         0  entry11b.o ABSOLUTE
    ../clib/microlib/init/entry.s            0x00000000   Number         0  entry10b.o ABSOLUTE
    ../clib/microlib/init/entry.s            0x00000000   Number         0  entry.o ABSOLUTE
    ../clib/microlib/init/entry.s            0x00000000   Number         0  entry10a.o ABSOLUTE
    ../clib/microlib/init/entry.s            0x00000000   Number         0  entry9b.o ABSOLUTE
    ../clib/microlib/init/entry.s            0x00000000   Number         0  entry9a.o ABSOLUTE
    ../clib/microlib/init/entry.s            0x00000000   Number         0  entry8b.o ABSOLUTE
    ../clib/microlib/longlong.c              0x00000000   Number         0  llshl.o ABSOLUTE
    ../clib/microlib/longlong.c              0x00000000   Number         0  llushr.o ABSOLUTE
    ../clib/microlib/longlong.c              0x00000000   Number         0  llsshr.o ABSOLUTE
    ../clib/microlib/printf/printf.c         0x00000000   Number         0  printf7.o ABSOLUTE
    ../clib/microlib/printf/printf.c         0x00000000   Number         0  printfa.o ABSOLUTE
    ../clib/microlib/printf/printf.c         0x00000000   Number         0  printf8.o ABSOLUTE
    ../clib/microlib/printf/printf.c         0x00000000   Number         0  printf5.o ABSOLUTE
    ../clib/microlib/printf/printf.c         0x00000000   Number         0  printf4.o ABSOLUTE
    ../clib/microlib/printf/printf.c         0x00000000   Number         0  printf3.o ABSOLUTE
    ../clib/microlib/printf/printf.c         0x00000000   Number         0  printf2.o ABSOLUTE
    ../clib/microlib/printf/printf.c         0x00000000   Number         0  printf0.o ABSOLUTE
    ../clib/microlib/printf/printf.c         0x00000000   Number         0  printf1.o ABSOLUTE
    ../clib/microlib/printf/printf.c         0x00000000   Number         0  printf6.o ABSOLUTE
    ../clib/microlib/printf/printf.c         0x00000000   Number         0  printfb.o ABSOLUTE
    ../clib/microlib/printf/stubs.s          0x00000000   Number         0  stubs.o ABSOLUTE
    ../clib/microlib/stdio/streams.c         0x00000000   Number         0  stdout.o ABSOLUTE
    ../clib/microlib/string/memcpy.c         0x00000000   Number         0  memcpya.o ABSOLUTE
    ../clib/microlib/string/memcpy.c         0x00000000   Number         0  memcpyb.o ABSOLUTE
    ../clib/microlib/string/memset.c         0x00000000   Number         0  memseta.o ABSOLUTE
    ../clib/microlib/string/strchr.c         0x00000000   Number         0  strchr.o ABSOLUTE
    ../clib/microlib/string/strcmp.c         0x00000000   Number         0  strcmp.o ABSOLUTE
    ../clib/microlib/string/strcpy.c         0x00000000   Number         0  strcpy.o ABSOLUTE
    ../clib/microlib/string/strncmp.c        0x00000000   Number         0  strncmp.o ABSOLUTE
    ../clib/microlib/string/strstr.c         0x00000000   Number         0  strstr.o ABSOLUTE
    ../clib/microlib/stubs.s                 0x00000000   Number         0  iusefp.o ABSOLUTE
    ../fplib/microlib/fpadd.c                0x00000000   Number         0  dadd.o ABSOLUTE
    ../fplib/microlib/fpdiv.c                0x00000000   Number         0  ddiv.o ABSOLUTE
    ../fplib/microlib/fpepilogue.c           0x00000000   Number         0  depilogue.o ABSOLUTE
    ../fplib/microlib/fpfix.c                0x00000000   Number         0  dfixul.o ABSOLUTE
    ../fplib/microlib/fpmul.c                0x00000000   Number         0  dmul.o ABSOLUTE
    ..\..\LWIP\lwip-1.3.2\src\api\api_lib.c  0x00000000   Number         0  api_lib.o ABSOLUTE
    ..\..\LWIP\lwip-1.3.2\src\api\api_msg.c  0x00000000   Number         0  api_msg.o ABSOLUTE
    ..\..\LWIP\lwip-1.3.2\src\api\err.c      0x00000000   Number         0  err.o ABSOLUTE
    ..\..\LWIP\lwip-1.3.2\src\api\netbuf.c   0x00000000   Number         0  netbuf.o ABSOLUTE
    ..\..\LWIP\lwip-1.3.2\src\api\netdb.c    0x00000000   Number         0  netdb.o ABSOLUTE
    ..\..\LWIP\lwip-1.3.2\src\api\netifapi.c 0x00000000   Number         0  netifapi.o ABSOLUTE
    ..\..\LWIP\lwip-1.3.2\src\api\sockets.c  0x00000000   Number         0  sockets.o ABSOLUTE
    ..\..\LWIP\lwip-1.3.2\src\api\tcpip.c    0x00000000   Number         0  tcpip.o ABSOLUTE
    ..\..\LWIP\lwip-1.3.2\src\core\dhcp.c    0x00000000   Number         0  dhcp.o ABSOLUTE
    ..\..\LWIP\lwip-1.3.2\src\core\dns.c     0x00000000   Number         0  dns.o ABSOLUTE
    ..\..\LWIP\lwip-1.3.2\src\core\init.c    0x00000000   Number         0  init.o ABSOLUTE
    ..\..\LWIP\lwip-1.3.2\src\core\ipv4\autoip.c 0x00000000   Number         0  autoip.o ABSOLUTE
    ..\..\LWIP\lwip-1.3.2\src\core\ipv4\icmp.c 0x00000000   Number         0  icmp.o ABSOLUTE
    ..\..\LWIP\lwip-1.3.2\src\core\ipv4\igmp.c 0x00000000   Number         0  igmp.o ABSOLUTE
    ..\..\LWIP\lwip-1.3.2\src\core\ipv4\inet.c 0x00000000   Number         0  inet.o ABSOLUTE
    ..\..\LWIP\lwip-1.3.2\src\core\ipv4\inet_chksum.c 0x00000000   Number         0  inet_chksum.o ABSOLUTE
    ..\..\LWIP\lwip-1.3.2\src\core\ipv4\ip.c 0x00000000   Number         0  ip.o ABSOLUTE
    ..\..\LWIP\lwip-1.3.2\src\core\ipv4\ip_addr.c 0x00000000   Number         0  ip_addr.o ABSOLUTE
    ..\..\LWIP\lwip-1.3.2\src\core\ipv4\ip_frag.c 0x00000000   Number         0  ip_frag.o ABSOLUTE
    ..\..\LWIP\lwip-1.3.2\src\core\mem.c     0x00000000   Number         0  mem.o ABSOLUTE
    ..\..\LWIP\lwip-1.3.2\src\core\memp.c    0x00000000   Number         0  memp.o ABSOLUTE
    ..\..\LWIP\lwip-1.3.2\src\core\netif.c   0x00000000   Number         0  netif.o ABSOLUTE
    ..\..\LWIP\lwip-1.3.2\src\core\pbuf.c    0x00000000   Number         0  pbuf.o ABSOLUTE
    ..\..\LWIP\lwip-1.3.2\src\core\raw.c     0x00000000   Number         0  raw.o ABSOLUTE
    ..\..\LWIP\lwip-1.3.2\src\core\snmp\asn1_dec.c 0x00000000   Number         0  asn1_dec.o ABSOLUTE
    ..\..\LWIP\lwip-1.3.2\src\core\snmp\asn1_enc.c 0x00000000   Number         0  asn1_enc.o ABSOLUTE
    ..\..\LWIP\lwip-1.3.2\src\core\snmp\mib2.c 0x00000000   Number         0  mib2.o ABSOLUTE
    ..\..\LWIP\lwip-1.3.2\src\core\snmp\mib_structs.c 0x00000000   Number         0  mib_structs.o ABSOLUTE
    ..\..\LWIP\lwip-1.3.2\src\core\snmp\msg_in.c 0x00000000   Number         0  msg_in.o ABSOLUTE
    ..\..\LWIP\lwip-1.3.2\src\core\snmp\msg_out.c 0x00000000   Number         0  msg_out.o ABSOLUTE
    ..\..\LWIP\lwip-1.3.2\src\core\stats.c   0x00000000   Number         0  stats.o ABSOLUTE
    ..\..\LWIP\lwip-1.3.2\src\core\sys.c     0x00000000   Number         0  sys.o ABSOLUTE
    ..\..\LWIP\lwip-1.3.2\src\core\tcp.c     0x00000000   Number         0  tcp.o ABSOLUTE
    ..\..\LWIP\lwip-1.3.2\src\core\tcp_in.c  0x00000000   Number         0  tcp_in.o ABSOLUTE
    ..\..\LWIP\lwip-1.3.2\src\core\tcp_out.c 0x00000000   Number         0  tcp_out.o ABSOLUTE
    ..\..\LWIP\lwip-1.3.2\src\core\udp.c     0x00000000   Number         0  udp.o ABSOLUTE
    ..\..\LWIP\lwip-1.3.2\src\netif\etharp.c 0x00000000   Number         0  etharp.o ABSOLUTE
    ..\..\LWIP\lwip-1.3.2\src\netif\ethernetif.c 0x00000000   Number         0  ethernetif.o ABSOLUTE
    ..\..\LWIP\lwip-1.3.2\src\netif\loopif.c 0x00000000   Number         0  loopif.o ABSOLUTE
    ..\..\LWIP\lwip-1.3.2\src\netif\slipif.c 0x00000000   Number         0  slipif.o ABSOLUTE
    ..\..\Libraries\CMSIS\core_cm3.c         0x00000000   Number         0  core_cm3.o ABSOLUTE
    ..\..\Libraries\CMSIS\startup\startup_stm32f10x_hd.s 0x00000000   Number         0  startup_stm32f10x_hd.o ABSOLUTE
    ..\..\Libraries\CMSIS\system_stm32f10x.c 0x00000000   Number         0  system_stm32f10x.o ABSOLUTE
    ..\..\Libraries\FWlib\src\misc.c         0x00000000   Number         0  misc.o ABSOLUTE
    ..\..\Libraries\FWlib\src\stm32f10x_adc.c 0x00000000   Number         0  stm32f10x_adc.o ABSOLUTE
    ..\..\Libraries\FWlib\src\stm32f10x_bkp.c 0x00000000   Number         0  stm32f10x_bkp.o ABSOLUTE
    ..\..\Libraries\FWlib\src\stm32f10x_can.c 0x00000000   Number         0  stm32f10x_can.o ABSOLUTE
    ..\..\Libraries\FWlib\src\stm32f10x_cec.c 0x00000000   Number         0  stm32f10x_cec.o ABSOLUTE
    ..\..\Libraries\FWlib\src\stm32f10x_crc.c 0x00000000   Number         0  stm32f10x_crc.o ABSOLUTE
    ..\..\Libraries\FWlib\src\stm32f10x_dac.c 0x00000000   Number         0  stm32f10x_dac.o ABSOLUTE
    ..\..\Libraries\FWlib\src\stm32f10x_dbgmcu.c 0x00000000   Number         0  stm32f10x_dbgmcu.o ABSOLUTE
    ..\..\Libraries\FWlib\src\stm32f10x_dma.c 0x00000000   Number         0  stm32f10x_dma.o ABSOLUTE
    ..\..\Libraries\FWlib\src\stm32f10x_exti.c 0x00000000   Number         0  stm32f10x_exti.o ABSOLUTE
    ..\..\Libraries\FWlib\src\stm32f10x_flash.c 0x00000000   Number         0  stm32f10x_flash.o ABSOLUTE
    ..\..\Libraries\FWlib\src\stm32f10x_fsmc.c 0x00000000   Number         0  stm32f10x_fsmc.o ABSOLUTE
    ..\..\Libraries\FWlib\src\stm32f10x_gpio.c 0x00000000   Number         0  stm32f10x_gpio.o ABSOLUTE
    ..\..\Libraries\FWlib\src\stm32f10x_i2c.c 0x00000000   Number         0  stm32f10x_i2c.o ABSOLUTE
    ..\..\Libraries\FWlib\src\stm32f10x_iwdg.c 0x00000000   Number         0  stm32f10x_iwdg.o ABSOLUTE
    ..\..\Libraries\FWlib\src\stm32f10x_pwr.c 0x00000000   Number         0  stm32f10x_pwr.o ABSOLUTE
    ..\..\Libraries\FWlib\src\stm32f10x_rcc.c 0x00000000   Number         0  stm32f10x_rcc.o ABSOLUTE
    ..\..\Libraries\FWlib\src\stm32f10x_rtc.c 0x00000000   Number         0  stm32f10x_rtc.o ABSOLUTE
    ..\..\Libraries\FWlib\src\stm32f10x_sdio.c 0x00000000   Number         0  stm32f10x_sdio.o ABSOLUTE
    ..\..\Libraries\FWlib\src\stm32f10x_spi.c 0x00000000   Number         0  stm32f10x_spi.o ABSOLUTE
    ..\..\Libraries\FWlib\src\stm32f10x_tim.c 0x00000000   Number         0  stm32f10x_tim.o ABSOLUTE
    ..\..\Libraries\FWlib\src\stm32f10x_usart.c 0x00000000   Number         0  stm32f10x_usart.o ABSOLUTE
    ..\..\Libraries\FWlib\src\stm32f10x_wwdg.c 0x00000000   Number         0  stm32f10x_wwdg.o ABSOLUTE
    ..\..\User\app\cmd.c                     0x00000000   Number         0  cmd.o ABSOLUTE
    ..\..\User\app\httpd.c                   0x00000000   Number         0  httpd.o ABSOLUTE
    ..\..\User\app\netconfig.c               0x00000000   Number         0  netconfig.o ABSOLUTE
    ..\..\User\enc28j60\ENC28J60.C           0x00000000   Number         0  enc28j60.o ABSOLUTE
    ..\..\User\enc28j60\SPI.C                0x00000000   Number         0  spi.o ABSOLUTE
    ..\..\User\led\bsp_led.c                 0x00000000   Number         0  bsp_led.o ABSOLUTE
    ..\..\User\main.c                        0x00000000   Number         0  main.o ABSOLUTE
    ..\..\User\stm32f10x_it.c                0x00000000   Number         0  stm32f10x_it.o ABSOLUTE
    ..\..\User\systick\bsp_SysTick.c         0x00000000   Number         0  bsp_systick.o ABSOLUTE
    ..\..\User\usart1\bsp_usart1.c           0x00000000   Number         0  bsp_usart1.o ABSOLUTE
    ..\\..\\Libraries\\CMSIS\\core_cm3.c     0x00000000   Number         0  core_cm3.o ABSOLUTE
    cdrcmple.s                               0x00000000   Number         0  cdrcmple.o ABSOLUTE
    dc.s                                     0x00000000   Number         0  dc.o ABSOLUTE
    handlers.s                               0x00000000   Number         0  handlers.o ABSOLUTE
    init.s                                   0x00000000   Number         0  init.o ABSOLUTE
    RESET                                    0x08000000   Section      304  startup_stm32f10x_hd.o(RESET)
    .ARM.Collect$$$$00000000                 0x08000130   Section        0  entry.o(.ARM.Collect$$$$00000000)
    .ARM.Collect$$$$00000001                 0x08000130   Section        4  entry2.o(.ARM.Collect$$$$00000001)
    .ARM.Collect$$$$00000004                 0x08000134   Section        4  entry5.o(.ARM.Collect$$$$00000004)
    .ARM.Collect$$$$00000008                 0x08000138   Section        0  entry7b.o(.ARM.Collect$$$$00000008)
    .ARM.Collect$$$$0000000A                 0x08000138   Section        0  entry8b.o(.ARM.Collect$$$$0000000A)
    .ARM.Collect$$$$0000000B                 0x08000138   Section        8  entry9a.o(.ARM.Collect$$$$0000000B)
    .ARM.Collect$$$$0000000D                 0x08000140   Section        0  entry10a.o(.ARM.Collect$$$$0000000D)
    .ARM.Collect$$$$0000000F                 0x08000140   Section        0  entry11a.o(.ARM.Collect$$$$0000000F)
    .ARM.Collect$$$$00002712                 0x08000140   Section        4  entry2.o(.ARM.Collect$$$$00002712)
    __lit__00000000                          0x08000140   Data           4  entry2.o(.ARM.Collect$$$$00002712)
    .text                                    0x08000144   Section       36  startup_stm32f10x_hd.o(.text)
    .text                                    0x08000168   Section        0  main.o(.text)
    .text                                    0x080001f8   Section        0  stm32f10x_it.o(.text)
    .text                                    0x08000240   Section        0  bsp_led.o(.text)
    .text                                    0x080002a0   Section        0  bsp_systick.o(.text)
    .text                                    0x08000350   Section        0  bsp_usart1.o(.text)
    .text                                    0x08000404   Section        0  stm32f10x_gpio.o(.text)
    .text                                    0x08000760   Section        0  stm32f10x_rcc.o(.text)
    .text                                    0x08000b04   Section        0  stm32f10x_spi.o(.text)
    .text                                    0x08000e10   Section        0  stm32f10x_usart.o(.text)
    .text                                    0x08001218   Section        0  system_stm32f10x.o(.text)
    SetSysClockTo72                          0x08001219   Thumb Code   214  system_stm32f10x.o(.text)
    SetSysClock                              0x080012ef   Thumb Code     8  system_stm32f10x.o(.text)
    .text                                    0x080013f8   Section        0  enc28j60.o(.text)
    .text                                    0x08001804   Section        0  spi.o(.text)
    .text                                    0x080018d4   Section        0  cmd.o(.text)
    CMD_recv                                 0x080018d5   Thumb Code   518  cmd.o(.text)
    CMD_conn_err                             0x08001adb   Thumb Code    16  cmd.o(.text)
    CMD_accept                               0x08001aeb   Thumb Code    62  cmd.o(.text)
    .text                                    0x08001c4c   Section        0  httpd.o(.text)
    http_recv                                0x08001c4d   Thumb Code   350  httpd.o(.text)
    http_accept                              0x08001dab   Thumb Code    28  httpd.o(.text)
    .text                                    0x08001e6c   Section        0  netconfig.o(.text)
    .text                                    0x08001f30   Section        0  init.o(.text)
    lwip_sanity_check                        0x08001f31   Thumb Code     2  init.o(.text)
    .text                                    0x08001f44   Section        0  mem.o(.text)
    plug_holes                               0x08001f45   Thumb Code   218  mem.o(.text)
    .text                                    0x080026d4   Section        0  memp.o(.text)
    .text                                    0x08002948   Section        0  netif.o(.text)
    .text                                    0x08002b8c   Section        0  pbuf.o(.text)
    .text                                    0x080039ec   Section        0  raw.o(.text)
    .text                                    0x08003c28   Section        0  tcp.o(.text)
    tcp_new_port                             0x0800467d   Thumb Code   104  tcp.o(.text)
    tcp_accept_null                          0x080047e5   Thumb Code     8  tcp.o(.text)
    tcp_kill_prio                            0x08004a31   Thumb Code   252  tcp.o(.text)
    tcp_kill_timewait                        0x08004b2d   Thumb Code    56  tcp.o(.text)
    .text                                    0x08004c84   Section        0  tcp_in.o(.text)
    tcp_receive                              0x08004c85   Thumb Code  2092  tcp_in.o(.text)
    tcp_parseopt                             0x080054b1   Thumb Code   388  tcp_in.o(.text)
    tcp_process                              0x08005635   Thumb Code  1584  tcp_in.o(.text)
    tcp_listen_input                         0x08005c65   Thumb Code   306  tcp_in.o(.text)
    tcp_timewait_input                       0x08005d97   Thumb Code   150  tcp_in.o(.text)
    .text                                    0x08006588   Section        0  tcp_out.o(.text)
    tcp_output_set_header                    0x08006589   Thumb Code   138  tcp_out.o(.text)
    tcp_output_segment                       0x08006de7   Thumb Code   238  tcp_out.o(.text)
    .text                                    0x08007504   Section        0  udp.o(.text)
    .text                                    0x08007b5c   Section        0  icmp.o(.text)
    icmp_send_response                       0x08007e1b   Thumb Code   170  icmp.o(.text)
    .text                                    0x08008058   Section        0  inet.o(.text)
    .text                                    0x08008274   Section        0  inet_chksum.o(.text)
    lwip_standard_chksum                     0x08008275   Thumb Code    74  inet_chksum.o(.text)
    .text                                    0x080083d4   Section        0  ip.o(.text)
    .text                                    0x080088e0   Section        0  ip_addr.o(.text)
    .text                                    0x08008930   Section        0  ip_frag.o(.text)
    ip_reass_dequeue_datagram                0x08008931   Thumb Code    62  ip_frag.o(.text)
    ip_reass_free_complete_datagram          0x0800896f   Thumb Code   204  ip_frag.o(.text)
    ip_reass_remove_oldest_datagram          0x08008a73   Thumb Code   118  ip_frag.o(.text)
    ip_reass_enqueue_new_datagram            0x08008ae9   Thumb Code    96  ip_frag.o(.text)
    ip_reass_chain_frag_into_datagram_and_validate 0x08008b49   Thumb Code   846  ip_frag.o(.text)
    .text                                    0x0800921c   Section        0  etharp.o(.text)
    free_etharp_q                            0x0800921d   Thumb Code   100  etharp.o(.text)
    find_entry                               0x08009327   Thumb Code   574  etharp.o(.text)
    etharp_send_ip                           0x08009565   Thumb Code   284  etharp.o(.text)
    update_arp_entry                         0x08009681   Thumb Code   278  etharp.o(.text)
    etharp_raw                               0x08009a05   Thumb Code   392  etharp.o(.text)
    .text                                    0x08009fa4   Section        0  ethernetif.o(.text)
    low_level_init                           0x08009fa5   Thumb Code    86  ethernetif.o(.text)
    low_level_output                         0x08009ffb   Thumb Code    52  ethernetif.o(.text)
    low_level_input                          0x0800a02f   Thumb Code    86  ethernetif.o(.text)
    .text                                    0x0800a108   Section        0  memcpya.o(.text)
    .text                                    0x0800a12c   Section        0  memseta.o(.text)
    .text                                    0x0800a150   Section        0  strstr.o(.text)
    .text                                    0x0800a174   Section        0  strchr.o(.text)
    .text                                    0x0800a188   Section        0  strcmp.o(.text)
    .text                                    0x0800a1a4   Section        0  strcpy.o(.text)
    .text                                    0x0800a1b6   Section        0  strncmp.o(.text)
    .text                                    0x0800a1d4   Section        0  uidiv.o(.text)
    .text                                    0x0800a200   Section        0  uldiv.o(.text)
    .text                                    0x0800a262   Section        0  dadd.o(.text)
    .text                                    0x0800a262   Section        0  iusefp.o(.text)
    .text                                    0x0800a3b0   Section        0  dmul.o(.text)
    .text                                    0x0800a494   Section        0  ddiv.o(.text)
    .text                                    0x0800a572   Section        0  dfixul.o(.text)
    .text                                    0x0800a5a4   Section       48  cdrcmple.o(.text)
    .text                                    0x0800a5d4   Section       36  init.o(.text)
    .text                                    0x0800a5f8   Section        0  llshl.o(.text)
    .text                                    0x0800a616   Section        0  llushr.o(.text)
    .text                                    0x0800a636   Section        0  llsshr.o(.text)
    .text                                    0x0800a65a   Section        0  depilogue.o(.text)
    i.__0printf                              0x0800a714   Section        0  printfa.o(i.__0printf)
    i.__scatterload_copy                     0x0800a734   Section       14  handlers.o(i.__scatterload_copy)
    i.__scatterload_null                     0x0800a742   Section        2  handlers.o(i.__scatterload_null)
    i.__scatterload_zeroinit                 0x0800a744   Section       14  handlers.o(i.__scatterload_zeroinit)
    i._fp_digits                             0x0800a754   Section        0  printfa.o(i._fp_digits)
    _fp_digits                               0x0800a755   Thumb Code   334  printfa.o(i._fp_digits)
    i._printf_core                           0x0800a8b8   Section        0  printfa.o(i._printf_core)
    _printf_core                             0x0800a8b9   Thumb Code  1744  printfa.o(i._printf_core)
    i._printf_post_padding                   0x0800af94   Section        0  printfa.o(i._printf_post_padding)
    _printf_post_padding                     0x0800af95   Thumb Code    36  printfa.o(i._printf_post_padding)
    i._printf_pre_padding                    0x0800afb8   Section        0  printfa.o(i._printf_pre_padding)
    _printf_pre_padding                      0x0800afb9   Thumb Code    46  printfa.o(i._printf_pre_padding)
    .constdata                               0x0800afe6   Section     2309  httpd.o(.constdata)
    http_html_hdr                            0x0800afe6   Data          45  httpd.o(.constdata)
    login                                    0x0800b013   Data         584  httpd.o(.constdata)
    led_ctrl_on                              0x0800b25b   Data         831  httpd.o(.constdata)
    led_ctrl_off                             0x0800b59a   Data         849  httpd.o(.constdata)
    .constdata                               0x0800b8ec   Section       36  memp.o(.constdata)
    memp_sizes                               0x0800b8ec   Data          18  memp.o(.constdata)
    memp_num                                 0x0800b8fe   Data          18  memp.o(.constdata)
    .constdata                               0x0800b910   Section       20  tcp.o(.constdata)
    .constdata                               0x0800b924   Section        8  ip_addr.o(.constdata)
    .constdata                               0x0800b92c   Section       12  etharp.o(.constdata)
    .conststring                             0x0800b938   Section      117  tcp.o(.conststring)
    .conststring                             0x0800b9b0   Section       81  tcp_out.o(.conststring)
    .conststring                             0x0800ba04   Section       68  etharp.o(.conststring)
    .data                                    0x20000000   Section        4  main.o(.data)
    .data                                    0x20000004   Section        4  bsp_systick.o(.data)
    TimingDelay                              0x20000004   Data           4  bsp_systick.o(.data)
    .data                                    0x20000008   Section       20  stm32f10x_rcc.o(.data)
    APBAHBPrescTable                         0x20000008   Data          16  stm32f10x_rcc.o(.data)
    ADCPrescTable                            0x20000018   Data           4  stm32f10x_rcc.o(.data)
    .data                                    0x2000001c   Section       20  system_stm32f10x.o(.data)
    .data                                    0x20000030   Section        4  enc28j60.o(.data)
    Enc28j60Bank                             0x20000030   Data           1  enc28j60.o(.data)
    NextPacketPtr                            0x20000032   Data           2  enc28j60.o(.data)
    .data                                    0x20000034   Section       26  netconfig.o(.data)
    .data                                    0x20000050   Section       13  mem.o(.data)
    ram                                      0x20000050   Data           4  mem.o(.data)
    ram_end                                  0x20000054   Data           4  mem.o(.data)
    lfree                                    0x20000058   Data           4  mem.o(.data)
    mem_sem                                  0x2000005c   Data           1  mem.o(.data)
    .data                                    0x20000060   Section        9  netif.o(.data)
    netifnum                                 0x20000068   Data           1  netif.o(.data)
    .data                                    0x2000006c   Section        4  raw.o(.data)
    raw_pcbs                                 0x2000006c   Data           4  raw.o(.data)
    .data                                    0x20000070   Section       76  tcp.o(.data)
    tcp_timer                                0x200000b4   Data           1  tcp.o(.data)
    port                                     0x200000b6   Data           2  tcp.o(.data)
    iss                                      0x200000b8   Data           4  tcp.o(.data)
    .data                                    0x200000bc   Section       32  tcp_in.o(.data)
    tcphdr                                   0x200000bc   Data           4  tcp_in.o(.data)
    iphdr                                    0x200000c0   Data           4  tcp_in.o(.data)
    seqno                                    0x200000c4   Data           4  tcp_in.o(.data)
    ackno                                    0x200000c8   Data           4  tcp_in.o(.data)
    flags                                    0x200000cc   Data           1  tcp_in.o(.data)
    tcplen                                   0x200000ce   Data           2  tcp_in.o(.data)
    recv_flags                               0x200000d0   Data           1  tcp_in.o(.data)
    recv_data                                0x200000d4   Data           4  tcp_in.o(.data)
    .data                                    0x200000dc   Section        4  udp.o(.data)
    .data                                    0x200000e0   Section       10  ip.o(.data)
    ip_id                                    0x200000e8   Data           2  ip.o(.data)
    .data                                    0x200000ec   Section        6  ip_frag.o(.data)
    reassdatagrams                           0x200000ec   Data           4  ip_frag.o(.data)
    ip_reass_pbufcount                       0x200000f0   Data           2  ip_frag.o(.data)
    .data                                    0x200000f2   Section        1  etharp.o(.data)
    etharp_cached_entry                      0x200000f2   Data           1  etharp.o(.data)
    .data                                    0x200000f4   Section        4  stdout.o(.data)
    .bss                                     0x200000f8   Section       45  cmd.o(.bss)
    .bss                                     0x20000128   Section       48  netconfig.o(.bss)
    .bss                                     0x20000158   Section     4116  mem.o(.bss)
    ram_heap                                 0x20000158   Data        4116  mem.o(.bss)
    .bss                                     0x2000116c   Section    18095  memp.o(.bss)
    memp_tab                                 0x2000116c   Data          36  memp.o(.bss)
    memp_memory                              0x20001190   Data       18059  memp.o(.bss)
    .bss                                     0x2000581c   Section      268  stats.o(.bss)
    .bss                                     0x20005928   Section       20  tcp_in.o(.bss)
    inseg                                    0x20005928   Data          20  tcp_in.o(.bss)
    .bss                                     0x2000593c   Section       16  inet.o(.bss)
    str                                      0x2000593c   Data          16  inet.o(.bss)
    .bss                                     0x2000594c   Section     1504  ip_frag.o(.bss)
    buf                                      0x2000594c   Data        1504  ip_frag.o(.bss)
    .bss                                     0x20005f2c   Section      200  etharp.o(.bss)
    arp_table                                0x20005f2c   Data         200  etharp.o(.bss)
    .bss                                     0x20005ff4   Section     9081  ethernetif.o(.bss)
    STACK                                    0x20008370   Section     1024  startup_stm32f10x_hd.o(STACK)

    Global Symbols

    Symbol Name                              Value     Ov Type        Size  Object(Section)

    BuildAttributes$$THM_ISAv4$P$D$K$B$S$PE$A:L22UL41UL21$X:L11$S22US41US21$IEEE1$IW$USESV6$~STKCKD$USESV7$~SHL$OSPACE$ROPI$EBA8$MICROLIB$REQ8$PRES8$EABIv2 0x00000000   Number         0  anon$$obj.o ABSOLUTE
    __ARM_use_no_argv                        0x00000000   Number         0  main.o ABSOLUTE
    _printf_a                                0x00000000   Number         0  stubs.o ABSOLUTE
    _printf_c                                0x00000000   Number         0  stubs.o ABSOLUTE
    _printf_charcount                        0x00000000   Number         0  stubs.o ABSOLUTE
    _printf_d                                0x00000000   Number         0  stubs.o ABSOLUTE
    _printf_e                                0x00000000   Number         0  stubs.o ABSOLUTE
    _printf_f                                0x00000000   Number         0  stubs.o ABSOLUTE
    _printf_flags                            0x00000000   Number         0  stubs.o ABSOLUTE
    _printf_fp_dec                           0x00000000   Number         0  stubs.o ABSOLUTE
    _printf_fp_hex                           0x00000000   Number         0  stubs.o ABSOLUTE
    _printf_g                                0x00000000   Number         0  stubs.o ABSOLUTE
    _printf_i                                0x00000000   Number         0  stubs.o ABSOLUTE
    _printf_int_dec                          0x00000000   Number         0  stubs.o ABSOLUTE
    _printf_l                                0x00000000   Number         0  stubs.o ABSOLUTE
    _printf_lc                               0x00000000   Number         0  stubs.o ABSOLUTE
    _printf_ll                               0x00000000   Number         0  stubs.o ABSOLUTE
    _printf_lld                              0x00000000   Number         0  stubs.o ABSOLUTE
    _printf_lli                              0x00000000   Number         0  stubs.o ABSOLUTE
    _printf_llo                              0x00000000   Number         0  stubs.o ABSOLUTE
    _printf_llu                              0x00000000   Number         0  stubs.o ABSOLUTE
    _printf_llx                              0x00000000   Number         0  stubs.o ABSOLUTE
    _printf_longlong_dec                     0x00000000   Number         0  stubs.o ABSOLUTE
    _printf_longlong_hex                     0x00000000   Number         0  stubs.o ABSOLUTE
    _printf_longlong_oct                     0x00000000   Number         0  stubs.o ABSOLUTE
    _printf_ls                               0x00000000   Number         0  stubs.o ABSOLUTE
    _printf_mbtowc                           0x00000000   Number         0  stubs.o ABSOLUTE
    _printf_n                                0x00000000   Number         0  stubs.o ABSOLUTE
    _printf_o                                0x00000000   Number         0  stubs.o ABSOLUTE
    _printf_p                                0x00000000   Number         0  stubs.o ABSOLUTE
    _printf_percent                          0x00000000   Number         0  stubs.o ABSOLUTE
    _printf_pre_padding                      0x00000000   Number         0  stubs.o ABSOLUTE
    _printf_return_value                     0x00000000   Number         0  stubs.o ABSOLUTE
    _printf_s                                0x00000000   Number         0  stubs.o ABSOLUTE
    _printf_sizespec                         0x00000000   Number         0  stubs.o ABSOLUTE
    _printf_str                              0x00000000   Number         0  stubs.o ABSOLUTE
    _printf_truncate_signed                  0x00000000   Number         0  stubs.o ABSOLUTE
    _printf_truncate_unsigned                0x00000000   Number         0  stubs.o ABSOLUTE
    _printf_u                                0x00000000   Number         0  stubs.o ABSOLUTE
    _printf_wc                               0x00000000   Number         0  stubs.o ABSOLUTE
    _printf_wctomb                           0x00000000   Number         0  stubs.o ABSOLUTE
    _printf_widthprec                        0x00000000   Number         0  stubs.o ABSOLUTE
    _printf_x                                0x00000000   Number         0  stubs.o ABSOLUTE
    __cpp_initialize__aeabi_                  - Undefined Weak Reference
    __cxa_finalize                            - Undefined Weak Reference
    __decompress                              - Undefined Weak Reference
    _clock_init                               - Undefined Weak Reference
    _microlib_exit                            - Undefined Weak Reference
    __Vectors_Size                           0x00000130   Number         0  startup_stm32f10x_hd.o ABSOLUTE
    __Vectors                                0x08000000   Data           4  startup_stm32f10x_hd.o(RESET)
    __Vectors_End                            0x08000130   Data           0  startup_stm32f10x_hd.o(RESET)
    __main                                   0x08000131   Thumb Code     0  entry.o(.ARM.Collect$$$$00000000)
    _main_stk                                0x08000131   Thumb Code     0  entry2.o(.ARM.Collect$$$$00000001)
    _main_scatterload                        0x08000135   Thumb Code     0  entry5.o(.ARM.Collect$$$$00000004)
    __main_after_scatterload                 0x08000139   Thumb Code     0  entry5.o(.ARM.Collect$$$$00000004)
    _main_clock                              0x08000139   Thumb Code     0  entry7b.o(.ARM.Collect$$$$00000008)
    _main_cpp_init                           0x08000139   Thumb Code     0  entry8b.o(.ARM.Collect$$$$0000000A)
    _main_init                               0x08000139   Thumb Code     0  entry9a.o(.ARM.Collect$$$$0000000B)
    __rt_final_cpp                           0x08000141   Thumb Code     0  entry10a.o(.ARM.Collect$$$$0000000D)
    __rt_final_exit                          0x08000141   Thumb Code     0  entry11a.o(.ARM.Collect$$$$0000000F)
    Reset_Handler                            0x08000145   Thumb Code     8  startup_stm32f10x_hd.o(.text)
    ADC1_2_IRQHandler                        0x0800015f   Thumb Code     0  startup_stm32f10x_hd.o(.text)
    ADC3_IRQHandler                          0x0800015f   Thumb Code     0  startup_stm32f10x_hd.o(.text)
    CAN1_RX1_IRQHandler                      0x0800015f   Thumb Code     0  startup_stm32f10x_hd.o(.text)
    CAN1_SCE_IRQHandler                      0x0800015f   Thumb Code     0  startup_stm32f10x_hd.o(.text)
    DMA1_Channel1_IRQHandler                 0x0800015f   Thumb Code     0  startup_stm32f10x_hd.o(.text)
    DMA1_Channel2_IRQHandler                 0x0800015f   Thumb Code     0  startup_stm32f10x_hd.o(.text)
    DMA1_Channel3_IRQHandler                 0x0800015f   Thumb Code     0  startup_stm32f10x_hd.o(.text)
    DMA1_Channel4_IRQHandler                 0x0800015f   Thumb Code     0  startup_stm32f10x_hd.o(.text)
    DMA1_Channel5_IRQHandler                 0x0800015f   Thumb Code     0  startup_stm32f10x_hd.o(.text)
    DMA1_Channel6_IRQHandler                 0x0800015f   Thumb Code     0  startup_stm32f10x_hd.o(.text)
    DMA1_Channel7_IRQHandler                 0x0800015f   Thumb Code     0  startup_stm32f10x_hd.o(.text)
    DMA2_Channel1_IRQHandler                 0x0800015f   Thumb Code     0  startup_stm32f10x_hd.o(.text)
    DMA2_Channel2_IRQHandler                 0x0800015f   Thumb Code     0  startup_stm32f10x_hd.o(.text)
    DMA2_Channel3_IRQHandler                 0x0800015f   Thumb Code     0  startup_stm32f10x_hd.o(.text)
    DMA2_Channel4_5_IRQHandler               0x0800015f   Thumb Code     0  startup_stm32f10x_hd.o(.text)
    EXTI0_IRQHandler                         0x0800015f   Thumb Code     0  startup_stm32f10x_hd.o(.text)
    EXTI15_10_IRQHandler                     0x0800015f   Thumb Code     0  startup_stm32f10x_hd.o(.text)
    EXTI1_IRQHandler                         0x0800015f   Thumb Code     0  startup_stm32f10x_hd.o(.text)
    EXTI2_IRQHandler                         0x0800015f   Thumb Code     0  startup_stm32f10x_hd.o(.text)
    EXTI3_IRQHandler                         0x0800015f   Thumb Code     0  startup_stm32f10x_hd.o(.text)
    EXTI4_IRQHandler                         0x0800015f   Thumb Code     0  startup_stm32f10x_hd.o(.text)
    EXTI9_5_IRQHandler                       0x0800015f   Thumb Code     0  startup_stm32f10x_hd.o(.text)
    FLASH_IRQHandler                         0x0800015f   Thumb Code     0  startup_stm32f10x_hd.o(.text)
    FSMC_IRQHandler                          0x0800015f   Thumb Code     0  startup_stm32f10x_hd.o(.text)
    I2C1_ER_IRQHandler                       0x0800015f   Thumb Code     0  startup_stm32f10x_hd.o(.text)
    I2C1_EV_IRQHandler                       0x0800015f   Thumb Code     0  startup_stm32f10x_hd.o(.text)
    I2C2_ER_IRQHandler                       0x0800015f   Thumb Code     0  startup_stm32f10x_hd.o(.text)
    I2C2_EV_IRQHandler                       0x0800015f   Thumb Code     0  startup_stm32f10x_hd.o(.text)
    PVD_IRQHandler                           0x0800015f   Thumb Code     0  startup_stm32f10x_hd.o(.text)
    RCC_IRQHandler                           0x0800015f   Thumb Code     0  startup_stm32f10x_hd.o(.text)
    RTCAlarm_IRQHandler                      0x0800015f   Thumb Code     0  startup_stm32f10x_hd.o(.text)
    RTC_IRQHandler                           0x0800015f   Thumb Code     0  startup_stm32f10x_hd.o(.text)
    SDIO_IRQHandler                          0x0800015f   Thumb Code     0  startup_stm32f10x_hd.o(.text)
    SPI1_IRQHandler                          0x0800015f   Thumb Code     0  startup_stm32f10x_hd.o(.text)
    SPI2_IRQHandler                          0x0800015f   Thumb Code     0  startup_stm32f10x_hd.o(.text)
    SPI3_IRQHandler                          0x0800015f   Thumb Code     0  startup_stm32f10x_hd.o(.text)
    TAMPER_IRQHandler                        0x0800015f   Thumb Code     0  startup_stm32f10x_hd.o(.text)
    TIM1_BRK_IRQHandler                      0x0800015f   Thumb Code     0  startup_stm32f10x_hd.o(.text)
    TIM1_CC_IRQHandler                       0x0800015f   Thumb Code     0  startup_stm32f10x_hd.o(.text)
    TIM1_TRG_COM_IRQHandler                  0x0800015f   Thumb Code     0  startup_stm32f10x_hd.o(.text)
    TIM1_UP_IRQHandler                       0x0800015f   Thumb Code     0  startup_stm32f10x_hd.o(.text)
    TIM2_IRQHandler                          0x0800015f   Thumb Code     0  startup_stm32f10x_hd.o(.text)
    TIM3_IRQHandler                          0x0800015f   Thumb Code     0  startup_stm32f10x_hd.o(.text)
    TIM4_IRQHandler                          0x0800015f   Thumb Code     0  startup_stm32f10x_hd.o(.text)
    TIM5_IRQHandler                          0x0800015f   Thumb Code     0  startup_stm32f10x_hd.o(.text)
    TIM6_IRQHandler                          0x0800015f   Thumb Code     0  startup_stm32f10x_hd.o(.text)
    TIM7_IRQHandler                          0x0800015f   Thumb Code     0  startup_stm32f10x_hd.o(.text)
    TIM8_BRK_IRQHandler                      0x0800015f   Thumb Code     0  startup_stm32f10x_hd.o(.text)
    TIM8_CC_IRQHandler                       0x0800015f   Thumb Code     0  startup_stm32f10x_hd.o(.text)
    TIM8_TRG_COM_IRQHandler                  0x0800015f   Thumb Code     0  startup_stm32f10x_hd.o(.text)
    TIM8_UP_IRQHandler                       0x0800015f   Thumb Code     0  startup_stm32f10x_hd.o(.text)
    UART4_IRQHandler                         0x0800015f   Thumb Code     0  startup_stm32f10x_hd.o(.text)
    UART5_IRQHandler                         0x0800015f   Thumb Code     0  startup_stm32f10x_hd.o(.text)
    USART1_IRQHandler                        0x0800015f   Thumb Code     0  startup_stm32f10x_hd.o(.text)
    USART2_IRQHandler                        0x0800015f   Thumb Code     0  startup_stm32f10x_hd.o(.text)
    USART3_IRQHandler                        0x0800015f   Thumb Code     0  startup_stm32f10x_hd.o(.text)
    USBWakeUp_IRQHandler                     0x0800015f   Thumb Code     0  startup_stm32f10x_hd.o(.text)
    USB_HP_CAN1_TX_IRQHandler                0x0800015f   Thumb Code     0  startup_stm32f10x_hd.o(.text)
    USB_LP_CAN1_RX0_IRQHandler               0x0800015f   Thumb Code     0  startup_stm32f10x_hd.o(.text)
    WWDG_IRQHandler                          0x0800015f   Thumb Code     0  startup_stm32f10x_hd.o(.text)
    main                                     0x08000169   Thumb Code    52  main.o(.text)
    NMI_Handler                              0x080001f9   Thumb Code     2  stm32f10x_it.o(.text)
    HardFault_Handler                        0x080001fb   Thumb Code    10  stm32f10x_it.o(.text)
    MemManage_Handler                        0x08000205   Thumb Code     4  stm32f10x_it.o(.text)
    BusFault_Handler                         0x08000209   Thumb Code     4  stm32f10x_it.o(.text)
    UsageFault_Handler                       0x0800020d   Thumb Code     4  stm32f10x_it.o(.text)
    SVC_Handler                              0x08000211   Thumb Code     2  stm32f10x_it.o(.text)
    DebugMon_Handler                         0x08000213   Thumb Code     2  stm32f10x_it.o(.text)
    PendSV_Handler                           0x08000215   Thumb Code     2  stm32f10x_it.o(.text)
    SysTick_Handler                          0x08000217   Thumb Code     8  stm32f10x_it.o(.text)
    LED_GPIO_Config                          0x08000241   Thumb Code    86  bsp_led.o(.text)
    SysTick_Init                             0x080002a1   Thumb Code   106  bsp_systick.o(.text)
    Delay_us                                 0x0800030b   Thumb Code    36  bsp_systick.o(.text)
    TimingDelay_Decrement                    0x0800032f   Thumb Code    18  bsp_systick.o(.text)
    USART1_Config                            0x08000351   Thumb Code   114  bsp_usart1.o(.text)
    fputc                                    0x080003c3   Thumb Code    32  bsp_usart1.o(.text)
    fgetc                                    0x080003e3   Thumb Code    26  bsp_usart1.o(.text)
    GPIO_DeInit                              0x08000405   Thumb Code   172  stm32f10x_gpio.o(.text)
    GPIO_AFIODeInit                          0x080004b1   Thumb Code    20  stm32f10x_gpio.o(.text)
    GPIO_Init                                0x080004c5   Thumb Code   278  stm32f10x_gpio.o(.text)
    GPIO_StructInit                          0x080005db   Thumb Code    16  stm32f10x_gpio.o(.text)
    GPIO_ReadInputDataBit                    0x080005eb   Thumb Code    18  stm32f10x_gpio.o(.text)
    GPIO_ReadInputData                       0x080005fd   Thumb Code     8  stm32f10x_gpio.o(.text)
    GPIO_ReadOutputDataBit                   0x08000605   Thumb Code    18  stm32f10x_gpio.o(.text)
    GPIO_ReadOutputData                      0x08000617   Thumb Code     8  stm32f10x_gpio.o(.text)
    GPIO_SetBits                             0x0800061f   Thumb Code     4  stm32f10x_gpio.o(.text)
    GPIO_ResetBits                           0x08000623   Thumb Code     4  stm32f10x_gpio.o(.text)
    GPIO_WriteBit                            0x08000627   Thumb Code    10  stm32f10x_gpio.o(.text)
    GPIO_Write                               0x08000631   Thumb Code     4  stm32f10x_gpio.o(.text)
    GPIO_PinLockConfig                       0x08000635   Thumb Code    18  stm32f10x_gpio.o(.text)
    GPIO_EventOutputConfig                   0x08000647   Thumb Code    26  stm32f10x_gpio.o(.text)
    GPIO_EventOutputCmd                      0x08000661   Thumb Code     6  stm32f10x_gpio.o(.text)
    GPIO_PinRemapConfig                      0x08000667   Thumb Code   138  stm32f10x_gpio.o(.text)
    GPIO_EXTILineConfig                      0x080006f1   Thumb Code    66  stm32f10x_gpio.o(.text)
    GPIO_ETH_MediaInterfaceConfig            0x08000733   Thumb Code     8  stm32f10x_gpio.o(.text)
    RCC_DeInit                               0x08000761   Thumb Code    64  stm32f10x_rcc.o(.text)
    RCC_HSEConfig                            0x080007a1   Thumb Code    70  stm32f10x_rcc.o(.text)
    RCC_GetFlagStatus                        0x080007e7   Thumb Code    56  stm32f10x_rcc.o(.text)
    RCC_WaitForHSEStartUp                    0x0800081f   Thumb Code    56  stm32f10x_rcc.o(.text)
    RCC_AdjustHSICalibrationValue            0x08000857   Thumb Code    20  stm32f10x_rcc.o(.text)
    RCC_HSICmd                               0x0800086b   Thumb Code     6  stm32f10x_rcc.o(.text)
    RCC_PLLConfig                            0x08000871   Thumb Code    24  stm32f10x_rcc.o(.text)
    RCC_PLLCmd                               0x08000889   Thumb Code     6  stm32f10x_rcc.o(.text)
    RCC_SYSCLKConfig                         0x0800088f   Thumb Code    18  stm32f10x_rcc.o(.text)
    RCC_GetSYSCLKSource                      0x080008a1   Thumb Code    10  stm32f10x_rcc.o(.text)
    RCC_HCLKConfig                           0x080008ab   Thumb Code    18  stm32f10x_rcc.o(.text)
    RCC_PCLK1Config                          0x080008bd   Thumb Code    18  stm32f10x_rcc.o(.text)
    RCC_PCLK2Config                          0x080008cf   Thumb Code    20  stm32f10x_rcc.o(.text)
    RCC_ITConfig                             0x080008e3   Thumb Code    26  stm32f10x_rcc.o(.text)
    RCC_USBCLKConfig                         0x080008fd   Thumb Code     8  stm32f10x_rcc.o(.text)
    RCC_ADCCLKConfig                         0x08000905   Thumb Code    18  stm32f10x_rcc.o(.text)
    RCC_LSEConfig                            0x08000917   Thumb Code    50  stm32f10x_rcc.o(.text)
    RCC_LSICmd                               0x08000949   Thumb Code     6  stm32f10x_rcc.o(.text)
    RCC_RTCCLKConfig                         0x0800094f   Thumb Code    12  stm32f10x_rcc.o(.text)
    RCC_RTCCLKCmd                            0x0800095b   Thumb Code     8  stm32f10x_rcc.o(.text)
    RCC_GetClocksFreq                        0x08000963   Thumb Code   192  stm32f10x_rcc.o(.text)
    RCC_AHBPeriphClockCmd                    0x08000a23   Thumb Code    26  stm32f10x_rcc.o(.text)
    RCC_APB2PeriphClockCmd                   0x08000a3d   Thumb Code    26  stm32f10x_rcc.o(.text)
    RCC_APB1PeriphClockCmd                   0x08000a57   Thumb Code    26  stm32f10x_rcc.o(.text)
    RCC_APB2PeriphResetCmd                   0x08000a71   Thumb Code    26  stm32f10x_rcc.o(.text)
    RCC_APB1PeriphResetCmd                   0x08000a8b   Thumb Code    26  stm32f10x_rcc.o(.text)
    RCC_BackupResetCmd                       0x08000aa5   Thumb Code     8  stm32f10x_rcc.o(.text)
    RCC_ClockSecuritySystemCmd               0x08000aad   Thumb Code     6  stm32f10x_rcc.o(.text)
    RCC_MCOConfig                            0x08000ab3   Thumb Code     6  stm32f10x_rcc.o(.text)
    RCC_ClearFlag                            0x08000ab9   Thumb Code    14  stm32f10x_rcc.o(.text)
    RCC_GetITStatus                          0x08000ac7   Thumb Code    20  stm32f10x_rcc.o(.text)
    RCC_ClearITPendingBit                    0x08000adb   Thumb Code     6  stm32f10x_rcc.o(.text)
    SPI_I2S_DeInit                           0x08000b05   Thumb Code    76  stm32f10x_spi.o(.text)
    SPI_Init                                 0x08000b51   Thumb Code    60  stm32f10x_spi.o(.text)
    I2S_Init                                 0x08000b8d   Thumb Code   226  stm32f10x_spi.o(.text)
    SPI_StructInit                           0x08000c6f   Thumb Code    24  stm32f10x_spi.o(.text)
    I2S_StructInit                           0x08000c87   Thumb Code    20  stm32f10x_spi.o(.text)
    SPI_Cmd                                  0x08000c9b   Thumb Code    24  stm32f10x_spi.o(.text)
    I2S_Cmd                                  0x08000cb3   Thumb Code    24  stm32f10x_spi.o(.text)
    SPI_I2S_ITConfig                         0x08000ccb   Thumb Code    32  stm32f10x_spi.o(.text)
    SPI_I2S_DMACmd                           0x08000ceb   Thumb Code    18  stm32f10x_spi.o(.text)
    SPI_I2S_SendData                         0x08000cfd   Thumb Code     4  stm32f10x_spi.o(.text)
    SPI_I2S_ReceiveData                      0x08000d01   Thumb Code     6  stm32f10x_spi.o(.text)
    SPI_NSSInternalSoftwareConfig            0x08000d07   Thumb Code    30  stm32f10x_spi.o(.text)
    SPI_SSOutputCmd                          0x08000d25   Thumb Code    24  stm32f10x_spi.o(.text)
    SPI_DataSizeConfig                       0x08000d3d   Thumb Code    18  stm32f10x_spi.o(.text)
    SPI_TransmitCRC                          0x08000d4f   Thumb Code    10  stm32f10x_spi.o(.text)
    SPI_CalculateCRC                         0x08000d59   Thumb Code    24  stm32f10x_spi.o(.text)
    SPI_GetCRC                               0x08000d71   Thumb Code    16  stm32f10x_spi.o(.text)
    SPI_GetCRCPolynomial                     0x08000d81   Thumb Code     6  stm32f10x_spi.o(.text)
    SPI_BiDirectionalLineConfig              0x08000d87   Thumb Code    28  stm32f10x_spi.o(.text)
    SPI_I2S_GetFlagStatus                    0x08000da3   Thumb Code    18  stm32f10x_spi.o(.text)
    SPI_I2S_ClearFlag                        0x08000db5   Thumb Code     6  stm32f10x_spi.o(.text)
    SPI_I2S_GetITStatus                      0x08000dbb   Thumb Code    52  stm32f10x_spi.o(.text)
    SPI_I2S_ClearITPendingBit                0x08000def   Thumb Code    20  stm32f10x_spi.o(.text)
    USART_DeInit                             0x08000e11   Thumb Code   134  stm32f10x_usart.o(.text)
    USART_Init                               0x08000e97   Thumb Code   210  stm32f10x_usart.o(.text)
    USART_StructInit                         0x08000f69   Thumb Code    24  stm32f10x_usart.o(.text)
    USART_ClockInit                          0x08000f81   Thumb Code    34  stm32f10x_usart.o(.text)
    USART_ClockStructInit                    0x08000fa3   Thumb Code    12  stm32f10x_usart.o(.text)
    USART_Cmd                                0x08000faf   Thumb Code    24  stm32f10x_usart.o(.text)
    USART_ITConfig                           0x08000fc7   Thumb Code    74  stm32f10x_usart.o(.text)
    USART_DMACmd                             0x08001011   Thumb Code    18  stm32f10x_usart.o(.text)
    USART_SetAddress                         0x08001023   Thumb Code    18  stm32f10x_usart.o(.text)
    USART_WakeUpConfig                       0x08001035   Thumb Code    18  stm32f10x_usart.o(.text)
    USART_ReceiverWakeUpCmd                  0x08001047   Thumb Code    24  stm32f10x_usart.o(.text)
    USART_LINBreakDetectLengthConfig         0x0800105f   Thumb Code    18  stm32f10x_usart.o(.text)
    USART_LINCmd                             0x08001071   Thumb Code    24  stm32f10x_usart.o(.text)
    USART_SendData                           0x08001089   Thumb Code     8  stm32f10x_usart.o(.text)
    USART_ReceiveData                        0x08001091   Thumb Code    10  stm32f10x_usart.o(.text)
    USART_SendBreak                          0x0800109b   Thumb Code    10  stm32f10x_usart.o(.text)
    USART_SetGuardTime                       0x080010a5   Thumb Code    16  stm32f10x_usart.o(.text)
    USART_SetPrescaler                       0x080010b5   Thumb Code    16  stm32f10x_usart.o(.text)
    USART_SmartCardCmd                       0x080010c5   Thumb Code    24  stm32f10x_usart.o(.text)
    USART_SmartCardNACKCmd                   0x080010dd   Thumb Code    24  stm32f10x_usart.o(.text)
    USART_HalfDuplexCmd                      0x080010f5   Thumb Code    24  stm32f10x_usart.o(.text)
    USART_OverSampling8Cmd                   0x0800110d   Thumb Code    22  stm32f10x_usart.o(.text)
    USART_OneBitMethodCmd                    0x08001123   Thumb Code    24  stm32f10x_usart.o(.text)
    USART_IrDAConfig                         0x0800113b   Thumb Code    18  stm32f10x_usart.o(.text)
    USART_IrDACmd                            0x0800114d   Thumb Code    24  stm32f10x_usart.o(.text)
    USART_GetFlagStatus                      0x08001165   Thumb Code    26  stm32f10x_usart.o(.text)
    USART_ClearFlag                          0x0800117f   Thumb Code    18  stm32f10x_usart.o(.text)
    USART_GetITStatus                        0x08001191   Thumb Code    84  stm32f10x_usart.o(.text)
    USART_ClearITPendingBit                  0x080011e5   Thumb Code    52  stm32f10x_usart.o(.text)
    SystemInit                               0x080012f7   Thumb Code    78  system_stm32f10x.o(.text)
    SystemCoreClockUpdate                    0x08001345   Thumb Code   142  system_stm32f10x.o(.text)
    enc28j60ReadOp                           0x080013f9   Thumb Code    72  enc28j60.o(.text)
    enc28j60WriteOp                          0x08001441   Thumb Code    62  enc28j60.o(.text)
    enc28j60ReadBuffer                       0x0800147f   Thumb Code    62  enc28j60.o(.text)
    enc28j60WriteBuffer                      0x080014bd   Thumb Code    58  enc28j60.o(.text)
    enc28j60SetBank                          0x080014f7   Thumb Code    48  enc28j60.o(.text)
    enc28j60Read                             0x08001527   Thumb Code    20  enc28j60.o(.text)
    enc28j60Write                            0x0800153b   Thumb Code    24  enc28j60.o(.text)
    enc28j60PhyWrite                         0x08001553   Thumb Code    48  enc28j60.o(.text)
    enc28j60clkout                           0x08001583   Thumb Code    16  enc28j60.o(.text)
    enc28j60Init                             0x08001593   Thumb Code   314  enc28j60.o(.text)
    enc28j60getrev                           0x080016cd   Thumb Code    10  enc28j60.o(.text)
    enc28j60PacketSend                       0x080016d7   Thumb Code   102  enc28j60.o(.text)
    enc28j60PacketReceive                    0x0800173d   Thumb Code   200  enc28j60.o(.text)
    SPI2_Init                                0x08001805   Thumb Code   150  spi.o(.text)
    SPI2_ReadWrite                           0x0800189b   Thumb Code    50  spi.o(.text)
    CMD_init                                 0x08001b29   Thumb Code    38  cmd.o(.text)
    httpd_init                               0x08001dc7   Thumb Code    38  httpd.o(.text)
    LwIP_Init                                0x08001e6d   Thumb Code    80  netconfig.o(.text)
    Time_Update                              0x08001ebd   Thumb Code    12  netconfig.o(.text)
    LwIP_Periodic_Handle                     0x08001ec9   Thumb Code    70  netconfig.o(.text)
    lwip_init                                0x08001f33   Thumb Code    16  init.o(.text)
    mem_init                                 0x0800201f   Thumb Code    88  mem.o(.text)
    mem_free                                 0x08002077   Thumb Code   200  mem.o(.text)
    mem_realloc                              0x0800213f   Thumb Code   348  mem.o(.text)
    mem_malloc                               0x0800229b   Thumb Code   870  mem.o(.text)
    mem_calloc                               0x08002601   Thumb Code    34  mem.o(.text)
    memp_init                                0x080026d5   Thumb Code   136  memp.o(.text)
    memp_malloc                              0x0800275d   Thumb Code   204  memp.o(.text)
    memp_free                                0x08002829   Thumb Code    88  memp.o(.text)
    netif_set_gw                             0x08002949   Thumb Code    16  netif.o(.text)
    netif_set_netmask                        0x08002959   Thumb Code    16  netif.o(.text)
    netif_set_ipaddr                         0x08002969   Thumb Code   122  netif.o(.text)
    netif_set_addr                           0x080029e3   Thumb Code    40  netif.o(.text)
    netif_add                                0x08002a0b   Thumb Code   124  netif.o(.text)
    netif_set_default                        0x08002a87   Thumb Code    10  netif.o(.text)
    netif_remove                             0x08002a91   Thumb Code    78  netif.o(.text)
    netif_find                               0x08002adf   Thumb Code    72  netif.o(.text)
    netif_set_up                             0x08002b27   Thumb Code    44  netif.o(.text)
    netif_set_down                           0x08002b53   Thumb Code    24  netif.o(.text)
    netif_is_up                              0x08002b6b   Thumb Code    12  netif.o(.text)
    pbuf_free                                0x08002b8d   Thumb Code   214  pbuf.o(.text)
    pbuf_alloc                               0x08002c63   Thumb Code   668  pbuf.o(.text)
    pbuf_realloc                             0x08002eff   Thumb Code   778  pbuf.o(.text)
    pbuf_header                              0x08003209   Thumb Code   214  pbuf.o(.text)
    pbuf_clen                                0x080032df   Thumb Code    18  pbuf.o(.text)
    pbuf_ref                                 0x080032f1   Thumb Code    10  pbuf.o(.text)
    pbuf_cat                                 0x080032fb   Thumb Code   138  pbuf.o(.text)
    pbuf_chain                               0x08003385   Thumb Code    26  pbuf.o(.text)
    pbuf_dechain                             0x0800339f   Thumb Code   132  pbuf.o(.text)
    pbuf_copy                                0x08003423   Thumb Code   806  pbuf.o(.text)
    pbuf_copy_partial                        0x08003749   Thumb Code   190  pbuf.o(.text)
    pbuf_take                                0x08003807   Thumb Code   214  pbuf.o(.text)
    pbuf_coalesce                            0x080038dd   Thumb Code    84  pbuf.o(.text)
    raw_input                                0x080039ed   Thumb Code   100  raw.o(.text)
    raw_bind                                 0x08003a51   Thumb Code    16  raw.o(.text)
    raw_connect                              0x08003a61   Thumb Code    16  raw.o(.text)
    raw_recv                                 0x08003a71   Thumb Code     6  raw.o(.text)
    raw_sendto                               0x08003a77   Thumb Code   186  raw.o(.text)
    raw_send                                 0x08003b31   Thumb Code    18  raw.o(.text)
    raw_remove                               0x08003b43   Thumb Code    60  raw.o(.text)
    raw_new                                  0x08003b7f   Thumb Code    46  raw.o(.text)
    tcp_seg_free                             0x08003c29   Thumb Code    32  tcp.o(.text)
    tcp_segs_free                            0x08003c49   Thumb Code    30  tcp.o(.text)
    tcp_pcb_purge                            0x08003c67   Thumb Code    78  tcp.o(.text)
    tcp_slowtmr                              0x08003cb5   Thumb Code  1384  tcp.o(.text)
    tcp_pcb_remove                           0x0800421d   Thumb Code   198  tcp.o(.text)
    tcp_close                                0x080042e3   Thumb Code   234  tcp.o(.text)
    tcp_update_rcv_ann_wnd                   0x080043cd   Thumb Code    72  tcp.o(.text)
    tcp_recved                               0x08004415   Thumb Code   108  tcp.o(.text)
    tcp_recv_null                            0x08004481   Thumb Code    46  tcp.o(.text)
    tcp_fasttmr                              0x080044af   Thumb Code   122  tcp.o(.text)
    tcp_tmr                                  0x08004529   Thumb Code    30  tcp.o(.text)
    tcp_abandon                              0x08004547   Thumb Code   310  tcp.o(.text)
    tcp_bind                                 0x080046e5   Thumb Code   256  tcp.o(.text)
    tcp_listen_with_backlog                  0x080047ed   Thumb Code   216  tcp.o(.text)
    tcp_eff_send_mss                         0x080048c5   Thumb Code    46  tcp.o(.text)
    tcp_next_iss                             0x080048f3   Thumb Code    20  tcp.o(.text)
    tcp_connect                              0x08004907   Thumb Code   294  tcp.o(.text)
    tcp_setprio                              0x08004a2d   Thumb Code     4  tcp.o(.text)
    tcp_alloc                                0x08004b65   Thumb Code   212  tcp.o(.text)
    tcp_new                                  0x08004c39   Thumb Code    10  tcp.o(.text)
    tcp_arg                                  0x08004c43   Thumb Code     4  tcp.o(.text)
    tcp_recv                                 0x08004c47   Thumb Code     6  tcp.o(.text)
    tcp_sent                                 0x08004c4d   Thumb Code     6  tcp.o(.text)
    tcp_err                                  0x08004c53   Thumb Code     6  tcp.o(.text)
    tcp_accept                               0x08004c59   Thumb Code     4  tcp.o(.text)
    tcp_poll                                 0x08004c5d   Thumb Code    10  tcp.o(.text)
    tcp_debug_state_str                      0x08004c67   Thumb Code    10  tcp.o(.text)
    tcp_input                                0x08005e2d   Thumb Code  1834  tcp_in.o(.text)
    tcp_enqueue                              0x08006613   Thumb Code  1776  tcp_out.o(.text)
    tcp_send_ctrl                            0x08006d03   Thumb Code    28  tcp_out.o(.text)
    tcp_write                                0x08006d1f   Thumb Code    80  tcp_out.o(.text)
    tcp_send_empty_ack                       0x08006d6f   Thumb Code   120  tcp_out.o(.text)
    tcp_output                               0x08006ed5   Thumb Code   630  tcp_out.o(.text)
    tcp_rst                                  0x0800714b   Thumb Code   238  tcp_out.o(.text)
    tcp_rexmit_rto                           0x08007239   Thumb Code    58  tcp_out.o(.text)
    tcp_rexmit                               0x08007273   Thumb Code    80  tcp_out.o(.text)
    tcp_rexmit_fast                          0x080072c3   Thumb Code   122  tcp_out.o(.text)
    tcp_keepalive                            0x0800733d   Thumb Code   158  tcp_out.o(.text)
    tcp_zero_window_probe                    0x080073db   Thumb Code   244  tcp_out.o(.text)
    udp_input                                0x08007505   Thumb Code   638  udp.o(.text)
    udp_bind                                 0x08007783   Thumb Code   164  udp.o(.text)
    udp_sendto_if                            0x08007827   Thumb Code   500  udp.o(.text)
    udp_sendto                               0x08007a1b   Thumb Code    70  udp.o(.text)
    udp_send                                 0x08007a61   Thumb Code    20  udp.o(.text)
    udp_connect                              0x08007a75   Thumb Code    98  udp.o(.text)
    udp_disconnect                           0x08007ad7   Thumb Code    28  udp.o(.text)
    udp_recv                                 0x08007af3   Thumb Code     6  udp.o(.text)
    udp_remove                               0x08007af9   Thumb Code    60  udp.o(.text)
    udp_new                                  0x08007b35   Thumb Code    28  udp.o(.text)
    icmp_input                               0x08007b5d   Thumb Code   702  icmp.o(.text)
    icmp_dest_unreach                        0x08007ec5   Thumb Code    18  icmp.o(.text)
    icmp_time_exceeded                       0x08007ed7   Thumb Code    18  icmp.o(.text)
    htonl                                    0x08008059   Thumb Code    26  inet.o(.text)
    inet_aton                                0x08008073   Thumb Code   336  inet.o(.text)
    inet_addr                                0x080081c3   Thumb Code    24  inet.o(.text)
    inet_ntoa                                0x080081db   Thumb Code   112  inet.o(.text)
    htons                                    0x0800824b   Thumb Code    12  inet.o(.text)
    ntohs                                    0x08008257   Thumb Code    12  inet.o(.text)
    ntohl                                    0x08008263   Thumb Code    12  inet.o(.text)
    inet_chksum_pseudo                       0x080082bf   Thumb Code   170  inet_chksum.o(.text)
    inet_chksum                              0x08008369   Thumb Code    20  inet_chksum.o(.text)
    inet_chksum_pbuf                         0x0800837d   Thumb Code    86  inet_chksum.o(.text)
    ip_route                                 0x080083d5   Thumb Code    90  ip.o(.text)
    ip_input                                 0x0800842f   Thumb Code   636  ip.o(.text)
    ip_output_if                             0x080086ab   Thumb Code   486  ip.o(.text)
    ip_output                                0x08008891   Thumb Code    74  ip.o(.text)
    ip_addr_isbroadcast                      0x080088e1   Thumb Code    78  ip_addr.o(.text)
    ip_reass_tmr                             0x08008a3b   Thumb Code    56  ip_frag.o(.text)
    ip_reass                                 0x08008e97   Thumb Code   492  ip_frag.o(.text)
    ip_frag                                  0x08009083   Thumb Code   344  ip_frag.o(.text)
    etharp_tmr                               0x08009281   Thumb Code   166  etharp.o(.text)
    etharp_find_addr                         0x08009797   Thumb Code    78  etharp.o(.text)
    etharp_ip_input                          0x080097e5   Thumb Code    86  etharp.o(.text)
    etharp_arp_input                         0x0800983b   Thumb Code   458  etharp.o(.text)
    etharp_request                           0x08009b8d   Thumb Code    40  etharp.o(.text)
    etharp_query                             0x08009bb5   Thumb Code   522  etharp.o(.text)
    etharp_output                            0x08009dbf   Thumb Code   204  etharp.o(.text)
    ethernet_input                           0x08009e8b   Thumb Code   160  etharp.o(.text)
    ethernetif_input                         0x0800a085   Thumb Code    50  ethernetif.o(.text)
    ethernetif_init                          0x0800a0b7   Thumb Code    62  ethernetif.o(.text)
    __aeabi_memcpy                           0x0800a109   Thumb Code    36  memcpya.o(.text)
    __aeabi_memcpy4                          0x0800a109   Thumb Code     0  memcpya.o(.text)
    __aeabi_memcpy8                          0x0800a109   Thumb Code     0  memcpya.o(.text)
    __aeabi_memset                           0x0800a12d   Thumb Code    14  memseta.o(.text)
    __aeabi_memset4                          0x0800a12d   Thumb Code     0  memseta.o(.text)
    __aeabi_memset8                          0x0800a12d   Thumb Code     0  memseta.o(.text)
    __aeabi_memclr                           0x0800a13b   Thumb Code     4  memseta.o(.text)
    __aeabi_memclr4                          0x0800a13b   Thumb Code     0  memseta.o(.text)
    __aeabi_memclr8                          0x0800a13b   Thumb Code     0  memseta.o(.text)
    _memset$wrapper                          0x0800a13f   Thumb Code    18  memseta.o(.text)
    strstr                                   0x0800a151   Thumb Code    36  strstr.o(.text)
    strchr                                   0x0800a175   Thumb Code    20  strchr.o(.text)
    strcmp                                   0x0800a189   Thumb Code    28  strcmp.o(.text)
    strcpy                                   0x0800a1a5   Thumb Code    18  strcpy.o(.text)
    strncmp                                  0x0800a1b7   Thumb Code    30  strncmp.o(.text)
    __aeabi_uidiv                            0x0800a1d5   Thumb Code     0  uidiv.o(.text)
    __aeabi_uidivmod                         0x0800a1d5   Thumb Code    44  uidiv.o(.text)
    __aeabi_uldivmod                         0x0800a201   Thumb Code    98  uldiv.o(.text)
    __I$use$fp                               0x0800a263   Thumb Code     0  iusefp.o(.text)
    __aeabi_dadd                             0x0800a263   Thumb Code   322  dadd.o(.text)
    __aeabi_dsub                             0x0800a3a5   Thumb Code     6  dadd.o(.text)
    __aeabi_drsub                            0x0800a3ab   Thumb Code     6  dadd.o(.text)
    __aeabi_dmul                             0x0800a3b1   Thumb Code   228  dmul.o(.text)
    __aeabi_ddiv                             0x0800a495   Thumb Code   222  ddiv.o(.text)
    __aeabi_d2ulz                            0x0800a573   Thumb Code    48  dfixul.o(.text)
    __aeabi_cdrcmple                         0x0800a5a5   Thumb Code    48  cdrcmple.o(.text)
    __scatterload                            0x0800a5d5   Thumb Code    28  init.o(.text)
    __scatterload_rt2                        0x0800a5d5   Thumb Code     0  init.o(.text)
    __aeabi_llsl                             0x0800a5f9   Thumb Code    30  llshl.o(.text)
    _ll_shift_l                              0x0800a5f9   Thumb Code     0  llshl.o(.text)
    __aeabi_llsr                             0x0800a617   Thumb Code    32  llushr.o(.text)
    _ll_ushift_r                             0x0800a617   Thumb Code     0  llushr.o(.text)
    __aeabi_lasr                             0x0800a637   Thumb Code    36  llsshr.o(.text)
    _ll_sshift_r                             0x0800a637   Thumb Code     0  llsshr.o(.text)
    _double_round                            0x0800a65b   Thumb Code    30  depilogue.o(.text)
    _double_epilogue                         0x0800a679   Thumb Code   156  depilogue.o(.text)
    __0printf                                0x0800a715   Thumb Code    22  printfa.o(i.__0printf)
    __1printf                                0x0800a715   Thumb Code     0  printfa.o(i.__0printf)
    __2printf                                0x0800a715   Thumb Code     0  printfa.o(i.__0printf)
    __c89printf                              0x0800a715   Thumb Code     0  printfa.o(i.__0printf)
    printf                                   0x0800a715   Thumb Code     0  printfa.o(i.__0printf)
    __scatterload_copy                       0x0800a735   Thumb Code    14  handlers.o(i.__scatterload_copy)
    __scatterload_null                       0x0800a743   Thumb Code     2  handlers.o(i.__scatterload_null)
    __scatterload_zeroinit                   0x0800a745   Thumb Code    14  handlers.o(i.__scatterload_zeroinit)
    tcp_backoff                              0x0800b910   Data          13  tcp.o(.constdata)
    tcp_persist_backoff                      0x0800b91d   Data           7  tcp.o(.constdata)
    ip_addr_any                              0x0800b924   Data           4  ip_addr.o(.constdata)
    ip_addr_broadcast                        0x0800b928   Data           4  ip_addr.o(.constdata)
    ethbroadcast                             0x0800b92c   Data           6  etharp.o(.constdata)
    ethzero                                  0x0800b932   Data           6  etharp.o(.constdata)
    Region$$Table$$Base                      0x0800ba48   Number         0  anon$$obj.o(Region$$Table)
    Region$$Table$$Limit                     0x0800ba68   Number         0  anon$$obj.o(Region$$Table)
    LocalTime                                0x20000000   Data           4  main.o(.data)
    SystemCoreClock                          0x2000001c   Data           4  system_stm32f10x.o(.data)
    AHBPrescTable                            0x20000020   Data          16  system_stm32f10x.o(.data)
    TCPTimer                                 0x20000034   Data           4  netconfig.o(.data)
    ARPTimer                                 0x20000038   Data           4  netconfig.o(.data)
    INPUT_Timer                              0x2000003c   Data           4  netconfig.o(.data)
    DHCPfineTimer                            0x20000040   Data           4  netconfig.o(.data)
    DHCPcoarseTimer                          0x20000044   Data           4  netconfig.o(.data)
    macaddress                               0x20000048   Data           6  netconfig.o(.data)
    netif_list                               0x20000060   Data           4  netif.o(.data)
    netif_default                            0x20000064   Data           4  netif.o(.data)
    tcp_state_str                            0x20000070   Data          44  tcp.o(.data)
    tcp_ticks                                0x2000009c   Data           4  tcp.o(.data)
    tcp_bound_pcbs                           0x200000a0   Data           4  tcp.o(.data)
    tcp_listen_pcbs                          0x200000a4   Data           4  tcp.o(.data)
    tcp_active_pcbs                          0x200000a8   Data           4  tcp.o(.data)
    tcp_tw_pcbs                              0x200000ac   Data           4  tcp.o(.data)
    tcp_tmp_pcb                              0x200000b0   Data           4  tcp.o(.data)
    tcp_input_pcb                            0x200000d8   Data           4  tcp_in.o(.data)
    udp_pcbs                                 0x200000dc   Data           4  udp.o(.data)
    current_netif                            0x200000e0   Data           4  ip.o(.data)
    current_header                           0x200000e4   Data           4  ip.o(.data)
    __stdout                                 0x200000f4   Data           4  stdout.o(.data)
    r_msg                                    0x200000f8   Data          45  cmd.o(.bss)
    enc28j60                                 0x20000128   Data          48  netconfig.o(.bss)
    lwip_stats                               0x2000581c   Data         268  stats.o(.bss)
    Data_Buf                                 0x20005ff4   Data        6081  ethernetif.o(.bss)
    Tx_Data_Buf                              0x200077b5   Data        3000  ethernetif.o(.bss)
    __initial_sp                             0x20008770   Data           0  startup_stm32f10x_hd.o(STACK)



==============================================================================

Memory Map of the image

  Image Entry point : 0x08000131

  Load Region LR_IROM1 (Base: 0x08000000, Size: 0x0000bb60, Max: 0x00080000, ABSOLUTE)

    Execution Region ER_IROM1 (Base: 0x08000000, Size: 0x0000ba68, Max: 0x00080000, ABSOLUTE)

    Base Addr    Size         Type   Attr      Idx    E Section Name        Object

    0x08000000   0x00000130   Data   RO            3    RESET               startup_stm32f10x_hd.o
    0x08000130   0x00000000   Code   RO         1232  * .ARM.Collect$$$$00000000  mc_w.l(entry.o)
    0x08000130   0x00000004   Code   RO         1512    .ARM.Collect$$$$00000001  mc_w.l(entry2.o)
    0x08000134   0x00000004   Code   RO         1515    .ARM.Collect$$$$00000004  mc_w.l(entry5.o)
    0x08000138   0x00000000   Code   RO         1517    .ARM.Collect$$$$00000008  mc_w.l(entry7b.o)
    0x08000138   0x00000000   Code   RO         1519    .ARM.Collect$$$$0000000A  mc_w.l(entry8b.o)
    0x08000138   0x00000008   Code   RO         1520    .ARM.Collect$$$$0000000B  mc_w.l(entry9a.o)
    0x08000140   0x00000000   Code   RO         1522    .ARM.Collect$$$$0000000D  mc_w.l(entry10a.o)
    0x08000140   0x00000000   Code   RO         1524    .ARM.Collect$$$$0000000F  mc_w.l(entry11a.o)
    0x08000140   0x00000004   Code   RO         1513    .ARM.Collect$$$$00002712  mc_w.l(entry2.o)
    0x08000144   0x00000024   Code   RO            4    .text               startup_stm32f10x_hd.o
    0x08000168   0x00000090   Code   RO           10    .text               main.o
    0x080001f8   0x00000048   Code   RO          149    .text               stm32f10x_it.o
    0x08000240   0x00000060   Code   RO          164    .text               bsp_led.o
    0x080002a0   0x000000b0   Code   RO          176    .text               bsp_systick.o
    0x08000350   0x000000b4   Code   RO          194    .text               bsp_usart1.o
    0x08000404   0x0000035c   Code   RO          386    .text               stm32f10x_gpio.o
    0x08000760   0x000003a4   Code   RO          443    .text               stm32f10x_rcc.o
    0x08000b04   0x0000030c   Code   RO          487    .text               stm32f10x_spi.o
    0x08000e10   0x00000408   Code   RO          514    .text               stm32f10x_usart.o
    0x08001218   0x000001e0   Code   RO          551    .text               system_stm32f10x.o
    0x080013f8   0x0000040c   Code   RO          569    .text               enc28j60.o
    0x08001804   0x000000d0   Code   RO          592    .text               spi.o
    0x080018d4   0x00000378   Code   RO          607    .text               cmd.o
    0x08001c4c   0x00000220   Code   RO          637    .text               httpd.o
    0x08001e6c   0x000000c4   Code   RO          658    .text               netconfig.o
    0x08001f30   0x00000012   Code   RO          750    .text               init.o
    0x08001f42   0x00000002   PAD
    0x08001f44   0x00000790   Code   RO          808    .text               mem.o
    0x080026d4   0x00000274   Code   RO          823    .text               memp.o
    0x08002948   0x00000244   Code   RO          855    .text               netif.o
    0x08002b8c   0x00000e60   Code   RO          877    .text               pbuf.o
    0x080039ec   0x0000023c   Code   RO          892    .text               raw.o
    0x08003c28   0x0000105c   Code   RO          924    .text               tcp.o
    0x08004c84   0x00001904   Code   RO          945    .text               tcp_in.o
    0x08006588   0x00000f7c   Code   RO          968    .text               tcp_out.o
    0x08007504   0x00000658   Code   RO          981    .text               udp.o
    0x08007b5c   0x000004fc   Code   RO         1008    .text               icmp.o
    0x08008058   0x0000021c   Code   RO         1026    .text               inet.o
    0x08008274   0x0000015e   Code   RO         1039    .text               inet_chksum.o
    0x080083d2   0x00000002   PAD
    0x080083d4   0x0000050c   Code   RO         1058    .text               ip.o
    0x080088e0   0x0000004e   Code   RO         1079    .text               ip_addr.o
    0x0800892e   0x00000002   PAD
    0x08008930   0x000008ec   Code   RO         1101    .text               ip_frag.o
    0x0800921c   0x00000d88   Code   RO         1152    .text               etharp.o
    0x08009fa4   0x00000164   Code   RO         1173    .text               ethernetif.o
    0x0800a108   0x00000024   Code   RO         1235    .text               mc_w.l(memcpya.o)
    0x0800a12c   0x00000024   Code   RO         1237    .text               mc_w.l(memseta.o)
    0x0800a150   0x00000024   Code   RO         1239    .text               mc_w.l(strstr.o)
    0x0800a174   0x00000014   Code   RO         1241    .text               mc_w.l(strchr.o)
    0x0800a188   0x0000001c   Code   RO         1243    .text               mc_w.l(strcmp.o)
    0x0800a1a4   0x00000012   Code   RO         1245    .text               mc_w.l(strcpy.o)
    0x0800a1b6   0x0000001e   Code   RO         1247    .text               mc_w.l(strncmp.o)
    0x0800a1d4   0x0000002c   Code   RO         1527    .text               mc_w.l(uidiv.o)
    0x0800a200   0x00000062   Code   RO         1529    .text               mc_w.l(uldiv.o)
    0x0800a262   0x00000000   Code   RO         1531    .text               mc_w.l(iusefp.o)
    0x0800a262   0x0000014e   Code   RO         1532    .text               mf_w.l(dadd.o)
    0x0800a3b0   0x000000e4   Code   RO         1534    .text               mf_w.l(dmul.o)
    0x0800a494   0x000000de   Code   RO         1536    .text               mf_w.l(ddiv.o)
    0x0800a572   0x00000030   Code   RO         1538    .text               mf_w.l(dfixul.o)
    0x0800a5a2   0x00000002   PAD
    0x0800a5a4   0x00000030   Code   RO         1540    .text               mf_w.l(cdrcmple.o)
    0x0800a5d4   0x00000024   Code   RO         1542    .text               mc_w.l(init.o)
    0x0800a5f8   0x0000001e   Code   RO         1544    .text               mc_w.l(llshl.o)
    0x0800a616   0x00000020   Code   RO         1546    .text               mc_w.l(llushr.o)
    0x0800a636   0x00000024   Code   RO         1548    .text               mc_w.l(llsshr.o)
    0x0800a65a   0x000000ba   Code   RO         1550    .text               mf_w.l(depilogue.o)
    0x0800a714   0x00000020   Code   RO         1484    i.__0printf         mc_w.l(printfa.o)
    0x0800a734   0x0000000e   Code   RO         1554    i.__scatterload_copy  mc_w.l(handlers.o)
    0x0800a742   0x00000002   Code   RO         1555    i.__scatterload_null  mc_w.l(handlers.o)
    0x0800a744   0x0000000e   Code   RO         1556    i.__scatterload_zeroinit  mc_w.l(handlers.o)
    0x0800a752   0x00000002   PAD
    0x0800a754   0x00000164   Code   RO         1491    i._fp_digits        mc_w.l(printfa.o)
    0x0800a8b8   0x000006dc   Code   RO         1492    i._printf_core      mc_w.l(printfa.o)
    0x0800af94   0x00000024   Code   RO         1493    i._printf_post_padding  mc_w.l(printfa.o)
    0x0800afb8   0x0000002e   Code   RO         1494    i._printf_pre_padding  mc_w.l(printfa.o)
    0x0800afe6   0x00000905   Data   RO          638    .constdata          httpd.o
    0x0800b8eb   0x00000001   PAD
    0x0800b8ec   0x00000024   Data   RO          825    .constdata          memp.o
    0x0800b910   0x00000014   Data   RO          925    .constdata          tcp.o
    0x0800b924   0x00000008   Data   RO         1080    .constdata          ip_addr.o
    0x0800b92c   0x0000000c   Data   RO         1154    .constdata          etharp.o
    0x0800b938   0x00000075   Data   RO          926    .conststring        tcp.o
    0x0800b9ad   0x00000003   PAD
    0x0800b9b0   0x00000051   Data   RO          969    .conststring        tcp_out.o
    0x0800ba01   0x00000003   PAD
    0x0800ba04   0x00000044   Data   RO         1155    .conststring        etharp.o
    0x0800ba48   0x00000020   Data   RO         1552    Region$$Table       anon$$obj.o


    Execution Region RW_IRAM1 (Base: 0x20000000, Size: 0x00008770, Max: 0x00010000, ABSOLUTE)

    Base Addr    Size         Type   Attr      Idx    E Section Name        Object

    0x20000000   0x00000004   Data   RW           11    .data               main.o
    0x20000004   0x00000004   Data   RW          177    .data               bsp_systick.o
    0x20000008   0x00000014   Data   RW          444    .data               stm32f10x_rcc.o
    0x2000001c   0x00000014   Data   RW          552    .data               system_stm32f10x.o
    0x20000030   0x00000004   Data   RW          570    .data               enc28j60.o
    0x20000034   0x0000001a   Data   RW          660    .data               netconfig.o
    0x2000004e   0x00000002   PAD
    0x20000050   0x0000000d   Data   RW          810    .data               mem.o
    0x2000005d   0x00000003   PAD
    0x20000060   0x00000009   Data   RW          856    .data               netif.o
    0x20000069   0x00000003   PAD
    0x2000006c   0x00000004   Data   RW          893    .data               raw.o
    0x20000070   0x0000004c   Data   RW          927    .data               tcp.o
    0x200000bc   0x00000020   Data   RW          947    .data               tcp_in.o
    0x200000dc   0x00000004   Data   RW          982    .data               udp.o
    0x200000e0   0x0000000a   Data   RW         1059    .data               ip.o
    0x200000ea   0x00000002   PAD
    0x200000ec   0x00000006   Data   RW         1103    .data               ip_frag.o
    0x200000f2   0x00000001   Data   RW         1156    .data               etharp.o
    0x200000f3   0x00000001   PAD
    0x200000f4   0x00000004   Data   RW         1526    .data               mc_w.l(stdout.o)
    0x200000f8   0x0000002d   Zero   RW          608    .bss                cmd.o
    0x20000125   0x00000003   PAD
    0x20000128   0x00000030   Zero   RW          659    .bss                netconfig.o
    0x20000158   0x00001014   Zero   RW          809    .bss                mem.o
    0x2000116c   0x000046af   Zero   RW          824    .bss                memp.o
    0x2000581b   0x00000001   PAD
    0x2000581c   0x0000010c   Zero   RW          906    .bss                stats.o
    0x20005928   0x00000014   Zero   RW          946    .bss                tcp_in.o
    0x2000593c   0x00000010   Zero   RW         1027    .bss                inet.o
    0x2000594c   0x000005e0   Zero   RW         1102    .bss                ip_frag.o
    0x20005f2c   0x000000c8   Zero   RW         1153    .bss                etharp.o
    0x20005ff4   0x00002379   Zero   RW         1174    .bss                ethernetif.o
    0x2000836d   0x00000003   PAD
    0x20008370   0x00000400   Zero   RW            1    STACK               startup_stm32f10x_hd.o


==============================================================================

Image component sizes


      Code (inc. data)   RO Data    RW Data    ZI Data      Debug   Object Name

        96         10          0          0          0        562   bsp_led.o
       176         16          0          4          0      16845   bsp_systick.o
       180          8          0          0          0       1024   bsp_usart1.o
       888        254          0          0         45      14651   cmd.o
      1036         14          0          4          0       4072   enc28j60.o
      3464        432         80          1        200       9671   etharp.o
       356         20          0          0       9081       4366   ethernetif.o
       544        128       2309          0          0       9411   httpd.o
      1276        368          0          0          0       2846   icmp.o
       540         12          0          0         16       3260   inet.o
       350          0          0          0          0       5350   inet_chksum.o
        18          0          0          0          0       9430   init.o
      1292        164          0         10          0       6134   ip.o
        78          0          8          0          0       5737   ip_addr.o
      2284        394          0          6       1504       6084   ip_frag.o
       144         92          0          4          0     252385   main.o
      1936        552          0         13       4116       4026   mem.o
       628        200         36          0      18095       3354   memp.o
       196         34          0         26         48       1935   netconfig.o
       580         22          0          9          0       5512   netif.o
      3680       1162          0          0          0       6032   pbuf.o
       572        124          0          4          0       3521   raw.o
       208          8          0          0          0        863   spi.o
        36          8        304          0       1024        896   startup_stm32f10x_hd.o
         0          0          0          0        268       3349   stats.o
       860         38          0          0          0       5733   stm32f10x_gpio.o
        72         34          0          0          0       1338   stm32f10x_it.o
       932         36          0         20          0       8944   stm32f10x_rcc.o
       780         14          0          0          0       6618   stm32f10x_spi.o
      1032         22          0          0          0       8464   stm32f10x_usart.o
       480         38          0         20          0       1987   system_stm32f10x.o
      4188        766        137         76          0      18220   tcp.o
      6404        896          0         32         20      13732   tcp_in.o
      3964        536         81          0          0       7182   tcp_out.o
      1624        200          0          4          0       6561   udp.o

    ----------------------------------------------------------------------
     40900       6602       2994        244      34424     460095   Object Totals
         0          0         32          0          0          0   (incl. Generated)
         6          0          7         11          7          0   (incl. Padding)

    ----------------------------------------------------------------------

      Code (inc. data)   RO Data    RW Data    ZI Data      Debug   Library Member Name

         0          0          0          0          0          0   entry.o
         0          0          0          0          0          0   entry10a.o
         0          0          0          0          0          0   entry11a.o
         8          4          0          0          0          0   entry2.o
         4          0          0          0          0          0   entry5.o
         0          0          0          0          0          0   entry7b.o
         0          0          0          0          0          0   entry8b.o
         8          4          0          0          0          0   entry9a.o
        30          0          0          0          0          0   handlers.o
        36          8          0          0          0         68   init.o
         0          0          0          0          0          0   iusefp.o
        30          0          0          0          0         68   llshl.o
        36          0          0          0          0         68   llsshr.o
        32          0          0          0          0         68   llushr.o
        36          0          0          0          0         68   memcpya.o
        36          0          0          0          0        108   memseta.o
      2226         90          0          0          0        444   printfa.o
         0          0          0          4          0          0   stdout.o
        20          0          0          0          0         68   strchr.o
        28          0          0          0          0         76   strcmp.o
        18          0          0          0          0         68   strcpy.o
        30          0          0          0          0         80   strncmp.o
        36          0          0          0          0         80   strstr.o
        44          0          0          0          0         80   uidiv.o
        98          0          0          0          0         92   uldiv.o
        48          0          0          0          0         68   cdrcmple.o
       334          0          0          0          0        148   dadd.o
       222          0          0          0          0        100   ddiv.o
       186          0          0          0          0        176   depilogue.o
        48          0          0          0          0         68   dfixul.o
       228          0          0          0          0         96   dmul.o

    ----------------------------------------------------------------------
      3826        106          0          4          0       2092   Library Totals
         4          0          0          0          0          0   (incl. Padding)

    ----------------------------------------------------------------------

      Code (inc. data)   RO Data    RW Data    ZI Data      Debug   Library Name

      2756        106          0          4          0       1436   mc_w.l
      1066          0          0          0          0        656   mf_w.l

    ----------------------------------------------------------------------
      3826        106          0          4          0       2092   Library Totals

    ----------------------------------------------------------------------

==============================================================================


      Code (inc. data)   RO Data    RW Data    ZI Data      Debug   

     44726       6708       2994        248      34424     458491   Grand Totals
     44726       6708       2994        248      34424     458491   ELF Image Totals
     44726       6708       2994        248          0          0   ROM Totals

==============================================================================

    Total RO  Size (Code + RO Data)                47720 (  46.60kB)
    Total RW  Size (RW Data + ZI Data)             34672 (  33.86kB)
    Total ROM Size (Code + RO Data + RW Data)      47968 (  46.84kB)

==============================================================================

