<html>
<body>
<pre>
<h1>礦ision Build Log</h1>
<h2>Project:</h2>
E:\快盘\野火M3-V3光盘资料\2-程序\第四部分-库开发高级篇\5-野火M3-MP3\程序\USER\mp3.uvproj
Project File Date:  07/09/2012

<h2>Output:</h2>
Build target 'Target 1'
compiling main.c...
compiling stm32f10x_it.c...
compiling SysTick.c...
compiling usart1.c...
compiling vs1003.c...
compiling mp3play.c...
compiling sdio_sdcard.c...
assembling startup_stm32f10x_hd.s...
compiling misc.c...
compiling stm32f10x_dma.c...
compiling stm32f10x_gpio.c...
compiling stm32f10x_rcc.c...
compiling stm32f10x_sdio.c...
compiling stm32f10x_usart.c...
compiling stm32f10x_spi.c...
compiling core_cm3.c...
compiling system_stm32f10x.c...
compiling cc936.c...
compiling diskio.c...
compiling ff.c...
linking...
Program Size: Code=22780 RO-data=175656 RW-data=76 ZI-data=9460  
FromELF: creating hex file...
"..\output\systick.axf" - 0 Error(s), 0 Warning(s).
