Component: ARM Compiler 5.05 update 2 (build 169) Tool: armlink [4d0f33]

==============================================================================

Section Cross References

    startup_stm32f10x_hd.o(RESET) refers to startup_stm32f10x_hd.o(STACK) for __initial_sp
    startup_stm32f10x_hd.o(RESET) refers to startup_stm32f10x_hd.o(.text) for Reset_Handler
    startup_stm32f10x_hd.o(RESET) refers to stm32f10x_it.o(i.NMI_Handler) for NMI_Handler
    startup_stm32f10x_hd.o(RESET) refers to stm32f10x_it.o(i.HardFault_Handler) for HardFault_Handler
    startup_stm32f10x_hd.o(RESET) refers to stm32f10x_it.o(i.MemManage_Handler) for MemManage_Handler
    startup_stm32f10x_hd.o(RESET) refers to stm32f10x_it.o(i.BusFault_Handler) for BusFault_Handler
    startup_stm32f10x_hd.o(RESET) refers to stm32f10x_it.o(i.UsageFault_Handler) for UsageFault_Handler
    startup_stm32f10x_hd.o(RESET) refers to stm32f10x_it.o(i.SVC_Handler) for SVC_Handler
    startup_stm32f10x_hd.o(RESET) refers to stm32f10x_it.o(i.DebugMon_Handler) for DebugMon_Handler
    startup_stm32f10x_hd.o(RESET) refers to stm32f10x_it.o(i.PendSV_Handler) for PendSV_Handler
    startup_stm32f10x_hd.o(RESET) refers to stm32f10x_it.o(i.SysTick_Handler) for SysTick_Handler
    startup_stm32f10x_hd.o(RESET) refers to stm32f10x_it.o(i.EXTI9_5_IRQHandler) for EXTI9_5_IRQHandler
    startup_stm32f10x_hd.o(.text) refers to system_stm32f10x.o(i.SystemInit) for SystemInit
    startup_stm32f10x_hd.o(.text) refers to entry.o(.ARM.Collect$$$$00000000) for __main
    system_stm32f10x.o(i.SetSysClock) refers to system_stm32f10x.o(i.SetSysClockTo72) for SetSysClockTo72
    system_stm32f10x.o(i.SystemCoreClockUpdate) refers to system_stm32f10x.o(.data) for SystemCoreClock
    system_stm32f10x.o(i.SystemInit) refers to system_stm32f10x.o(i.SetSysClock) for SetSysClock
    stm32f10x_adc.o(i.ADC_DeInit) refers to stm32f10x_rcc.o(i.RCC_APB2PeriphResetCmd) for RCC_APB2PeriphResetCmd
    stm32f10x_bkp.o(i.BKP_DeInit) refers to stm32f10x_rcc.o(i.RCC_BackupResetCmd) for RCC_BackupResetCmd
    stm32f10x_can.o(i.CAN_DeInit) refers to stm32f10x_rcc.o(i.RCC_APB1PeriphResetCmd) for RCC_APB1PeriphResetCmd
    stm32f10x_can.o(i.CAN_GetITStatus) refers to stm32f10x_can.o(i.CheckITStatus) for CheckITStatus
    stm32f10x_cec.o(i.CEC_DeInit) refers to stm32f10x_rcc.o(i.RCC_APB1PeriphResetCmd) for RCC_APB1PeriphResetCmd
    stm32f10x_dac.o(i.DAC_DeInit) refers to stm32f10x_rcc.o(i.RCC_APB1PeriphResetCmd) for RCC_APB1PeriphResetCmd
    stm32f10x_flash.o(i.FLASH_EnableWriteProtection) refers to stm32f10x_flash.o(i.FLASH_WaitForLastOperation) for FLASH_WaitForLastOperation
    stm32f10x_flash.o(i.FLASH_EraseAllBank1Pages) refers to stm32f10x_flash.o(i.FLASH_WaitForLastBank1Operation) for FLASH_WaitForLastBank1Operation
    stm32f10x_flash.o(i.FLASH_EraseAllPages) refers to stm32f10x_flash.o(i.FLASH_WaitForLastOperation) for FLASH_WaitForLastOperation
    stm32f10x_flash.o(i.FLASH_EraseOptionBytes) refers to stm32f10x_flash.o(i.FLASH_GetReadOutProtectionStatus) for FLASH_GetReadOutProtectionStatus
    stm32f10x_flash.o(i.FLASH_EraseOptionBytes) refers to stm32f10x_flash.o(i.FLASH_WaitForLastOperation) for FLASH_WaitForLastOperation
    stm32f10x_flash.o(i.FLASH_ErasePage) refers to stm32f10x_flash.o(i.FLASH_WaitForLastOperation) for FLASH_WaitForLastOperation
    stm32f10x_flash.o(i.FLASH_ProgramHalfWord) refers to stm32f10x_flash.o(i.FLASH_WaitForLastOperation) for FLASH_WaitForLastOperation
    stm32f10x_flash.o(i.FLASH_ProgramOptionByteData) refers to stm32f10x_flash.o(i.FLASH_WaitForLastOperation) for FLASH_WaitForLastOperation
    stm32f10x_flash.o(i.FLASH_ProgramWord) refers to stm32f10x_flash.o(i.FLASH_WaitForLastOperation) for FLASH_WaitForLastOperation
    stm32f10x_flash.o(i.FLASH_ReadOutProtection) refers to stm32f10x_flash.o(i.FLASH_WaitForLastOperation) for FLASH_WaitForLastOperation
    stm32f10x_flash.o(i.FLASH_UserOptionByteConfig) refers to stm32f10x_flash.o(i.FLASH_WaitForLastOperation) for FLASH_WaitForLastOperation
    stm32f10x_flash.o(i.FLASH_WaitForLastBank1Operation) refers to stm32f10x_flash.o(i.FLASH_GetBank1Status) for FLASH_GetBank1Status
    stm32f10x_flash.o(i.FLASH_WaitForLastOperation) refers to stm32f10x_flash.o(i.FLASH_GetBank1Status) for FLASH_GetBank1Status
    stm32f10x_gpio.o(i.GPIO_AFIODeInit) refers to stm32f10x_rcc.o(i.RCC_APB2PeriphResetCmd) for RCC_APB2PeriphResetCmd
    stm32f10x_gpio.o(i.GPIO_DeInit) refers to stm32f10x_rcc.o(i.RCC_APB2PeriphResetCmd) for RCC_APB2PeriphResetCmd
    stm32f10x_i2c.o(i.I2C_DeInit) refers to stm32f10x_rcc.o(i.RCC_APB1PeriphResetCmd) for RCC_APB1PeriphResetCmd
    stm32f10x_i2c.o(i.I2C_Init) refers to stm32f10x_rcc.o(i.RCC_GetClocksFreq) for RCC_GetClocksFreq
    stm32f10x_pwr.o(i.PWR_DeInit) refers to stm32f10x_rcc.o(i.RCC_APB1PeriphResetCmd) for RCC_APB1PeriphResetCmd
    stm32f10x_rcc.o(i.RCC_GetClocksFreq) refers to stm32f10x_rcc.o(.data) for APBAHBPrescTable
[...]
    stm32f10x_tim.o(i.TIM_ICInit) refers to stm32f10x_tim.o(i.TI4_Config) for TI4_Config
    stm32f10x_tim.o(i.TIM_ICInit) refers to stm32f10x_tim.o(i.TIM_SetIC4Prescaler) for TIM_SetIC4Prescaler
    stm32f10x_tim.o(i.TIM_ITRxExternalClockConfig) refers to stm32f10x_tim.o(i.TIM_SelectInputTrigger) for TIM_SelectInputTrigger
    stm32f10x_tim.o(i.TIM_PWMIConfig) refers to stm32f10x_tim.o(i.TI1_Config) for TI1_Config
    stm32f10x_tim.o(i.TIM_PWMIConfig) refers to stm32f10x_tim.o(i.TIM_SetIC1Prescaler) for TIM_SetIC1Prescaler
    stm32f10x_tim.o(i.TIM_PWMIConfig) refers to stm32f10x_tim.o(i.TI2_Config) for TI2_Config
    stm32f10x_tim.o(i.TIM_PWMIConfig) refers to stm32f10x_tim.o(i.TIM_SetIC2Prescaler) for TIM_SetIC2Prescaler
    stm32f10x_tim.o(i.TIM_TIxExternalClockConfig) refers to stm32f10x_tim.o(i.TI2_Config) for TI2_Config
    stm32f10x_tim.o(i.TIM_TIxExternalClockConfig) refers to stm32f10x_tim.o(i.TI1_Config) for TI1_Config
    stm32f10x_tim.o(i.TIM_TIxExternalClockConfig) refers to stm32f10x_tim.o(i.TIM_SelectInputTrigger) for TIM_SelectInputTrigger
    stm32f10x_usart.o(i.USART_DeInit) refers to stm32f10x_rcc.o(i.RCC_APB2PeriphResetCmd) for RCC_APB2PeriphResetCmd
    stm32f10x_usart.o(i.USART_DeInit) refers to stm32f10x_rcc.o(i.RCC_APB1PeriphResetCmd) for RCC_APB1PeriphResetCmd
    stm32f10x_usart.o(i.USART_Init) refers to stm32f10x_rcc.o(i.RCC_GetClocksFreq) for RCC_GetClocksFreq
    stm32f10x_wwdg.o(i.WWDG_DeInit) refers to stm32f10x_rcc.o(i.RCC_APB1PeriphResetCmd) for RCC_APB1PeriphResetCmd
    main.o(i.main) refers to bsp_systick.o(i.SysTick_Init) for SysTick_Init
    main.o(i.main) refers to bsp_ili9341_lcd.o(i.LCD_Init) for LCD_Init
    main.o(i.main) refers to bsp_ili9341_lcd.o(i.Lcd_GramScan) for Lcd_GramScan
    main.o(i.main) refers to bsp_ili9341_lcd.o(i.LCD_Clear) for LCD_Clear
    main.o(i.main) refers to bsp_touch.o(i.Touch_Init) for Touch_Init
    main.o(i.main) refers to bsp_touch.o(i.Touch_Calibrate) for Touch_Calibrate
    main.o(i.main) refers to bsp_touch.o(i.Palette_Init) for Palette_Init
    main.o(i.main) refers to bsp_touch.o(i.Read_2046_2) for Read_2046_2
    main.o(i.main) refers to bsp_touch.o(i.Get_touch_point) for Get_touch_point
    main.o(i.main) refers to bsp_touch.o(i.Palette_draw_point) for Palette_draw_point
    main.o(i.main) refers to stm32f10x_it.o(.data) for touch_flag
    main.o(i.main) refers to bsp_touch.o(.bss) for touch_para
    main.o(i.main) refers to bsp_touch.o(.data) for display
    stm32f10x_it.o(i.EXTI9_5_IRQHandler) refers to stm32f10x_exti.o(i.EXTI_GetITStatus) for EXTI_GetITStatus
    stm32f10x_it.o(i.EXTI9_5_IRQHandler) refers to stm32f10x_exti.o(i.EXTI_ClearITPendingBit) for EXTI_ClearITPendingBit
    stm32f10x_it.o(i.EXTI9_5_IRQHandler) refers to stm32f10x_it.o(.data) for touch_flag
    stm32f10x_it.o(i.SysTick_Handler) refers to bsp_systick.o(i.TimingDelay_Decrement) for TimingDelay_Decrement
    bsp_ili9341_lcd.o(i.LCD_DisNum) refers to bsp_ili9341_lcd.o(i.LCD_DispChar) for LCD_DispChar
    bsp_ili9341_lcd.o(i.LCD_DispChar) refers to bsp_ili9341_lcd.o(i.LCD_OpenWindow) for LCD_OpenWindow
    bsp_ili9341_lcd.o(i.LCD_DispChar) refers to bsp_ili9341_lcd.o(.constdata) for asc2_1206
    bsp_ili9341_lcd.o(i.LCD_DispStr) refers to bsp_ili9341_lcd.o(i.LCD_DispChar) for LCD_DispChar
    bsp_ili9341_lcd.o(i.LCD_FSMC_Config) refers to stm32f10x_fsmc.o(i.FSMC_NORSRAMInit) for FSMC_NORSRAMInit
    bsp_ili9341_lcd.o(i.LCD_FSMC_Config) refers to stm32f10x_fsmc.o(i.FSMC_NORSRAMCmd) for FSMC_NORSRAMCmd
    bsp_ili9341_lcd.o(i.LCD_GPIO_Config) refers to stm32f10x_rcc.o(i.RCC_AHBPeriphClockCmd) for RCC_AHBPeriphClockCmd
    bsp_ili9341_lcd.o(i.LCD_GPIO_Config) refers to stm32f10x_rcc.o(i.RCC_APB2PeriphClockCmd) for RCC_APB2PeriphClockCmd
    bsp_ili9341_lcd.o(i.LCD_GPIO_Config) refers to stm32f10x_gpio.o(i.GPIO_Init) for GPIO_Init
    bsp_ili9341_lcd.o(i.LCD_GPIO_Config) refers to stm32f10x_gpio.o(i.GPIO_ResetBits) for GPIO_ResetBits
    bsp_ili9341_lcd.o(i.LCD_GetPoint) refers to bsp_ili9341_lcd.o(i.LCD_SetCursor) for LCD_SetCursor
    bsp_ili9341_lcd.o(i.LCD_GetPoint) refers to bsp_ili9341_lcd.o(i.LCD_RD_data) for LCD_RD_data
    bsp_ili9341_lcd.o(i.LCD_Init) refers to bsp_ili9341_lcd.o(i.LCD_GPIO_Config) for LCD_GPIO_Config
    bsp_ili9341_lcd.o(i.LCD_Init) refers to bsp_ili9341_lcd.o(i.LCD_FSMC_Config) for LCD_FSMC_Config
    bsp_ili9341_lcd.o(i.LCD_Init) refers to bsp_ili9341_lcd.o(i.LCD_Rst) for LCD_Rst
    bsp_ili9341_lcd.o(i.LCD_Init) refers to bsp_ili9341_lcd.o(i.LCD_REG_Config) for LCD_REG_Config
    bsp_ili9341_lcd.o(i.LCD_REG_Config) refers to bsp_ili9341_lcd.o(i.Lcd_Delay) for Lcd_Delay
    bsp_ili9341_lcd.o(i.LCD_Rst) refers to stm32f10x_gpio.o(i.GPIO_ResetBits) for GPIO_ResetBits
    bsp_ili9341_lcd.o(i.LCD_Rst) refers to bsp_ili9341_lcd.o(i.Lcd_Delay) for Lcd_Delay
    bsp_ili9341_lcd.o(i.LCD_Rst) refers to stm32f10x_gpio.o(i.GPIO_SetBits) for GPIO_SetBits
    bsp_ili9341_lcd.o(i.LCD_SetPoint) refers to bsp_ili9341_lcd.o(i.LCD_SetCursor) for LCD_SetCursor
    bsp_systick.o(i.Delay_us) refers to bsp_systick.o(.data) for TimingDelay
    bsp_systick.o(i.SysTick_Init) refers to system_stm32f10x.o(.data) for SystemCoreClock
    bsp_systick.o(i.TimingDelay_Decrement) refers to bsp_systick.o(.data) for TimingDelay
    bsp_gpio_spi.o(i.GPIO_SPI_Config) refers to stm32f10x_rcc.o(i.RCC_APB2PeriphClockCmd) for RCC_APB2PeriphClockCmd
    bsp_gpio_spi.o(i.GPIO_SPI_Config) refers to stm32f10x_gpio.o(i.GPIO_Init) for GPIO_Init
    bsp_gpio_spi.o(i.GPIO_SPI_Config) refers to stm32f10x_gpio.o(i.GPIO_ResetBits) for GPIO_ResetBits
    bsp_gpio_spi.o(i.GPIO_SPI_Config) refers to bsp_gpio_spi.o(i.TP_INT_GPIO_Config) for TP_INT_GPIO_Config
    bsp_gpio_spi.o(i.TP_INT_GPIO_Config) refers to stm32f10x_rcc.o(i.RCC_APB2PeriphClockCmd) for RCC_APB2PeriphClockCmd
    bsp_gpio_spi.o(i.TP_INT_GPIO_Config) refers to bsp_gpio_spi.o(i.TP_INT_NVIC_Config) for TP_INT_NVIC_Config
    bsp_gpio_spi.o(i.TP_INT_GPIO_Config) refers to stm32f10x_gpio.o(i.GPIO_Init) for GPIO_Init
    bsp_gpio_spi.o(i.TP_INT_GPIO_Config) refers to stm32f10x_gpio.o(i.GPIO_EXTILineConfig) for GPIO_EXTILineConfig
    bsp_gpio_spi.o(i.TP_INT_GPIO_Config) refers to stm32f10x_exti.o(i.EXTI_Init) for EXTI_Init
    bsp_gpio_spi.o(i.TP_INT_NVIC_Config) refers to misc.o(i.NVIC_PriorityGroupConfig) for NVIC_PriorityGroupConfig
    bsp_gpio_spi.o(i.TP_INT_NVIC_Config) refers to misc.o(i.NVIC_Init) for NVIC_Init
    bsp_touch.o(i.Cal_touch_para) refers to dflti.o(.text) for __aeabi_i2d
    bsp_touch.o(i.Cal_touch_para) refers to cdcmple.o(.text) for __aeabi_cdcmpeq
    bsp_touch.o(i.DrawCross) refers to bsp_ili9341_lcd.o(i.LCD_Clear) for LCD_Clear
    bsp_touch.o(i.Get_touch_point) refers to cdcmple.o(.text) for __aeabi_cdcmpeq
    bsp_touch.o(i.Get_touch_point) refers to dfltui.o(.text) for __aeabi_ui2d
    bsp_touch.o(i.Get_touch_point) refers to dmul.o(.text) for __aeabi_dmul
    bsp_touch.o(i.Get_touch_point) refers to dadd.o(.text) for __aeabi_dadd
    bsp_touch.o(i.Get_touch_point) refers to dfixui.o(.text) for __aeabi_d2uiz
    bsp_touch.o(i.Get_touch_point) refers to bsp_touch.o(.data) for bb1
    bsp_touch.o(i.Palette_Init) refers to bsp_ili9341_lcd.o(i.LCD_Clear) for LCD_Clear
    bsp_touch.o(i.Palette_Init) refers to bsp_ili9341_lcd.o(i.LCD_DispStr) for LCD_DispStr
    bsp_touch.o(i.Palette_Init) refers to bsp_systick.o(i.Delay_us) for Delay_us
    bsp_touch.o(i.Palette_draw_point) refers to bsp_ili9341_lcd.o(i.LCD_Clear) for LCD_Clear
    bsp_touch.o(i.Palette_draw_point) refers to bsp_ili9341_lcd.o(i.LCD_SetPoint) for LCD_SetPoint
    bsp_touch.o(i.Palette_draw_point) refers to bsp_touch.o(.data) for Pen_color
    bsp_touch.o(i.Read_2046) refers to memseta.o(.text) for __aeabi_memclr4
    bsp_touch.o(i.Read_2046) refers to bsp_touch.o(i.Touch_GetAdXY) for Touch_GetAdXY
    bsp_touch.o(i.Read_2046) refers to stm32f10x_gpio.o(i.GPIO_ReadInputDataBit) for GPIO_ReadInputDataBit
    bsp_touch.o(i.Read_2046) refers to stm32f10x_it.o(.data) for touch_flag
    bsp_touch.o(i.Read_2046) refers to bsp_touch.o(.data) for screen
    bsp_touch.o(i.Read_2046_2) refers to memseta.o(.text) for __aeabi_memclr4
    bsp_touch.o(i.Read_2046_2) refers to bsp_touch.o(i.Touch_GetAdXY) for Touch_GetAdXY
    bsp_touch.o(i.Read_2046_2) refers to stm32f10x_gpio.o(i.GPIO_ReadInputDataBit) for GPIO_ReadInputDataBit
    bsp_touch.o(i.Read_2046_2) refers to stm32f10x_it.o(.data) for touch_flag
    bsp_touch.o(i.Read_2046_2) refers to bsp_touch.o(.data) for screen2
    bsp_touch.o(i.Touch_Calibrate) refers to bsp_ili9341_lcd.o(i.LCD_Clear) for LCD_Clear
    bsp_touch.o(i.Touch_Calibrate) refers to bsp_ili9341_lcd.o(i.LCD_DispStr) for LCD_DispStr
    bsp_touch.o(i.Touch_Calibrate) refers to bsp_ili9341_lcd.o(i.LCD_DisNum) for LCD_DisNum
    bsp_touch.o(i.Touch_Calibrate) refers to bsp_systick.o(i.Delay_us) for Delay_us
    bsp_touch.o(i.Touch_Calibrate) refers to bsp_touch.o(i.DrawCross) for DrawCross
    bsp_touch.o(i.Touch_Calibrate) refers to bsp_touch.o(i.Read_2046_2) for Read_2046_2
    bsp_touch.o(i.Touch_Calibrate) refers to bsp_touch.o(i.Cal_touch_para) for Cal_touch_para
    bsp_touch.o(i.Touch_Calibrate) refers to dfltui.o(.text) for __aeabi_ui2d
    bsp_touch.o(i.Touch_Calibrate) refers to dmul.o(.text) for __aeabi_dmul
    bsp_touch.o(i.Touch_Calibrate) refers to dadd.o(.text) for __aeabi_dadd
    bsp_touch.o(i.Touch_Calibrate) refers to ddiv.o(.text) for __aeabi_ddiv
    bsp_touch.o(i.Touch_Calibrate) refers to dfixui.o(.text) for __aeabi_d2uiz
    bsp_touch.o(i.Touch_Calibrate) refers to bsp_touch.o(.data) for DisplaySample
    bsp_touch.o(i.Touch_Calibrate) refers to bsp_touch.o(.bss) for ScreenSample
    bsp_touch.o(i.Touch_GetAdXY) refers to bsp_touch.o(i.XPT2046_ReadAdc) for XPT2046_ReadAdc
    bsp_touch.o(i.Touch_GetAdXY) refers to bsp_touch.o(i.DelayUS) for DelayUS
    bsp_touch.o(i.Touch_Init) refers to bsp_gpio_spi.o(i.GPIO_SPI_Config) for GPIO_SPI_Config
    bsp_touch.o(i.XPT2046_ReadAdc) refers to bsp_touch.o(i.XPT2046_WriteCMD) for XPT2046_WriteCMD
    bsp_touch.o(i.XPT2046_ReadAdc) refers to bsp_touch.o(i.XPT2046_ReadCMD) for XPT2046_ReadCMD
    bsp_touch.o(i.XPT2046_ReadCMD) refers to stm32f10x_gpio.o(i.GPIO_ResetBits) for GPIO_ResetBits
    bsp_touch.o(i.XPT2046_ReadCMD) refers to stm32f10x_gpio.o(i.GPIO_SetBits) for GPIO_SetBits
    bsp_touch.o(i.XPT2046_ReadCMD) refers to stm32f10x_gpio.o(i.GPIO_ReadInputDataBit) for GPIO_ReadInputDataBit
    bsp_touch.o(i.XPT2046_WriteCMD) refers to stm32f10x_gpio.o(i.GPIO_ResetBits) for GPIO_ResetBits
    bsp_touch.o(i.XPT2046_WriteCMD) refers to stm32f10x_gpio.o(i.GPIO_SetBits) for GPIO_SetBits
    bsp_touch.o(i.XPT2046_WriteCMD) refers to bsp_touch.o(i.DelayUS) for DelayUS
    entry.o(.ARM.Collect$$$$00000000) refers (Special) to entry10a.o(.ARM.Collect$$$$0000000D) for __rt_final_cpp
    entry.o(.ARM.Collect$$$$00000000) refers (Special) to entry11a.o(.ARM.Collect$$$$0000000F) for __rt_final_exit
    entry.o(.ARM.Collect$$$$00000000) refers (Special) to entry7b.o(.ARM.Collect$$$$00000008) for _main_clock
    entry.o(.ARM.Collect$$$$00000000) refers (Special) to entry8b.o(.ARM.Collect$$$$0000000A) for _main_cpp_init
    entry.o(.ARM.Collect$$$$00000000) refers (Special) to entry9a.o(.ARM.Collect$$$$0000000B) for _main_init
    entry.o(.ARM.Collect$$$$00000000) refers (Special) to entry5.o(.ARM.Collect$$$$00000004) for _main_scatterload
    entry.o(.ARM.Collect$$$$00000000) refers (Special) to entry2.o(.ARM.Collect$$$$00000001) for _main_stk
    dadd.o(.text) refers (Special) to iusefp.o(.text) for __I$use$fp
    dadd.o(.text) refers to llshl.o(.text) for __aeabi_llsl
    dadd.o(.text) refers to llsshr.o(.text) for __aeabi_lasr
    dadd.o(.text) refers to depilogue.o(.text) for _double_epilogue
    dmul.o(.text) refers (Special) to iusefp.o(.text) for __I$use$fp
    dmul.o(.text) refers to depilogue.o(.text) for _double_epilogue
    ddiv.o(.text) refers (Special) to iusefp.o(.text) for __I$use$fp
    ddiv.o(.text) refers to depilogue.o(.text) for _double_round
    dflti.o(.text) refers (Special) to iusefp.o(.text) for __I$use$fp
    dflti.o(.text) refers to depilogue.o(.text) for _double_epilogue
    dfltui.o(.text) refers (Special) to iusefp.o(.text) for __I$use$fp
    dfltui.o(.text) refers to depilogue.o(.text) for _double_epilogue
    dfixui.o(.text) refers (Special) to iusefp.o(.text) for __I$use$fp
    dfixui.o(.text) refers to llushr.o(.text) for __aeabi_llsr
    cdcmple.o(.text) refers (Special) to iusefp.o(.text) for __I$use$fp
    entry2.o(.ARM.Collect$$$$00000001) refers to entry2.o(.ARM.Collect$$$$00002712) for __lit__00000000
    entry2.o(.ARM.Collect$$$$00002712) refers to startup_stm32f10x_hd.o(STACK) for __initial_sp
    entry2.o(__vectab_stack_and_reset_area) refers to startup_stm32f10x_hd.o(STACK) for __initial_sp
    entry2.o(__vectab_stack_and_reset_area) refers to entry.o(.ARM.Collect$$$$00000000) for __main
    entry5.o(.ARM.Collect$$$$00000004) refers to init.o(.text) for __scatterload
    entry9a.o(.ARM.Collect$$$$0000000B) refers to main.o(i.main) for main
    entry9b.o(.ARM.Collect$$$$0000000C) refers to main.o(i.main) for main
    depilogue.o(.text) refers to llshl.o(.text) for __aeabi_llsl
    depilogue.o(.text) refers to llushr.o(.text) for __aeabi_llsr
    init.o(.text) refers to entry5.o(.ARM.Collect$$$$00000004) for __main_after_scatterload


==============================================================================

Removing Unused input sections from the image.

    Removing startup_stm32f10x_hd.o(HEAP), (512 bytes).
    Removing core_cm3.o(.emb_text), (32 bytes).
    Removing system_stm32f10x.o(i.SystemCoreClockUpdate), (164 bytes).
    Removing misc.o(i.NVIC_SetVectorTable), (20 bytes).
    Removing misc.o(i.NVIC_SystemLPConfig), (32 bytes).
    Removing misc.o(i.SysTick_CLKSourceConfig), (40 bytes).
    Removing stm32f10x_adc.o(i.ADC_AnalogWatchdogCmd), (20 bytes).
    Removing stm32f10x_adc.o(i.ADC_AnalogWatchdogSingleChannelConfig), (16 bytes).
    Removing stm32f10x_adc.o(i.ADC_AnalogWatchdogThresholdsConfig), (6 bytes).
    Removing stm32f10x_adc.o(i.ADC_AutoInjectedConvCmd), (22 bytes).
    Removing stm32f10x_adc.o(i.ADC_ClearFlag), (6 bytes).
    Removing stm32f10x_adc.o(i.ADC_ClearITPendingBit), (10 bytes).
    Removing stm32f10x_adc.o(i.ADC_Cmd), (22 bytes).
    Removing stm32f10x_adc.o(i.ADC_DMACmd), (22 bytes).
    Removing stm32f10x_adc.o(i.ADC_DeInit), (92 bytes).
    Removing stm32f10x_adc.o(i.ADC_DiscModeChannelCountConfig), (24 bytes).
    Removing stm32f10x_adc.o(i.ADC_DiscModeCmd), (22 bytes).
    Removing stm32f10x_adc.o(i.ADC_ExternalTrigConvCmd), (22 bytes).
    Removing stm32f10x_adc.o(i.ADC_ExternalTrigInjectedConvCmd), (22 bytes).
    Removing stm32f10x_adc.o(i.ADC_ExternalTrigInjectedConvConfig), (16 bytes).
    Removing stm32f10x_adc.o(i.ADC_GetCalibrationStatus), (20 bytes).
    Removing stm32f10x_adc.o(i.ADC_GetConversionValue), (8 bytes).
    Removing stm32f10x_adc.o(i.ADC_GetDualModeConversionValue), (12 bytes).
    Removing stm32f10x_adc.o(i.ADC_GetFlagStatus), (18 bytes).
    Removing stm32f10x_adc.o(i.ADC_GetITStatus), (36 bytes).
    Removing stm32f10x_adc.o(i.ADC_GetInjectedConversionValue), (28 bytes).
    Removing stm32f10x_adc.o(i.ADC_GetResetCalibrationStatus), (20 bytes).
    Removing stm32f10x_adc.o(i.ADC_GetSoftwareStartConvStatus), (20 bytes).
    Removing stm32f10x_adc.o(i.ADC_GetSoftwareStartInjectedConvCmdStatus), (20 bytes).
    Removing stm32f10x_adc.o(i.ADC_ITConfig), (24 bytes).
    Removing stm32f10x_adc.o(i.ADC_Init), (80 bytes).
    Removing stm32f10x_adc.o(i.ADC_InjectedChannelConfig), (130 bytes).
    Removing stm32f10x_adc.o(i.ADC_InjectedDiscModeCmd), (22 bytes).
    Removing stm32f10x_adc.o(i.ADC_InjectedSequencerLengthConfig), (24 bytes).
    Removing stm32f10x_adc.o(i.ADC_RegularChannelConfig), (184 bytes).
    Removing stm32f10x_adc.o(i.ADC_ResetCalibration), (10 bytes).
    Removing stm32f10x_adc.o(i.ADC_SetInjectedOffset), (20 bytes).
    Removing stm32f10x_adc.o(i.ADC_SoftwareStartConvCmd), (22 bytes).
    Removing stm32f10x_adc.o(i.ADC_SoftwareStartInjectedConvCmd), (22 bytes).
    Removing stm32f10x_adc.o(i.ADC_StartCalibration), (10 bytes).
    Removing stm32f10x_adc.o(i.ADC_StructInit), (18 bytes).
    Removing stm32f10x_adc.o(i.ADC_TempSensorVrefintCmd), (36 bytes).
    Removing stm32f10x_bkp.o(i.BKP_ClearFlag), (20 bytes).
    Removing stm32f10x_bkp.o(i.BKP_ClearITPendingBit), (20 bytes).
    Removing stm32f10x_bkp.o(i.BKP_DeInit), (16 bytes).
    Removing stm32f10x_bkp.o(i.BKP_GetFlagStatus), (12 bytes).
    Removing stm32f10x_bkp.o(i.BKP_GetITStatus), (12 bytes).
    Removing stm32f10x_bkp.o(i.BKP_ITConfig), (12 bytes).
    Removing stm32f10x_bkp.o(i.BKP_RTCOutputConfig), (28 bytes).
    Removing stm32f10x_bkp.o(i.BKP_ReadBackupRegister), (28 bytes).
    Removing stm32f10x_bkp.o(i.BKP_SetRTCCalibrationValue), (28 bytes).
    Removing stm32f10x_bkp.o(i.BKP_TamperPinCmd), (12 bytes).
    Removing stm32f10x_bkp.o(i.BKP_TamperPinLevelConfig), (12 bytes).
    Removing stm32f10x_bkp.o(i.BKP_WriteBackupRegister), (28 bytes).
    Removing stm32f10x_can.o(i.CAN_CancelTransmit), (48 bytes).
    Removing stm32f10x_can.o(i.CAN_ClearFlag), (56 bytes).
    Removing stm32f10x_can.o(i.CAN_ClearITPendingBit), (168 bytes).
    Removing stm32f10x_can.o(i.CAN_DBGFreeze), (22 bytes).
    Removing stm32f10x_can.o(i.CAN_DeInit), (56 bytes).
    Removing stm32f10x_can.o(i.CAN_FIFORelease), (22 bytes).
    Removing stm32f10x_can.o(i.CAN_FilterInit), (264 bytes).
    Removing stm32f10x_can.o(i.CAN_GetFlagStatus), (120 bytes).
    Removing stm32f10x_can.o(i.CAN_GetITStatus), (288 bytes).
    Removing stm32f10x_can.o(i.CAN_GetLSBTransmitErrorCounter), (12 bytes).
    Removing stm32f10x_can.o(i.CAN_GetLastErrorCode), (12 bytes).
    Removing stm32f10x_can.o(i.CAN_GetReceiveErrorCounter), (10 bytes).
    Removing stm32f10x_can.o(i.CAN_ITConfig), (18 bytes).
    Removing stm32f10x_can.o(i.CAN_Init), (276 bytes).
    Removing stm32f10x_can.o(i.CAN_MessagePending), (30 bytes).
    Removing stm32f10x_can.o(i.CAN_OperatingModeRequest), (162 bytes).
    Removing stm32f10x_can.o(i.CAN_Receive), (240 bytes).
    Removing stm32f10x_can.o(i.CAN_SlaveStartBank), (52 bytes).
    Removing stm32f10x_can.o(i.CAN_Sleep), (30 bytes).
    Removing stm32f10x_can.o(i.CAN_StructInit), (32 bytes).
    Removing stm32f10x_can.o(i.CAN_TTComModeCmd), (118 bytes).
    Removing stm32f10x_can.o(i.CAN_Transmit), (294 bytes).
    Removing stm32f10x_can.o(i.CAN_TransmitStatus), (160 bytes).
    Removing stm32f10x_can.o(i.CAN_WakeUp), (48 bytes).
    Removing stm32f10x_can.o(i.CheckITStatus), (18 bytes).
    Removing stm32f10x_cec.o(i.CEC_ClearFlag), (36 bytes).
    Removing stm32f10x_cec.o(i.CEC_ClearITPendingBit), (36 bytes).
    Removing stm32f10x_cec.o(i.CEC_Cmd), (32 bytes).
    Removing stm32f10x_cec.o(i.CEC_DeInit), (22 bytes).
    Removing stm32f10x_cec.o(i.CEC_EndOfMessageCmd), (12 bytes).
    Removing stm32f10x_cec.o(i.CEC_GetFlagStatus), (48 bytes).
    Removing stm32f10x_cec.o(i.CEC_GetITStatus), (40 bytes).
    Removing stm32f10x_cec.o(i.CEC_ITConfig), (12 bytes).
    Removing stm32f10x_cec.o(i.CEC_Init), (32 bytes).
    Removing stm32f10x_cec.o(i.CEC_OwnAddressConfig), (12 bytes).
    Removing stm32f10x_cec.o(i.CEC_ReceiveDataByte), (12 bytes).
    Removing stm32f10x_cec.o(i.CEC_SendDataByte), (12 bytes).
    Removing stm32f10x_cec.o(i.CEC_SetPrescaler), (12 bytes).
    Removing stm32f10x_cec.o(i.CEC_StartOfMessage), (12 bytes).
    Removing stm32f10x_crc.o(i.CRC_CalcBlockCRC), (36 bytes).
    Removing stm32f10x_crc.o(i.CRC_CalcCRC), (16 bytes).
    Removing stm32f10x_crc.o(i.CRC_GetCRC), (12 bytes).
    Removing stm32f10x_crc.o(i.CRC_GetIDRegister), (12 bytes).
    Removing stm32f10x_crc.o(i.CRC_ResetDR), (12 bytes).
    Removing stm32f10x_crc.o(i.CRC_SetIDRegister), (12 bytes).
    Removing stm32f10x_dac.o(i.DAC_Cmd), (40 bytes).
    Removing stm32f10x_dac.o(i.DAC_DMACmd), (44 bytes).
    Removing stm32f10x_dac.o(i.DAC_DeInit), (22 bytes).
    Removing stm32f10x_dac.o(i.DAC_DualSoftwareTriggerCmd), (36 bytes).
    Removing stm32f10x_dac.o(i.DAC_GetDataOutputValue), (36 bytes).
    Removing stm32f10x_dac.o(i.DAC_Init), (52 bytes).
    Removing stm32f10x_dac.o(i.DAC_SetChannel1Data), (32 bytes).
    Removing stm32f10x_dac.o(i.DAC_SetChannel2Data), (32 bytes).
    Removing stm32f10x_dac.o(i.DAC_SetDualChannelData), (36 bytes).
    Removing stm32f10x_dac.o(i.DAC_SoftwareTriggerCmd), (44 bytes).
    Removing stm32f10x_dac.o(i.DAC_StructInit), (12 bytes).
    Removing stm32f10x_dac.o(i.DAC_WaveGenerationCmd), (40 bytes).
    Removing stm32f10x_dbgmcu.o(i.DBGMCU_Config), (32 bytes).
    Removing stm32f10x_dbgmcu.o(i.DBGMCU_GetDEVID), (16 bytes).
    Removing stm32f10x_dbgmcu.o(i.DBGMCU_GetREVID), (12 bytes).
    Removing stm32f10x_dma.o(i.DMA_ClearFlag), (28 bytes).
    Removing stm32f10x_dma.o(i.DMA_ClearITPendingBit), (28 bytes).
    Removing stm32f10x_dma.o(i.DMA_Cmd), (24 bytes).
    Removing stm32f10x_dma.o(i.DMA_DeInit), (332 bytes).
    Removing stm32f10x_dma.o(i.DMA_GetCurrDataCounter), (8 bytes).
    Removing stm32f10x_dma.o(i.DMA_GetFlagStatus), (44 bytes).
    Removing stm32f10x_dma.o(i.DMA_GetITStatus), (44 bytes).
    Removing stm32f10x_dma.o(i.DMA_ITConfig), (18 bytes).
    Removing stm32f10x_dma.o(i.DMA_Init), (60 bytes).
    Removing stm32f10x_dma.o(i.DMA_SetCurrDataCounter), (4 bytes).
    Removing stm32f10x_dma.o(i.DMA_StructInit), (26 bytes).
    Removing stm32f10x_exti.o(i.EXTI_ClearFlag), (12 bytes).
    Removing stm32f10x_exti.o(i.EXTI_DeInit), (36 bytes).
    Removing stm32f10x_exti.o(i.EXTI_GenerateSWInterrupt), (16 bytes).
    Removing stm32f10x_exti.o(i.EXTI_GetFlagStatus), (24 bytes).
    Removing stm32f10x_exti.o(i.EXTI_StructInit), (16 bytes).
    Removing stm32f10x_flash.o(i.FLASH_ClearFlag), (12 bytes).
    Removing stm32f10x_flash.o(i.FLASH_EnableWriteProtection), (196 bytes).
    Removing stm32f10x_flash.o(i.FLASH_EraseAllBank1Pages), (72 bytes).
    Removing stm32f10x_flash.o(i.FLASH_EraseAllPages), (72 bytes).
    Removing stm32f10x_flash.o(i.FLASH_EraseOptionBytes), (168 bytes).
    Removing stm32f10x_flash.o(i.FLASH_ErasePage), (76 bytes).
    Removing stm32f10x_flash.o(i.FLASH_GetBank1Status), (52 bytes).
    Removing stm32f10x_flash.o(i.FLASH_GetFlagStatus), (48 bytes).
    Removing stm32f10x_flash.o(i.FLASH_GetPrefetchBufferStatus), (24 bytes).
    Removing stm32f10x_flash.o(i.FLASH_GetReadOutProtectionStatus), (24 bytes).
    Removing stm32f10x_flash.o(i.FLASH_GetStatus), (52 bytes).
    Removing stm32f10x_flash.o(i.FLASH_GetUserOptionByte), (12 bytes).
    Removing stm32f10x_flash.o(i.FLASH_GetWriteProtectionOptionByte), (12 bytes).
    Removing stm32f10x_flash.o(i.FLASH_HalfCycleAccessCmd), (28 bytes).
    Removing stm32f10x_flash.o(i.FLASH_ITConfig), (32 bytes).
    Removing stm32f10x_flash.o(i.FLASH_Lock), (20 bytes).
    Removing stm32f10x_flash.o(i.FLASH_LockBank1), (20 bytes).
    Removing stm32f10x_flash.o(i.FLASH_PrefetchBufferCmd), (28 bytes).
    Removing stm32f10x_flash.o(i.FLASH_ProgramHalfWord), (64 bytes).
    Removing stm32f10x_flash.o(i.FLASH_ProgramOptionByteData), (84 bytes).
    Removing stm32f10x_flash.o(i.FLASH_ProgramWord), (108 bytes).
    Removing stm32f10x_flash.o(i.FLASH_ReadOutProtection), (172 bytes).
    Removing stm32f10x_flash.o(i.FLASH_SetLatency), (24 bytes).
    Removing stm32f10x_flash.o(i.FLASH_Unlock), (24 bytes).
    Removing stm32f10x_flash.o(i.FLASH_UnlockBank1), (24 bytes).
    Removing stm32f10x_flash.o(i.FLASH_UserOptionByteConfig), (104 bytes).
    Removing stm32f10x_flash.o(i.FLASH_WaitForLastBank1Operation), (38 bytes).
    Removing stm32f10x_flash.o(i.FLASH_WaitForLastOperation), (38 bytes).
    Removing stm32f10x_fsmc.o(i.FSMC_ClearFlag), (64 bytes).
    Removing stm32f10x_fsmc.o(i.FSMC_ClearITPendingBit), (72 bytes).
    Removing stm32f10x_fsmc.o(i.FSMC_GetECC), (28 bytes).
    Removing stm32f10x_fsmc.o(i.FSMC_GetFlagStatus), (56 bytes).
    Removing stm32f10x_fsmc.o(i.FSMC_GetITStatus), (68 bytes).
    Removing stm32f10x_fsmc.o(i.FSMC_ITConfig), (128 bytes).
    Removing stm32f10x_fsmc.o(i.FSMC_NANDCmd), (92 bytes).
    Removing stm32f10x_fsmc.o(i.FSMC_NANDDeInit), (68 bytes).
    Removing stm32f10x_fsmc.o(i.FSMC_NANDECCCmd), (92 bytes).
    Removing stm32f10x_fsmc.o(i.FSMC_NANDInit), (136 bytes).
    Removing stm32f10x_fsmc.o(i.FSMC_NANDStructInit), (54 bytes).
    Removing stm32f10x_fsmc.o(i.FSMC_NORSRAMDeInit), (54 bytes).
    Removing stm32f10x_fsmc.o(i.FSMC_NORSRAMStructInit), (114 bytes).
    Removing stm32f10x_fsmc.o(i.FSMC_PCCARDCmd), (48 bytes).
    Removing stm32f10x_fsmc.o(i.FSMC_PCCARDDeInit), (40 bytes).
    Removing stm32f10x_fsmc.o(i.FSMC_PCCARDInit), (132 bytes).
    Removing stm32f10x_fsmc.o(i.FSMC_PCCARDStructInit), (60 bytes).
    Removing stm32f10x_gpio.o(i.GPIO_AFIODeInit), (20 bytes).
    Removing stm32f10x_gpio.o(i.GPIO_DeInit), (200 bytes).
    Removing stm32f10x_gpio.o(i.GPIO_ETH_MediaInterfaceConfig), (12 bytes).
    Removing stm32f10x_gpio.o(i.GPIO_EventOutputCmd), (12 bytes).
    Removing stm32f10x_gpio.o(i.GPIO_EventOutputConfig), (32 bytes).
    Removing stm32f10x_gpio.o(i.GPIO_PinLockConfig), (18 bytes).
    Removing stm32f10x_gpio.o(i.GPIO_PinRemapConfig), (144 bytes).
    Removing stm32f10x_gpio.o(i.GPIO_ReadInputData), (8 bytes).
    Removing stm32f10x_gpio.o(i.GPIO_ReadOutputData), (8 bytes).
    Removing stm32f10x_gpio.o(i.GPIO_ReadOutputDataBit), (18 bytes).
    Removing stm32f10x_gpio.o(i.GPIO_StructInit), (16 bytes).
    Removing stm32f10x_gpio.o(i.GPIO_Write), (4 bytes).
    Removing stm32f10x_gpio.o(i.GPIO_WriteBit), (10 bytes).
    Removing stm32f10x_i2c.o(i.I2C_ARPCmd), (24 bytes).
    Removing stm32f10x_i2c.o(i.I2C_AcknowledgeConfig), (24 bytes).
    Removing stm32f10x_i2c.o(i.I2C_CalculatePEC), (24 bytes).
    Removing stm32f10x_i2c.o(i.I2C_CheckEvent), (42 bytes).
    Removing stm32f10x_i2c.o(i.I2C_ClearFlag), (12 bytes).
    Removing stm32f10x_i2c.o(i.I2C_ClearITPendingBit), (12 bytes).
    Removing stm32f10x_i2c.o(i.I2C_Cmd), (24 bytes).
    Removing stm32f10x_i2c.o(i.I2C_DMACmd), (24 bytes).
    Removing stm32f10x_i2c.o(i.I2C_DMALastTransferCmd), (24 bytes).
    Removing stm32f10x_i2c.o(i.I2C_DeInit), (56 bytes).
    Removing stm32f10x_i2c.o(i.I2C_DualAddressCmd), (24 bytes).
    Removing stm32f10x_i2c.o(i.I2C_FastModeDutyCycleConfig), (28 bytes).
    Removing stm32f10x_i2c.o(i.I2C_GeneralCallCmd), (24 bytes).
    Removing stm32f10x_i2c.o(i.I2C_GenerateSTART), (24 bytes).
    Removing stm32f10x_i2c.o(i.I2C_GenerateSTOP), (24 bytes).
    Removing stm32f10x_i2c.o(i.I2C_GetFlagStatus), (58 bytes).
    Removing stm32f10x_i2c.o(i.I2C_GetITStatus), (38 bytes).
    Removing stm32f10x_i2c.o(i.I2C_GetLastEvent), (26 bytes).
    Removing stm32f10x_i2c.o(i.I2C_GetPEC), (8 bytes).
    Removing stm32f10x_i2c.o(i.I2C_ITConfig), (18 bytes).
    Removing stm32f10x_i2c.o(i.I2C_Init), (236 bytes).
    Removing stm32f10x_i2c.o(i.I2C_NACKPositionConfig), (28 bytes).
    Removing stm32f10x_i2c.o(i.I2C_OwnAddress2Config), (22 bytes).
    Removing stm32f10x_i2c.o(i.I2C_PECPositionConfig), (28 bytes).
    Removing stm32f10x_i2c.o(i.I2C_ReadRegister), (22 bytes).
    Removing stm32f10x_i2c.o(i.I2C_ReceiveData), (8 bytes).
    Removing stm32f10x_i2c.o(i.I2C_SMBusAlertConfig), (28 bytes).
    Removing stm32f10x_i2c.o(i.I2C_Send7bitAddress), (18 bytes).
    Removing stm32f10x_i2c.o(i.I2C_SendData), (4 bytes).
    Removing stm32f10x_i2c.o(i.I2C_SoftwareResetCmd), (22 bytes).
    Removing stm32f10x_i2c.o(i.I2C_StretchClockCmd), (24 bytes).
    Removing stm32f10x_i2c.o(i.I2C_StructInit), (30 bytes).
    Removing stm32f10x_i2c.o(i.I2C_TransmitPEC), (24 bytes).
    Removing stm32f10x_iwdg.o(i.IWDG_Enable), (16 bytes).
    Removing stm32f10x_iwdg.o(i.IWDG_GetFlagStatus), (24 bytes).
    Removing stm32f10x_iwdg.o(i.IWDG_ReloadCounter), (16 bytes).
    Removing stm32f10x_iwdg.o(i.IWDG_SetPrescaler), (12 bytes).
    Removing stm32f10x_iwdg.o(i.IWDG_SetReload), (12 bytes).
    Removing stm32f10x_iwdg.o(i.IWDG_WriteAccessCmd), (12 bytes).
    Removing stm32f10x_pwr.o(i.PWR_BackupAccessCmd), (12 bytes).
    Removing stm32f10x_pwr.o(i.PWR_ClearFlag), (20 bytes).
    Removing stm32f10x_pwr.o(i.PWR_DeInit), (22 bytes).
    Removing stm32f10x_pwr.o(i.PWR_EnterSTANDBYMode), (52 bytes).
    Removing stm32f10x_pwr.o(i.PWR_EnterSTOPMode), (64 bytes).
    Removing stm32f10x_pwr.o(i.PWR_GetFlagStatus), (24 bytes).
    Removing stm32f10x_pwr.o(i.PWR_PVDCmd), (12 bytes).
    Removing stm32f10x_pwr.o(i.PWR_PVDLevelConfig), (24 bytes).
    Removing stm32f10x_pwr.o(i.PWR_WakeUpPinCmd), (12 bytes).
    Removing stm32f10x_rcc.o(i.RCC_ADCCLKConfig), (24 bytes).
    Removing stm32f10x_rcc.o(i.RCC_APB1PeriphClockCmd), (32 bytes).
    Removing stm32f10x_rcc.o(i.RCC_APB1PeriphResetCmd), (32 bytes).
    Removing stm32f10x_rcc.o(i.RCC_APB2PeriphResetCmd), (32 bytes).
    Removing stm32f10x_rcc.o(i.RCC_AdjustHSICalibrationValue), (24 bytes).
    Removing stm32f10x_rcc.o(i.RCC_BackupResetCmd), (12 bytes).
    Removing stm32f10x_rcc.o(i.RCC_ClearFlag), (20 bytes).
    Removing stm32f10x_rcc.o(i.RCC_ClearITPendingBit), (12 bytes).
    Removing stm32f10x_rcc.o(i.RCC_ClockSecuritySystemCmd), (12 bytes).
    Removing stm32f10x_rcc.o(i.RCC_DeInit), (76 bytes).
    Removing stm32f10x_rcc.o(i.RCC_GetClocksFreq), (212 bytes).
    Removing stm32f10x_rcc.o(i.RCC_GetFlagStatus), (60 bytes).
    Removing stm32f10x_rcc.o(i.RCC_GetITStatus), (24 bytes).
    Removing stm32f10x_rcc.o(i.RCC_GetSYSCLKSource), (16 bytes).
    Removing stm32f10x_rcc.o(i.RCC_HCLKConfig), (24 bytes).
    Removing stm32f10x_rcc.o(i.RCC_HSEConfig), (76 bytes).
    Removing stm32f10x_rcc.o(i.RCC_HSICmd), (12 bytes).
    Removing stm32f10x_rcc.o(i.RCC_ITConfig), (32 bytes).
    Removing stm32f10x_rcc.o(i.RCC_LSEConfig), (52 bytes).
    Removing stm32f10x_rcc.o(i.RCC_LSICmd), (12 bytes).
    Removing stm32f10x_rcc.o(i.RCC_MCOConfig), (12 bytes).
    Removing stm32f10x_rcc.o(i.RCC_PCLK1Config), (24 bytes).
    Removing stm32f10x_rcc.o(i.RCC_PCLK2Config), (24 bytes).
    Removing stm32f10x_rcc.o(i.RCC_PLLCmd), (12 bytes).
    Removing stm32f10x_rcc.o(i.RCC_PLLConfig), (28 bytes).
    Removing stm32f10x_rcc.o(i.RCC_RTCCLKCmd), (12 bytes).
    Removing stm32f10x_rcc.o(i.RCC_RTCCLKConfig), (16 bytes).
    Removing stm32f10x_rcc.o(i.RCC_SYSCLKConfig), (24 bytes).
    Removing stm32f10x_rcc.o(i.RCC_USBCLKConfig), (12 bytes).
    Removing stm32f10x_rcc.o(i.RCC_WaitForHSEStartUp), (56 bytes).
    Removing stm32f10x_rcc.o(.data), (20 bytes).
    Removing stm32f10x_rtc.o(i.RTC_ClearFlag), (16 bytes).
    Removing stm32f10x_rtc.o(i.RTC_ClearITPendingBit), (16 bytes).
    Removing stm32f10x_rtc.o(i.RTC_EnterConfigMode), (20 bytes).
    Removing stm32f10x_rtc.o(i.RTC_ExitConfigMode), (20 bytes).
    Removing stm32f10x_rtc.o(i.RTC_GetCounter), (20 bytes).
    Removing stm32f10x_rtc.o(i.RTC_GetDivider), (24 bytes).
    Removing stm32f10x_rtc.o(i.RTC_GetFlagStatus), (24 bytes).
    Removing stm32f10x_rtc.o(i.RTC_GetITStatus), (36 bytes).
    Removing stm32f10x_rtc.o(i.RTC_ITConfig), (32 bytes).
    Removing stm32f10x_rtc.o(i.RTC_SetAlarm), (28 bytes).
    Removing stm32f10x_rtc.o(i.RTC_SetCounter), (28 bytes).
    Removing stm32f10x_rtc.o(i.RTC_SetPrescaler), (32 bytes).
    Removing stm32f10x_rtc.o(i.RTC_WaitForLastTask), (20 bytes).
    Removing stm32f10x_rtc.o(i.RTC_WaitForSynchro), (36 bytes).
    Removing stm32f10x_sdio.o(i.SDIO_CEATAITCmd), (16 bytes).
    Removing stm32f10x_sdio.o(i.SDIO_ClearFlag), (12 bytes).
    Removing stm32f10x_sdio.o(i.SDIO_ClearITPendingBit), (12 bytes).
    Removing stm32f10x_sdio.o(i.SDIO_ClockCmd), (12 bytes).
    Removing stm32f10x_sdio.o(i.SDIO_CmdStructInit), (14 bytes).
    Removing stm32f10x_sdio.o(i.SDIO_CommandCompletionCmd), (12 bytes).
    Removing stm32f10x_sdio.o(i.SDIO_DMACmd), (12 bytes).
    Removing stm32f10x_sdio.o(i.SDIO_DataConfig), (48 bytes).
    Removing stm32f10x_sdio.o(i.SDIO_DataStructInit), (20 bytes).
    Removing stm32f10x_sdio.o(i.SDIO_DeInit), (36 bytes).
    Removing stm32f10x_sdio.o(i.SDIO_GetCommandResponse), (12 bytes).
    Removing stm32f10x_sdio.o(i.SDIO_GetDataCounter), (12 bytes).
    Removing stm32f10x_sdio.o(i.SDIO_GetFIFOCount), (12 bytes).
    Removing stm32f10x_sdio.o(i.SDIO_GetFlagStatus), (24 bytes).
    Removing stm32f10x_sdio.o(i.SDIO_GetITStatus), (24 bytes).
    Removing stm32f10x_sdio.o(i.SDIO_GetPowerState), (16 bytes).
    Removing stm32f10x_sdio.o(i.SDIO_GetResponse), (24 bytes).
    Removing stm32f10x_sdio.o(i.SDIO_ITConfig), (32 bytes).
    Removing stm32f10x_sdio.o(i.SDIO_Init), (48 bytes).
    Removing stm32f10x_sdio.o(i.SDIO_ReadData), (12 bytes).
    Removing stm32f10x_sdio.o(i.SDIO_SendCEATACmd), (12 bytes).
    Removing stm32f10x_sdio.o(i.SDIO_SendCommand), (44 bytes).
    Removing stm32f10x_sdio.o(i.SDIO_SendSDIOSuspendCmd), (12 bytes).
    Removing stm32f10x_sdio.o(i.SDIO_SetPowerState), (28 bytes).
    Removing stm32f10x_sdio.o(i.SDIO_SetSDIOOperation), (12 bytes).
    Removing stm32f10x_sdio.o(i.SDIO_SetSDIOReadWaitMode), (12 bytes).
    Removing stm32f10x_sdio.o(i.SDIO_StartSDIOReadWait), (12 bytes).
    Removing stm32f10x_sdio.o(i.SDIO_StopSDIOReadWait), (12 bytes).
    Removing stm32f10x_sdio.o(i.SDIO_StructInit), (16 bytes).
    Removing stm32f10x_sdio.o(i.SDIO_WriteData), (12 bytes).
    Removing stm32f10x_spi.o(i.I2S_Cmd), (24 bytes).
    Removing stm32f10x_spi.o(i.I2S_Init), (232 bytes).
    Removing stm32f10x_spi.o(i.I2S_StructInit), (20 bytes).
    Removing stm32f10x_spi.o(i.SPI_BiDirectionalLineConfig), (28 bytes).
    Removing stm32f10x_spi.o(i.SPI_CalculateCRC), (24 bytes).
    Removing stm32f10x_spi.o(i.SPI_Cmd), (24 bytes).
    Removing stm32f10x_spi.o(i.SPI_DataSizeConfig), (18 bytes).
    Removing stm32f10x_spi.o(i.SPI_GetCRC), (16 bytes).
    Removing stm32f10x_spi.o(i.SPI_GetCRCPolynomial), (6 bytes).
    Removing stm32f10x_spi.o(i.SPI_I2S_ClearFlag), (6 bytes).
    Removing stm32f10x_spi.o(i.SPI_I2S_ClearITPendingBit), (20 bytes).
    Removing stm32f10x_spi.o(i.SPI_I2S_DMACmd), (18 bytes).
    Removing stm32f10x_spi.o(i.SPI_I2S_DeInit), (88 bytes).
    Removing stm32f10x_spi.o(i.SPI_I2S_GetFlagStatus), (18 bytes).
    Removing stm32f10x_spi.o(i.SPI_I2S_GetITStatus), (52 bytes).
    Removing stm32f10x_spi.o(i.SPI_I2S_ITConfig), (32 bytes).
    Removing stm32f10x_spi.o(i.SPI_I2S_ReceiveData), (6 bytes).
    Removing stm32f10x_spi.o(i.SPI_I2S_SendData), (4 bytes).
    Removing stm32f10x_spi.o(i.SPI_Init), (60 bytes).
    Removing stm32f10x_spi.o(i.SPI_NSSInternalSoftwareConfig), (30 bytes).
    Removing stm32f10x_spi.o(i.SPI_SSOutputCmd), (24 bytes).
    Removing stm32f10x_spi.o(i.SPI_StructInit), (24 bytes).
    Removing stm32f10x_spi.o(i.SPI_TransmitCRC), (10 bytes).
    Removing stm32f10x_tim.o(i.TI1_Config), (128 bytes).
    Removing stm32f10x_tim.o(i.TI2_Config), (152 bytes).
    Removing stm32f10x_tim.o(i.TI3_Config), (144 bytes).
    Removing stm32f10x_tim.o(i.TI4_Config), (152 bytes).
    Removing stm32f10x_tim.o(i.TIM_ARRPreloadConfig), (24 bytes).
    Removing stm32f10x_tim.o(i.TIM_BDTRConfig), (32 bytes).
    Removing stm32f10x_tim.o(i.TIM_BDTRStructInit), (18 bytes).
    Removing stm32f10x_tim.o(i.TIM_CCPreloadControl), (24 bytes).
    Removing stm32f10x_tim.o(i.TIM_CCxCmd), (30 bytes).
    Removing stm32f10x_tim.o(i.TIM_CCxNCmd), (30 bytes).
    Removing stm32f10x_tim.o(i.TIM_ClearFlag), (6 bytes).
    Removing stm32f10x_tim.o(i.TIM_ClearITPendingBit), (6 bytes).
    Removing stm32f10x_tim.o(i.TIM_ClearOC1Ref), (18 bytes).
    Removing stm32f10x_tim.o(i.TIM_ClearOC2Ref), (24 bytes).
    Removing stm32f10x_tim.o(i.TIM_ClearOC3Ref), (18 bytes).
    Removing stm32f10x_tim.o(i.TIM_ClearOC4Ref), (24 bytes).
    Removing stm32f10x_tim.o(i.TIM_Cmd), (24 bytes).
    Removing stm32f10x_tim.o(i.TIM_CounterModeConfig), (18 bytes).
    Removing stm32f10x_tim.o(i.TIM_CtrlPWMOutputs), (30 bytes).
    Removing stm32f10x_tim.o(i.TIM_DMACmd), (18 bytes).
    Removing stm32f10x_tim.o(i.TIM_DMAConfig), (10 bytes).
    Removing stm32f10x_tim.o(i.TIM_DeInit), (488 bytes).
    Removing stm32f10x_tim.o(i.TIM_ETRClockMode1Config), (54 bytes).
    Removing stm32f10x_tim.o(i.TIM_ETRClockMode2Config), (32 bytes).
    Removing stm32f10x_tim.o(i.TIM_ETRConfig), (28 bytes).
    Removing stm32f10x_tim.o(i.TIM_EncoderInterfaceConfig), (66 bytes).
    Removing stm32f10x_tim.o(i.TIM_ForcedOC1Config), (18 bytes).
    Removing stm32f10x_tim.o(i.TIM_ForcedOC2Config), (26 bytes).
    Removing stm32f10x_tim.o(i.TIM_ForcedOC3Config), (18 bytes).
    Removing stm32f10x_tim.o(i.TIM_ForcedOC4Config), (26 bytes).
    Removing stm32f10x_tim.o(i.TIM_GenerateEvent), (4 bytes).
    Removing stm32f10x_tim.o(i.TIM_GetCapture1), (6 bytes).
    Removing stm32f10x_tim.o(i.TIM_GetCapture2), (6 bytes).
    Removing stm32f10x_tim.o(i.TIM_GetCapture3), (6 bytes).
    Removing stm32f10x_tim.o(i.TIM_GetCapture4), (8 bytes).
    Removing stm32f10x_tim.o(i.TIM_GetCounter), (6 bytes).
    Removing stm32f10x_tim.o(i.TIM_GetFlagStatus), (18 bytes).
    Removing stm32f10x_tim.o(i.TIM_GetITStatus), (34 bytes).
    Removing stm32f10x_tim.o(i.TIM_GetPrescaler), (6 bytes).
    Removing stm32f10x_tim.o(i.TIM_ICInit), (172 bytes).
    Removing stm32f10x_tim.o(i.TIM_ICStructInit), (18 bytes).
    Removing stm32f10x_tim.o(i.TIM_ITConfig), (18 bytes).
    Removing stm32f10x_tim.o(i.TIM_ITRxExternalClockConfig), (24 bytes).
    Removing stm32f10x_tim.o(i.TIM_InternalClockConfig), (12 bytes).
    Removing stm32f10x_tim.o(i.TIM_OC1FastConfig), (18 bytes).
    Removing stm32f10x_tim.o(i.TIM_OC1Init), (152 bytes).
    Removing stm32f10x_tim.o(i.TIM_OC1NPolarityConfig), (18 bytes).
    Removing stm32f10x_tim.o(i.TIM_OC1PolarityConfig), (18 bytes).
    Removing stm32f10x_tim.o(i.TIM_OC1PreloadConfig), (18 bytes).
    Removing stm32f10x_tim.o(i.TIM_OC2FastConfig), (26 bytes).
    Removing stm32f10x_tim.o(i.TIM_OC2Init), (164 bytes).
    Removing stm32f10x_tim.o(i.TIM_OC2NPolarityConfig), (26 bytes).
    Removing stm32f10x_tim.o(i.TIM_OC2PolarityConfig), (26 bytes).
    Removing stm32f10x_tim.o(i.TIM_OC2PreloadConfig), (26 bytes).
    Removing stm32f10x_tim.o(i.TIM_OC3FastConfig), (18 bytes).
    Removing stm32f10x_tim.o(i.TIM_OC3Init), (160 bytes).
    Removing stm32f10x_tim.o(i.TIM_OC3NPolarityConfig), (26 bytes).
    Removing stm32f10x_tim.o(i.TIM_OC3PolarityConfig), (26 bytes).
    Removing stm32f10x_tim.o(i.TIM_OC3PreloadConfig), (18 bytes).
    Removing stm32f10x_tim.o(i.TIM_OC4FastConfig), (26 bytes).
    Removing stm32f10x_tim.o(i.TIM_OC4Init), (124 bytes).
    Removing stm32f10x_tim.o(i.TIM_OC4PolarityConfig), (26 bytes).
    Removing stm32f10x_tim.o(i.TIM_OC4PreloadConfig), (26 bytes).
    Removing stm32f10x_tim.o(i.TIM_OCStructInit), (20 bytes).
    Removing stm32f10x_tim.o(i.TIM_PWMIConfig), (124 bytes).
    Removing stm32f10x_tim.o(i.TIM_PrescalerConfig), (6 bytes).
    Removing stm32f10x_tim.o(i.TIM_SelectCCDMA), (24 bytes).
    Removing stm32f10x_tim.o(i.TIM_SelectCOM), (24 bytes).
    Removing stm32f10x_tim.o(i.TIM_SelectHallSensor), (24 bytes).
    Removing stm32f10x_tim.o(i.TIM_SelectInputTrigger), (18 bytes).
    Removing stm32f10x_tim.o(i.TIM_SelectMasterSlaveMode), (18 bytes).
    Removing stm32f10x_tim.o(i.TIM_SelectOCxM), (82 bytes).
    Removing stm32f10x_tim.o(i.TIM_SelectOnePulseMode), (18 bytes).
    Removing stm32f10x_tim.o(i.TIM_SelectOutputTrigger), (18 bytes).
    Removing stm32f10x_tim.o(i.TIM_SelectSlaveMode), (18 bytes).
    Removing stm32f10x_tim.o(i.TIM_SetAutoreload), (4 bytes).
    Removing stm32f10x_tim.o(i.TIM_SetClockDivision), (18 bytes).
    Removing stm32f10x_tim.o(i.TIM_SetCompare1), (4 bytes).
    Removing stm32f10x_tim.o(i.TIM_SetCompare2), (4 bytes).
    Removing stm32f10x_tim.o(i.TIM_SetCompare3), (4 bytes).
    Removing stm32f10x_tim.o(i.TIM_SetCompare4), (6 bytes).
    Removing stm32f10x_tim.o(i.TIM_SetCounter), (4 bytes).
    Removing stm32f10x_tim.o(i.TIM_SetIC1Prescaler), (18 bytes).
    Removing stm32f10x_tim.o(i.TIM_SetIC2Prescaler), (26 bytes).
    Removing stm32f10x_tim.o(i.TIM_SetIC3Prescaler), (18 bytes).
    Removing stm32f10x_tim.o(i.TIM_SetIC4Prescaler), (26 bytes).
    Removing stm32f10x_tim.o(i.TIM_TIxExternalClockConfig), (62 bytes).
    Removing stm32f10x_tim.o(i.TIM_TimeBaseInit), (164 bytes).
    Removing stm32f10x_tim.o(i.TIM_TimeBaseStructInit), (18 bytes).
    Removing stm32f10x_tim.o(i.TIM_UpdateDisableConfig), (24 bytes).
    Removing stm32f10x_tim.o(i.TIM_UpdateRequestConfig), (24 bytes).
    Removing stm32f10x_usart.o(i.USART_ClearFlag), (18 bytes).
    Removing stm32f10x_usart.o(i.USART_ClearITPendingBit), (30 bytes).
    Removing stm32f10x_usart.o(i.USART_ClockInit), (34 bytes).
    Removing stm32f10x_usart.o(i.USART_ClockStructInit), (12 bytes).
    Removing stm32f10x_usart.o(i.USART_Cmd), (24 bytes).
    Removing stm32f10x_usart.o(i.USART_DMACmd), (18 bytes).
    Removing stm32f10x_usart.o(i.USART_DeInit), (156 bytes).
    Removing stm32f10x_usart.o(i.USART_GetFlagStatus), (26 bytes).
    Removing stm32f10x_usart.o(i.USART_GetITStatus), (84 bytes).
    Removing stm32f10x_usart.o(i.USART_HalfDuplexCmd), (24 bytes).
    Removing stm32f10x_usart.o(i.USART_ITConfig), (74 bytes).
    Removing stm32f10x_usart.o(i.USART_Init), (216 bytes).
    Removing stm32f10x_usart.o(i.USART_IrDACmd), (24 bytes).
    Removing stm32f10x_usart.o(i.USART_IrDAConfig), (18 bytes).
    Removing stm32f10x_usart.o(i.USART_LINBreakDetectLengthConfig), (18 bytes).
    Removing stm32f10x_usart.o(i.USART_LINCmd), (24 bytes).
    Removing stm32f10x_usart.o(i.USART_OneBitMethodCmd), (24 bytes).
    Removing stm32f10x_usart.o(i.USART_OverSampling8Cmd), (22 bytes).
    Removing stm32f10x_usart.o(i.USART_ReceiveData), (10 bytes).
    Removing stm32f10x_usart.o(i.USART_ReceiverWakeUpCmd), (24 bytes).
    Removing stm32f10x_usart.o(i.USART_SendBreak), (10 bytes).
    Removing stm32f10x_usart.o(i.USART_SendData), (8 bytes).
    Removing stm32f10x_usart.o(i.USART_SetAddress), (18 bytes).
    Removing stm32f10x_usart.o(i.USART_SetGuardTime), (16 bytes).
    Removing stm32f10x_usart.o(i.USART_SetPrescaler), (16 bytes).
    Removing stm32f10x_usart.o(i.USART_SmartCardCmd), (24 bytes).
    Removing stm32f10x_usart.o(i.USART_SmartCardNACKCmd), (24 bytes).
    Removing stm32f10x_usart.o(i.USART_StructInit), (24 bytes).
    Removing stm32f10x_usart.o(i.USART_WakeUpConfig), (18 bytes).
    Removing stm32f10x_wwdg.o(i.WWDG_ClearFlag), (12 bytes).
    Removing stm32f10x_wwdg.o(i.WWDG_DeInit), (22 bytes).
    Removing stm32f10x_wwdg.o(i.WWDG_Enable), (16 bytes).
    Removing stm32f10x_wwdg.o(i.WWDG_EnableIT), (12 bytes).
    Removing stm32f10x_wwdg.o(i.WWDG_GetFlagStatus), (12 bytes).
    Removing stm32f10x_wwdg.o(i.WWDG_SetCounter), (16 bytes).
    Removing stm32f10x_wwdg.o(i.WWDG_SetPrescaler), (24 bytes).
    Removing stm32f10x_wwdg.o(i.WWDG_SetWindowValue), (40 bytes).
    Removing bsp_ili9341_lcd.o(i.LCD_GetPoint), (32 bytes).
    Removing bsp_ili9341_lcd.o(i.LCD_RD_data), (36 bytes).
    Removing bsp_touch.o(i.Read_2046), (556 bytes).

465 unused section(s) (total 19482 bytes) removed from the image.

==============================================================================

Image Symbol Table

    Local Symbols

    Symbol Name                              Value     Ov Type        Size  Object(Section)

    ../clib/microlib/init/entry.s            0x00000000   Number         0  entry.o ABSOLUTE
    ../clib/microlib/init/entry.s            0x00000000   Number         0  entry8b.o ABSOLUTE
    ../clib/microlib/init/entry.s            0x00000000   Number         0  entry11b.o ABSOLUTE
    ../clib/microlib/init/entry.s            0x00000000   Number         0  entry11a.o ABSOLUTE
    ../clib/microlib/init/entry.s            0x00000000   Number         0  entry9a.o ABSOLUTE
    ../clib/microlib/init/entry.s            0x00000000   Number         0  entry10b.o ABSOLUTE
    ../clib/microlib/init/entry.s            0x00000000   Number         0  entry9b.o ABSOLUTE
    ../clib/microlib/init/entry.s            0x00000000   Number         0  entry8a.o ABSOLUTE
    ../clib/microlib/init/entry.s            0x00000000   Number         0  entry7b.o ABSOLUTE
    ../clib/microlib/init/entry.s            0x00000000   Number         0  entry7a.o ABSOLUTE
    ../clib/microlib/init/entry.s            0x00000000   Number         0  entry5.o ABSOLUTE
    ../clib/microlib/init/entry.s            0x00000000   Number         0  entry2.o ABSOLUTE
    ../clib/microlib/init/entry.s            0x00000000   Number         0  entry10a.o ABSOLUTE
    ../clib/microlib/longlong.c              0x00000000   Number         0  llsshr.o ABSOLUTE
    ../clib/microlib/longlong.c              0x00000000   Number         0  llushr.o ABSOLUTE
    ../clib/microlib/longlong.c              0x00000000   Number         0  llshl.o ABSOLUTE
    ../clib/microlib/string/memset.c         0x00000000   Number         0  memseta.o ABSOLUTE
    ../clib/microlib/stubs.s                 0x00000000   Number         0  iusefp.o ABSOLUTE
    ../fplib/microlib/fpadd.c                0x00000000   Number         0  dadd.o ABSOLUTE
    ../fplib/microlib/fpdiv.c                0x00000000   Number         0  ddiv.o ABSOLUTE
    ../fplib/microlib/fpepilogue.c           0x00000000   Number         0  depilogue.o ABSOLUTE
    ../fplib/microlib/fpfix.c                0x00000000   Number         0  dfixui.o ABSOLUTE
    ../fplib/microlib/fpflt.c                0x00000000   Number         0  dfltui.o ABSOLUTE
    ../fplib/microlib/fpflt.c                0x00000000   Number         0  dflti.o ABSOLUTE
    ../fplib/microlib/fpmul.c                0x00000000   Number         0  dmul.o ABSOLUTE
    ..\..\Libraries\CMSIS\core_cm3.c         0x00000000   Number         0  core_cm3.o ABSOLUTE
    ..\..\Libraries\CMSIS\startup\startup_stm32f10x_hd.s 0x00000000   Number         0  startup_stm32f10x_hd.o ABSOLUTE
    ..\..\Libraries\CMSIS\system_stm32f10x.c 0x00000000   Number         0  system_stm32f10x.o ABSOLUTE
    ..\..\Libraries\FWlib\src\misc.c         0x00000000   Number         0  misc.o ABSOLUTE
    ..\..\Libraries\FWlib\src\stm32f10x_adc.c 0x00000000   Number         0  stm32f10x_adc.o ABSOLUTE
    ..\..\Libraries\FWlib\src\stm32f10x_bkp.c 0x00000000   Number         0  stm32f10x_bkp.o ABSOLUTE
    ..\..\Libraries\FWlib\src\stm32f10x_can.c 0x00000000   Number         0  stm32f10x_can.o ABSOLUTE
    ..\..\Libraries\FWlib\src\stm32f10x_cec.c 0x00000000   Number         0  stm32f10x_cec.o ABSOLUTE
    ..\..\Libraries\FWlib\src\stm32f10x_crc.c 0x00000000   Number         0  stm32f10x_crc.o ABSOLUTE
    ..\..\Libraries\FWlib\src\stm32f10x_dac.c 0x00000000   Number         0  stm32f10x_dac.o ABSOLUTE
    ..\..\Libraries\FWlib\src\stm32f10x_dbgmcu.c 0x00000000   Number         0  stm32f10x_dbgmcu.o ABSOLUTE
    ..\..\Libraries\FWlib\src\stm32f10x_dma.c 0x00000000   Number         0  stm32f10x_dma.o ABSOLUTE
    ..\..\Libraries\FWlib\src\stm32f10x_exti.c 0x00000000   Number         0  stm32f10x_exti.o ABSOLUTE
    ..\..\Libraries\FWlib\src\stm32f10x_flash.c 0x00000000   Number         0  stm32f10x_flash.o ABSOLUTE
    ..\..\Libraries\FWlib\src\stm32f10x_fsmc.c 0x00000000   Number         0  stm32f10x_fsmc.o ABSOLUTE
    ..\..\Libraries\FWlib\src\stm32f10x_gpio.c 0x00000000   Number         0  stm32f10x_gpio.o ABSOLUTE
    ..\..\Libraries\FWlib\src\stm32f10x_i2c.c 0x00000000   Number         0  stm32f10x_i2c.o ABSOLUTE
    ..\..\Libraries\FWlib\src\stm32f10x_iwdg.c 0x00000000   Number         0  stm32f10x_iwdg.o ABSOLUTE
    ..\..\Libraries\FWlib\src\stm32f10x_pwr.c 0x00000000   Number         0  stm32f10x_pwr.o ABSOLUTE
    ..\..\Libraries\FWlib\src\stm32f10x_rcc.c 0x00000000   Number         0  stm32f10x_rcc.o ABSOLUTE
    ..\..\Libraries\FWlib\src\stm32f10x_rtc.c 0x00000000   Number         0  stm32f10x_rtc.o ABSOLUTE
    ..\..\Libraries\FWlib\src\stm32f10x_sdio.c 0x00000000   Number         0  stm32f10x_sdio.o ABSOLUTE
    ..\..\Libraries\FWlib\src\stm32f10x_spi.c 0x00000000   Number         0  stm32f10x_spi.o ABSOLUTE
    ..\..\Libraries\FWlib\src\stm32f10x_tim.c 0x00000000   Number         0  stm32f10x_tim.o ABSOLUTE
    ..\..\Libraries\FWlib\src\stm32f10x_usart.c 0x00000000   Number         0  stm32f10x_usart.o ABSOLUTE
    ..\..\Libraries\FWlib\src\stm32f10x_wwdg.c 0x00000000   Number         0  stm32f10x_wwdg.o ABSOLUTE
    ..\..\User\Lcd\bsp_ili9341_lcd.c         0x00000000   Number         0  bsp_ili9341_lcd.o ABSOLUTE
    ..\..\User\SysTick\bsp_SysTick.c         0x00000000   Number         0  bsp_systick.o ABSOLUTE
    ..\..\User\lcd\bsp_gpio_spi.c            0x00000000   Number         0  bsp_gpio_spi.o ABSOLUTE
    ..\..\User\lcd\bsp_touch.c               0x00000000   Number         0  bsp_touch.o ABSOLUTE
    ..\..\User\main.c                        0x00000000   Number         0  main.o ABSOLUTE
    ..\..\User\stm32f10x_it.c                0x00000000   Number         0  stm32f10x_it.o ABSOLUTE
    ..\\..\\Libraries\\CMSIS\\core_cm3.c     0x00000000   Number         0  core_cm3.o ABSOLUTE
    cdcmple.s                                0x00000000   Number         0  cdcmple.o ABSOLUTE
    dc.s                                     0x00000000   Number         0  dc.o ABSOLUTE
    handlers.s                               0x00000000   Number         0  handlers.o ABSOLUTE
    init.s                                   0x00000000   Number         0  init.o ABSOLUTE
    RESET                                    0x08000000   Section      304  startup_stm32f10x_hd.o(RESET)
    .ARM.Collect$$$$00000000                 0x08000130   Section        0  entry.o(.ARM.Collect$$$$00000000)
    .ARM.Collect$$$$00000001                 0x08000130   Section        4  entry2.o(.ARM.Collect$$$$00000001)
    .ARM.Collect$$$$00000004                 0x08000134   Section        4  entry5.o(.ARM.Collect$$$$00000004)
    .ARM.Collect$$$$00000008                 0x08000138   Section        0  entry7b.o(.ARM.Collect$$$$00000008)
    .ARM.Collect$$$$0000000A                 0x08000138   Section        0  entry8b.o(.ARM.Collect$$$$0000000A)
    .ARM.Collect$$$$0000000B                 0x08000138   Section        8  entry9a.o(.ARM.Collect$$$$0000000B)
    .ARM.Collect$$$$0000000D                 0x08000140   Section        0  entry10a.o(.ARM.Collect$$$$0000000D)
    .ARM.Collect$$$$0000000F                 0x08000140   Section        0  entry11a.o(.ARM.Collect$$$$0000000F)
    .ARM.Collect$$$$00002712                 0x08000140   Section        4  entry2.o(.ARM.Collect$$$$00002712)
    __lit__00000000                          0x08000140   Data           4  entry2.o(.ARM.Collect$$$$00002712)
    .text                                    0x08000144   Section       36  startup_stm32f10x_hd.o(.text)
    .text                                    0x08000168   Section        0  memseta.o(.text)
    .text                                    0x0800018c   Section        0  dadd.o(.text)
    .text                                    0x080002da   Section        0  dmul.o(.text)
    .text                                    0x080003be   Section        0  ddiv.o(.text)
    .text                                    0x0800049c   Section        0  dflti.o(.text)
    .text                                    0x080004be   Section        0  dfltui.o(.text)
    .text                                    0x080004d8   Section        0  dfixui.o(.text)
    .text                                    0x0800050c   Section       48  cdcmple.o(.text)
    .text                                    0x0800053c   Section        0  llshl.o(.text)
    .text                                    0x0800055a   Section        0  llushr.o(.text)
    .text                                    0x0800057a   Section        0  llsshr.o(.text)
    .text                                    0x0800059e   Section        0  depilogue.o(.text)
    .text                                    0x0800059e   Section        0  iusefp.o(.text)
    .text                                    0x08000658   Section       36  init.o(.text)
    i.BusFault_Handler                       0x0800067c   Section        0  stm32f10x_it.o(i.BusFault_Handler)
    i.Cal_touch_para                         0x08000680   Section        0  bsp_touch.o(i.Cal_touch_para)
    i.DebugMon_Handler                       0x080007e4   Section        0  stm32f10x_it.o(i.DebugMon_Handler)
    i.DelayUS                                0x080007e6   Section        0  bsp_touch.o(i.DelayUS)
    DelayUS                                  0x080007e7   Thumb Code    32  bsp_touch.o(i.DelayUS)
    i.Delay_us                               0x08000808   Section        0  bsp_systick.o(i.Delay_us)
    i.DrawCross                              0x08000830   Section        0  bsp_touch.o(i.DrawCross)
    i.EXTI9_5_IRQHandler                     0x08000860   Section        0  stm32f10x_it.o(i.EXTI9_5_IRQHandler)
    i.EXTI_ClearITPendingBit                 0x08000880   Section        0  stm32f10x_exti.o(i.EXTI_ClearITPendingBit)
    i.EXTI_GetITStatus                       0x0800088c   Section        0  stm32f10x_exti.o(i.EXTI_GetITStatus)
    i.EXTI_Init                              0x080008b4   Section        0  stm32f10x_exti.o(i.EXTI_Init)
    i.FSMC_NORSRAMCmd                        0x08000948   Section        0  stm32f10x_fsmc.o(i.FSMC_NORSRAMCmd)
    i.FSMC_NORSRAMInit                       0x0800097c   Section        0  stm32f10x_fsmc.o(i.FSMC_NORSRAMInit)
    i.GPIO_EXTILineConfig                    0x08000a64   Section        0  stm32f10x_gpio.o(i.GPIO_EXTILineConfig)
    i.GPIO_Init                              0x08000aa4   Section        0  stm32f10x_gpio.o(i.GPIO_Init)
    i.GPIO_ReadInputDataBit                  0x08000bba   Section        0  stm32f10x_gpio.o(i.GPIO_ReadInputDataBit)
    i.GPIO_ResetBits                         0x08000bcc   Section        0  stm32f10x_gpio.o(i.GPIO_ResetBits)
    i.GPIO_SPI_Config                        0x08000bd0   Section        0  bsp_gpio_spi.o(i.GPIO_SPI_Config)
    i.GPIO_SetBits                           0x08000c54   Section        0  stm32f10x_gpio.o(i.GPIO_SetBits)
    i.Get_touch_point                        0x08000c58   Section        0  bsp_touch.o(i.Get_touch_point)
    i.HardFault_Handler                      0x08000d44   Section        0  stm32f10x_it.o(i.HardFault_Handler)
    i.LCD_Clear                              0x08000d48   Section        0  bsp_ili9341_lcd.o(i.LCD_Clear)
    i.LCD_DisNum                             0x08000db8   Section        0  bsp_ili9341_lcd.o(i.LCD_DisNum)
    i.LCD_DispChar                           0x08000e20   Section        0  bsp_ili9341_lcd.o(i.LCD_DispChar)
    i.LCD_DispStr                            0x08000e94   Section        0  bsp_ili9341_lcd.o(i.LCD_DispStr)
    i.LCD_FSMC_Config                        0x08000ed0   Section        0  bsp_ili9341_lcd.o(i.LCD_FSMC_Config)
    i.LCD_GPIO_Config                        0x08000f30   Section        0  bsp_ili9341_lcd.o(i.LCD_GPIO_Config)
    i.LCD_Init                               0x08000ff0   Section        0  bsp_ili9341_lcd.o(i.LCD_Init)
    i.LCD_OpenWindow                         0x08001004   Section        0  bsp_ili9341_lcd.o(i.LCD_OpenWindow)
    i.LCD_REG_Config                         0x08001054   Section        0  bsp_ili9341_lcd.o(i.LCD_REG_Config)
    i.LCD_Rst                                0x08001268   Section        0  bsp_ili9341_lcd.o(i.LCD_Rst)
    i.LCD_SetCursor                          0x08001294   Section        0  bsp_ili9341_lcd.o(i.LCD_SetCursor)
    i.LCD_SetPoint                           0x080012ce   Section        0  bsp_ili9341_lcd.o(i.LCD_SetPoint)
    i.Lcd_Delay                              0x080012ee   Section        0  bsp_ili9341_lcd.o(i.Lcd_Delay)
    i.Lcd_GramScan                           0x08001300   Section        0  bsp_ili9341_lcd.o(i.Lcd_GramScan)
    i.MemManage_Handler                      0x08001426   Section        0  stm32f10x_it.o(i.MemManage_Handler)
    i.NMI_Handler                            0x0800142a   Section        0  stm32f10x_it.o(i.NMI_Handler)
    i.NVIC_Init                              0x0800142c   Section        0  misc.o(i.NVIC_Init)
    i.NVIC_PriorityGroupConfig               0x0800149c   Section        0  misc.o(i.NVIC_PriorityGroupConfig)
    i.Palette_Init                           0x080014b0   Section        0  bsp_touch.o(i.Palette_Init)
    i.Palette_draw_point                     0x08001634   Section        0  bsp_touch.o(i.Palette_draw_point)
    i.PendSV_Handler                         0x080016f0   Section        0  stm32f10x_it.o(i.PendSV_Handler)
    i.RCC_AHBPeriphClockCmd                  0x080016f4   Section        0  stm32f10x_rcc.o(i.RCC_AHBPeriphClockCmd)
    i.RCC_APB2PeriphClockCmd                 0x08001714   Section        0  stm32f10x_rcc.o(i.RCC_APB2PeriphClockCmd)
    i.Read_2046_2                            0x08001734   Section        0  bsp_touch.o(i.Read_2046_2)
    i.SVC_Handler                            0x08001830   Section        0  stm32f10x_it.o(i.SVC_Handler)
    i.SetSysClock                            0x08001832   Section        0  system_stm32f10x.o(i.SetSysClock)
    SetSysClock                              0x08001833   Thumb Code     8  system_stm32f10x.o(i.SetSysClock)
    i.SetSysClockTo72                        0x0800183c   Section        0  system_stm32f10x.o(i.SetSysClockTo72)
    SetSysClockTo72                          0x0800183d   Thumb Code   214  system_stm32f10x.o(i.SetSysClockTo72)
    i.SysTick_Handler                        0x0800191c   Section        0  stm32f10x_it.o(i.SysTick_Handler)
    i.SysTick_Init                           0x08001924   Section        0  bsp_systick.o(i.SysTick_Init)
    i.SystemInit                             0x080019a0   Section        0  system_stm32f10x.o(i.SystemInit)
    i.TP_INT_GPIO_Config                     0x08001a00   Section        0  bsp_gpio_spi.o(i.TP_INT_GPIO_Config)
    TP_INT_GPIO_Config                       0x08001a01   Thumb Code    76  bsp_gpio_spi.o(i.TP_INT_GPIO_Config)
    i.TP_INT_NVIC_Config                     0x08001a50   Section        0  bsp_gpio_spi.o(i.TP_INT_NVIC_Config)
    TP_INT_NVIC_Config                       0x08001a51   Thumb Code    38  bsp_gpio_spi.o(i.TP_INT_NVIC_Config)
    i.TimingDelay_Decrement                  0x08001a78   Section        0  bsp_systick.o(i.TimingDelay_Decrement)
    i.Touch_Calibrate                        0x08001a90   Section        0  bsp_touch.o(i.Touch_Calibrate)
    i.Touch_GetAdXY                          0x08001e54   Section        0  bsp_touch.o(i.Touch_GetAdXY)
    i.Touch_Init                             0x08001e7a   Section        0  bsp_touch.o(i.Touch_Init)
    i.UsageFault_Handler                     0x08001e82   Section        0  stm32f10x_it.o(i.UsageFault_Handler)
    i.XPT2046_ReadAdc                        0x08001e86   Section        0  bsp_touch.o(i.XPT2046_ReadAdc)
    i.XPT2046_ReadCMD                        0x08001e98   Section        0  bsp_touch.o(i.XPT2046_ReadCMD)
    XPT2046_ReadCMD                          0x08001e99   Thumb Code    88  bsp_touch.o(i.XPT2046_ReadCMD)
    i.XPT2046_WriteCMD                       0x08001ef8   Section        0  bsp_touch.o(i.XPT2046_WriteCMD)
    XPT2046_WriteCMD                         0x08001ef9   Thumb Code   100  bsp_touch.o(i.XPT2046_WriteCMD)
    i.__scatterload_copy                     0x08001f64   Section       14  handlers.o(i.__scatterload_copy)
    i.__scatterload_null                     0x08001f72   Section        2  handlers.o(i.__scatterload_null)
    i.__scatterload_zeroinit                 0x08001f74   Section       14  handlers.o(i.__scatterload_zeroinit)
    i.main                                   0x08001f84   Section        0  main.o(i.main)
    .constdata                               0x08001ff0   Section     1140  bsp_ili9341_lcd.o(.constdata)
    .data                                    0x20000000   Section       20  system_stm32f10x.o(.data)
    .data                                    0x20000014   Section        1  stm32f10x_it.o(.data)
    .data                                    0x20000018   Section        4  bsp_systick.o(.data)
    TimingDelay                              0x20000018   Data           4  bsp_systick.o(.data)
    .data                                    0x20000020   Section       78  bsp_touch.o(.data)
    screen                                   0x20000064   Data           4  bsp_touch.o(.data)
    screen2                                  0x20000068   Data           4  bsp_touch.o(.data)
    Pen_color                                0x2000006c   Data           2  bsp_touch.o(.data)
    .bss                                     0x20000070   Section       72  bsp_touch.o(.bss)
    STACK                                    0x200000b8   Section     1024  startup_stm32f10x_hd.o(STACK)

    Global Symbols

    Symbol Name                              Value     Ov Type        Size  Object(Section)

    BuildAttributes$$THM_ISAv4$P$D$K$B$S$PE$A:L22UL41UL21$X:L11$S22US41US21$IEEE1$IW$USESV6$~STKCKD$USESV7$~SHL$OSPACE$ROPI$EBA8$MICROLIB$REQ8$PRES8$EABIv2 0x00000000   Number         0  anon$$obj.o ABSOLUTE
    __ARM_use_no_argv                        0x00000000   Number         0  main.o ABSOLUTE
    __cpp_initialize__aeabi_                  - Undefined Weak Reference
    __cxa_finalize                            - Undefined Weak Reference
    __decompress                              - Undefined Weak Reference
    _clock_init                               - Undefined Weak Reference
    _microlib_exit                            - Undefined Weak Reference
    __Vectors_Size                           0x00000130   Number         0  startup_stm32f10x_hd.o ABSOLUTE
    __Vectors                                0x08000000   Data           4  startup_stm32f10x_hd.o(RESET)
    __Vectors_End                            0x08000130   Data           0  startup_stm32f10x_hd.o(RESET)
    __main                                   0x08000131   Thumb Code     0  entry.o(.ARM.Collect$$$$00000000)
    _main_stk                                0x08000131   Thumb Code     0  entry2.o(.ARM.Collect$$$$00000001)
    _main_scatterload                        0x08000135   Thumb Code     0  entry5.o(.ARM.Collect$$$$00000004)
    __main_after_scatterload                 0x08000139   Thumb Code     0  entry5.o(.ARM.Collect$$$$00000004)
    _main_clock                              0x08000139   Thumb Code     0  entry7b.o(.ARM.Collect$$$$00000008)
    _main_cpp_init                           0x08000139   Thumb Code     0  entry8b.o(.ARM.Collect$$$$0000000A)
    _main_init                               0x08000139   Thumb Code     0  entry9a.o(.ARM.Collect$$$$0000000B)
    __rt_final_cpp                           0x08000141   Thumb Code     0  entry10a.o(.ARM.Collect$$$$0000000D)
    __rt_final_exit                          0x08000141   Thumb Code     0  entry11a.o(.ARM.Collect$$$$0000000F)
    Reset_Handler                            0x08000145   Thumb Code     8  startup_stm32f10x_hd.o(.text)
    ADC1_2_IRQHandler                        0x0800015f   Thumb Code     0  startup_stm32f10x_hd.o(.text)
    ADC3_IRQHandler                          0x0800015f   Thumb Code     0  startup_stm32f10x_hd.o(.text)
    CAN1_RX1_IRQHandler                      0x0800015f   Thumb Code     0  startup_stm32f10x_hd.o(.text)
    CAN1_SCE_IRQHandler                      0x0800015f   Thumb Code     0  startup_stm32f10x_hd.o(.text)
    DMA1_Channel1_IRQHandler                 0x0800015f   Thumb Code     0  startup_stm32f10x_hd.o(.text)
    DMA1_Channel2_IRQHandler                 0x0800015f   Thumb Code     0  startup_stm32f10x_hd.o(.text)
    DMA1_Channel3_IRQHandler                 0x0800015f   Thumb Code     0  startup_stm32f10x_hd.o(.text)
    DMA1_Channel4_IRQHandler                 0x0800015f   Thumb Code     0  startup_stm32f10x_hd.o(.text)
    DMA1_Channel5_IRQHandler                 0x0800015f   Thumb Code     0  startup_stm32f10x_hd.o(.text)
    DMA1_Channel6_IRQHandler                 0x0800015f   Thumb Code     0  startup_stm32f10x_hd.o(.text)
    DMA1_Channel7_IRQHandler                 0x0800015f   Thumb Code     0  startup_stm32f10x_hd.o(.text)
    DMA2_Channel1_IRQHandler                 0x0800015f   Thumb Code     0  startup_stm32f10x_hd.o(.text)
    DMA2_Channel2_IRQHandler                 0x0800015f   Thumb Code     0  startup_stm32f10x_hd.o(.text)
    DMA2_Channel3_IRQHandler                 0x0800015f   Thumb Code     0  startup_stm32f10x_hd.o(.text)
    DMA2_Channel4_5_IRQHandler               0x0800015f   Thumb Code     0  startup_stm32f10x_hd.o(.text)
    EXTI0_IRQHandler                         0x0800015f   Thumb Code     0  startup_stm32f10x_hd.o(.text)
    EXTI15_10_IRQHandler                     0x0800015f   Thumb Code     0  startup_stm32f10x_hd.o(.text)
    EXTI1_IRQHandler                         0x0800015f   Thumb Code     0  startup_stm32f10x_hd.o(.text)
    EXTI2_IRQHandler                         0x0800015f   Thumb Code     0  startup_stm32f10x_hd.o(.text)
    EXTI3_IRQHandler                         0x0800015f   Thumb Code     0  startup_stm32f10x_hd.o(.text)
    EXTI4_IRQHandler                         0x0800015f   Thumb Code     0  startup_stm32f10x_hd.o(.text)
    FLASH_IRQHandler                         0x0800015f   Thumb Code     0  startup_stm32f10x_hd.o(.text)
    FSMC_IRQHandler                          0x0800015f   Thumb Code     0  startup_stm32f10x_hd.o(.text)
    I2C1_ER_IRQHandler                       0x0800015f   Thumb Code     0  startup_stm32f10x_hd.o(.text)
    I2C1_EV_IRQHandler                       0x0800015f   Thumb Code     0  startup_stm32f10x_hd.o(.text)
    I2C2_ER_IRQHandler                       0x0800015f   Thumb Code     0  startup_stm32f10x_hd.o(.text)
    I2C2_EV_IRQHandler                       0x0800015f   Thumb Code     0  startup_stm32f10x_hd.o(.text)
    PVD_IRQHandler                           0x0800015f   Thumb Code     0  startup_stm32f10x_hd.o(.text)
    RCC_IRQHandler                           0x0800015f   Thumb Code     0  startup_stm32f10x_hd.o(.text)
    RTCAlarm_IRQHandler                      0x0800015f   Thumb Code     0  startup_stm32f10x_hd.o(.text)
    RTC_IRQHandler                           0x0800015f   Thumb Code     0  startup_stm32f10x_hd.o(.text)
    SDIO_IRQHandler                          0x0800015f   Thumb Code     0  startup_stm32f10x_hd.o(.text)
    SPI1_IRQHandler                          0x0800015f   Thumb Code     0  startup_stm32f10x_hd.o(.text)
    SPI2_IRQHandler                          0x0800015f   Thumb Code     0  startup_stm32f10x_hd.o(.text)
    SPI3_IRQHandler                          0x0800015f   Thumb Code     0  startup_stm32f10x_hd.o(.text)
    TAMPER_IRQHandler                        0x0800015f   Thumb Code     0  startup_stm32f10x_hd.o(.text)
    TIM1_BRK_IRQHandler                      0x0800015f   Thumb Code     0  startup_stm32f10x_hd.o(.text)
    TIM1_CC_IRQHandler                       0x0800015f   Thumb Code     0  startup_stm32f10x_hd.o(.text)
    TIM1_TRG_COM_IRQHandler                  0x0800015f   Thumb Code     0  startup_stm32f10x_hd.o(.text)
    TIM1_UP_IRQHandler                       0x0800015f   Thumb Code     0  startup_stm32f10x_hd.o(.text)
    TIM2_IRQHandler                          0x0800015f   Thumb Code     0  startup_stm32f10x_hd.o(.text)
    TIM3_IRQHandler                          0x0800015f   Thumb Code     0  startup_stm32f10x_hd.o(.text)
    TIM4_IRQHandler                          0x0800015f   Thumb Code     0  startup_stm32f10x_hd.o(.text)
    TIM5_IRQHandler                          0x0800015f   Thumb Code     0  startup_stm32f10x_hd.o(.text)
    TIM6_IRQHandler                          0x0800015f   Thumb Code     0  startup_stm32f10x_hd.o(.text)
    TIM7_IRQHandler                          0x0800015f   Thumb Code     0  startup_stm32f10x_hd.o(.text)
    TIM8_BRK_IRQHandler                      0x0800015f   Thumb Code     0  startup_stm32f10x_hd.o(.text)
    TIM8_CC_IRQHandler                       0x0800015f   Thumb Code     0  startup_stm32f10x_hd.o(.text)
    TIM8_TRG_COM_IRQHandler                  0x0800015f   Thumb Code     0  startup_stm32f10x_hd.o(.text)
    TIM8_UP_IRQHandler                       0x0800015f   Thumb Code     0  startup_stm32f10x_hd.o(.text)
    UART4_IRQHandler                         0x0800015f   Thumb Code     0  startup_stm32f10x_hd.o(.text)
    UART5_IRQHandler                         0x0800015f   Thumb Code     0  startup_stm32f10x_hd.o(.text)
    USART1_IRQHandler                        0x0800015f   Thumb Code     0  startup_stm32f10x_hd.o(.text)
    USART2_IRQHandler                        0x0800015f   Thumb Code     0  startup_stm32f10x_hd.o(.text)
    USART3_IRQHandler                        0x0800015f   Thumb Code     0  startup_stm32f10x_hd.o(.text)
    USBWakeUp_IRQHandler                     0x0800015f   Thumb Code     0  startup_stm32f10x_hd.o(.text)
    USB_HP_CAN1_TX_IRQHandler                0x0800015f   Thumb Code     0  startup_stm32f10x_hd.o(.text)
    USB_LP_CAN1_RX0_IRQHandler               0x0800015f   Thumb Code     0  startup_stm32f10x_hd.o(.text)
    WWDG_IRQHandler                          0x0800015f   Thumb Code     0  startup_stm32f10x_hd.o(.text)
    __aeabi_memset                           0x08000169   Thumb Code    14  memseta.o(.text)
    __aeabi_memset4                          0x08000169   Thumb Code     0  memseta.o(.text)
    __aeabi_memset8                          0x08000169   Thumb Code     0  memseta.o(.text)
    __aeabi_memclr                           0x08000177   Thumb Code     4  memseta.o(.text)
    __aeabi_memclr4                          0x08000177   Thumb Code     0  memseta.o(.text)
    __aeabi_memclr8                          0x08000177   Thumb Code     0  memseta.o(.text)
    _memset$wrapper                          0x0800017b   Thumb Code    18  memseta.o(.text)
    __aeabi_dadd                             0x0800018d   Thumb Code   322  dadd.o(.text)
    __aeabi_dsub                             0x080002cf   Thumb Code     6  dadd.o(.text)
    __aeabi_drsub                            0x080002d5   Thumb Code     6  dadd.o(.text)
    __aeabi_dmul                             0x080002db   Thumb Code   228  dmul.o(.text)
    __aeabi_ddiv                             0x080003bf   Thumb Code   222  ddiv.o(.text)
    __aeabi_i2d                              0x0800049d   Thumb Code    34  dflti.o(.text)
    __aeabi_ui2d                             0x080004bf   Thumb Code    26  dfltui.o(.text)
    __aeabi_d2uiz                            0x080004d9   Thumb Code    50  dfixui.o(.text)
    __aeabi_cdcmpeq                          0x0800050d   Thumb Code     0  cdcmple.o(.text)
    __aeabi_cdcmple                          0x0800050d   Thumb Code    48  cdcmple.o(.text)
    __aeabi_llsl                             0x0800053d   Thumb Code    30  llshl.o(.text)
    _ll_shift_l                              0x0800053d   Thumb Code     0  llshl.o(.text)
    __aeabi_llsr                             0x0800055b   Thumb Code    32  llushr.o(.text)
    _ll_ushift_r                             0x0800055b   Thumb Code     0  llushr.o(.text)
    __aeabi_lasr                             0x0800057b   Thumb Code    36  llsshr.o(.text)
    _ll_sshift_r                             0x0800057b   Thumb Code     0  llsshr.o(.text)
    __I$use$fp                               0x0800059f   Thumb Code     0  iusefp.o(.text)
    _double_round                            0x0800059f   Thumb Code    30  depilogue.o(.text)
    _double_epilogue                         0x080005bd   Thumb Code   156  depilogue.o(.text)
    __scatterload                            0x08000659   Thumb Code    28  init.o(.text)
    __scatterload_rt2                        0x08000659   Thumb Code     0  init.o(.text)
    BusFault_Handler                         0x0800067d   Thumb Code     4  stm32f10x_it.o(i.BusFault_Handler)
    Cal_touch_para                           0x08000681   Thumb Code   356  bsp_touch.o(i.Cal_touch_para)
    DebugMon_Handler                         0x080007e5   Thumb Code     2  stm32f10x_it.o(i.DebugMon_Handler)
    Delay_us                                 0x08000809   Thumb Code    36  bsp_systick.o(i.Delay_us)
    DrawCross                                0x08000831   Thumb Code    48  bsp_touch.o(i.DrawCross)
    EXTI9_5_IRQHandler                       0x08000861   Thumb Code    26  stm32f10x_it.o(i.EXTI9_5_IRQHandler)
    EXTI_ClearITPendingBit                   0x08000881   Thumb Code     6  stm32f10x_exti.o(i.EXTI_ClearITPendingBit)
    EXTI_GetITStatus                         0x0800088d   Thumb Code    34  stm32f10x_exti.o(i.EXTI_GetITStatus)
    EXTI_Init                                0x080008b5   Thumb Code   142  stm32f10x_exti.o(i.EXTI_Init)
    FSMC_NORSRAMCmd                          0x08000949   Thumb Code    46  stm32f10x_fsmc.o(i.FSMC_NORSRAMCmd)
    FSMC_NORSRAMInit                         0x0800097d   Thumb Code   230  stm32f10x_fsmc.o(i.FSMC_NORSRAMInit)
    GPIO_EXTILineConfig                      0x08000a65   Thumb Code    60  stm32f10x_gpio.o(i.GPIO_EXTILineConfig)
    GPIO_Init                                0x08000aa5   Thumb Code   278  stm32f10x_gpio.o(i.GPIO_Init)
    GPIO_ReadInputDataBit                    0x08000bbb   Thumb Code    18  stm32f10x_gpio.o(i.GPIO_ReadInputDataBit)
    GPIO_ResetBits                           0x08000bcd   Thumb Code     4  stm32f10x_gpio.o(i.GPIO_ResetBits)
    GPIO_SPI_Config                          0x08000bd1   Thumb Code   124  bsp_gpio_spi.o(i.GPIO_SPI_Config)
    GPIO_SetBits                             0x08000c55   Thumb Code     4  stm32f10x_gpio.o(i.GPIO_SetBits)
    Get_touch_point                          0x08000c59   Thumb Code   210  bsp_touch.o(i.Get_touch_point)
    HardFault_Handler                        0x08000d45   Thumb Code     4  stm32f10x_it.o(i.HardFault_Handler)
    LCD_Clear                                0x08000d49   Thumb Code   112  bsp_ili9341_lcd.o(i.LCD_Clear)
    LCD_DisNum                               0x08000db9   Thumb Code   104  bsp_ili9341_lcd.o(i.LCD_DisNum)
    LCD_DispChar                             0x08000e21   Thumb Code   110  bsp_ili9341_lcd.o(i.LCD_DispChar)
    LCD_DispStr                              0x08000e95   Thumb Code    60  bsp_ili9341_lcd.o(i.LCD_DispStr)
    LCD_FSMC_Config                          0x08000ed1   Thumb Code    94  bsp_ili9341_lcd.o(i.LCD_FSMC_Config)
    LCD_GPIO_Config                          0x08000f31   Thumb Code   174  bsp_ili9341_lcd.o(i.LCD_GPIO_Config)
    LCD_Init                                 0x08000ff1   Thumb Code    20  bsp_ili9341_lcd.o(i.LCD_Init)
    LCD_OpenWindow                           0x08001005   Thumb Code    80  bsp_ili9341_lcd.o(i.LCD_OpenWindow)
    LCD_REG_Config                           0x08001055   Thumb Code   526  bsp_ili9341_lcd.o(i.LCD_REG_Config)
    LCD_Rst                                  0x08001269   Thumb Code    36  bsp_ili9341_lcd.o(i.LCD_Rst)
    LCD_SetCursor                            0x08001295   Thumb Code    58  bsp_ili9341_lcd.o(i.LCD_SetCursor)
    LCD_SetPoint                             0x080012cf   Thumb Code    32  bsp_ili9341_lcd.o(i.LCD_SetPoint)
    Lcd_Delay                                0x080012ef   Thumb Code    18  bsp_ili9341_lcd.o(i.Lcd_Delay)
    Lcd_GramScan                             0x08001301   Thumb Code   294  bsp_ili9341_lcd.o(i.Lcd_GramScan)
    MemManage_Handler                        0x08001427   Thumb Code     4  stm32f10x_it.o(i.MemManage_Handler)
    NMI_Handler                              0x0800142b   Thumb Code     2  stm32f10x_it.o(i.NMI_Handler)
    NVIC_Init                                0x0800142d   Thumb Code   100  misc.o(i.NVIC_Init)
    NVIC_PriorityGroupConfig                 0x0800149d   Thumb Code    10  misc.o(i.NVIC_PriorityGroupConfig)
    Palette_Init                             0x080014b1   Thumb Code   246  bsp_touch.o(i.Palette_Init)
    Palette_draw_point                       0x08001635   Thumb Code   184  bsp_touch.o(i.Palette_draw_point)
    PendSV_Handler                           0x080016f1   Thumb Code     2  stm32f10x_it.o(i.PendSV_Handler)
    RCC_AHBPeriphClockCmd                    0x080016f5   Thumb Code    26  stm32f10x_rcc.o(i.RCC_AHBPeriphClockCmd)
    RCC_APB2PeriphClockCmd                   0x08001715   Thumb Code    26  stm32f10x_rcc.o(i.RCC_APB2PeriphClockCmd)
    Read_2046_2                              0x08001735   Thumb Code   238  bsp_touch.o(i.Read_2046_2)
    SVC_Handler                              0x08001831   Thumb Code     2  stm32f10x_it.o(i.SVC_Handler)
    SysTick_Handler                          0x0800191d   Thumb Code     8  stm32f10x_it.o(i.SysTick_Handler)
    SysTick_Init                             0x08001925   Thumb Code   106  bsp_systick.o(i.SysTick_Init)
    SystemInit                               0x080019a1   Thumb Code    78  system_stm32f10x.o(i.SystemInit)
    TimingDelay_Decrement                    0x08001a79   Thumb Code    18  bsp_systick.o(i.TimingDelay_Decrement)
    Touch_Calibrate                          0x08001a91   Thumb Code   752  bsp_touch.o(i.Touch_Calibrate)
    Touch_GetAdXY                            0x08001e55   Thumb Code    38  bsp_touch.o(i.Touch_GetAdXY)
    Touch_Init                               0x08001e7b   Thumb Code     8  bsp_touch.o(i.Touch_Init)
    UsageFault_Handler                       0x08001e83   Thumb Code     4  stm32f10x_it.o(i.UsageFault_Handler)
    XPT2046_ReadAdc                          0x08001e87   Thumb Code    16  bsp_touch.o(i.XPT2046_ReadAdc)
    __scatterload_copy                       0x08001f65   Thumb Code    14  handlers.o(i.__scatterload_copy)
    __scatterload_null                       0x08001f73   Thumb Code     2  handlers.o(i.__scatterload_null)
    __scatterload_zeroinit                   0x08001f75   Thumb Code    14  handlers.o(i.__scatterload_zeroinit)
    main                                     0x08001f85   Thumb Code    94  main.o(i.main)
    asc2_1206                                0x08001ff0   Data        1140  bsp_ili9341_lcd.o(.constdata)
    Region$$Table$$Base                      0x08002464   Number         0  anon$$obj.o(Region$$Table)
    Region$$Table$$Limit                     0x08002484   Number         0  anon$$obj.o(Region$$Table)
    SystemCoreClock                          0x20000000   Data           4  system_stm32f10x.o(.data)
    AHBPrescTable                            0x20000004   Data          16  system_stm32f10x.o(.data)
    touch_flag                               0x20000014   Data           1  stm32f10x_it.o(.data)
    aa1                                      0x20000020   Data           8  bsp_touch.o(.data)
    bb1                                      0x20000028   Data           8  bsp_touch.o(.data)
    cc1                                      0x20000030   Data           8  bsp_touch.o(.data)
    aa2                                      0x20000038   Data           8  bsp_touch.o(.data)
    bb2                                      0x20000040   Data           8  bsp_touch.o(.data)
    cc2                                      0x20000048   Data           8  bsp_touch.o(.data)
    DisplaySample                            0x20000050   Data          16  bsp_touch.o(.data)
    display                                  0x20000060   Data           4  bsp_touch.o(.data)
    ScreenSample                             0x20000070   Data          16  bsp_touch.o(.bss)
    touch_para                               0x20000080   Data          56  bsp_touch.o(.bss)
    __initial_sp                             0x200004b8   Data           0  startup_stm32f10x_hd.o(STACK)



==============================================================================

Memory Map of the image

  Image Entry point : 0x08000131

  Load Region LR_IROM1 (Base: 0x08000000, Size: 0x000024f4, Max: 0x00080000, ABSOLUTE)

    Execution Region ER_IROM1 (Base: 0x08000000, Size: 0x00002484, Max: 0x00080000, ABSOLUTE)

    Base Addr    Size         Type   Attr      Idx    E Section Name        Object

    0x08000000   0x00000130   Data   RO            3    RESET               startup_stm32f10x_hd.o
    0x08000130   0x00000000   Code   RO         3467  * .ARM.Collect$$$$00000000  mc_w.l(entry.o)
    0x08000130   0x00000004   Code   RO         3486    .ARM.Collect$$$$00000001  mc_w.l(entry2.o)
    0x08000134   0x00000004   Code   RO         3489    .ARM.Collect$$$$00000004  mc_w.l(entry5.o)
    0x08000138   0x00000000   Code   RO         3491    .ARM.Collect$$$$00000008  mc_w.l(entry7b.o)
    0x08000138   0x00000000   Code   RO         3493    .ARM.Collect$$$$0000000A  mc_w.l(entry8b.o)
    0x08000138   0x00000008   Code   RO         3494    .ARM.Collect$$$$0000000B  mc_w.l(entry9a.o)
    0x08000140   0x00000000   Code   RO         3496    .ARM.Collect$$$$0000000D  mc_w.l(entry10a.o)
    0x08000140   0x00000000   Code   RO         3498    .ARM.Collect$$$$0000000F  mc_w.l(entry11a.o)
    0x08000140   0x00000004   Code   RO         3487    .ARM.Collect$$$$00002712  mc_w.l(entry2.o)
    0x08000144   0x00000024   Code   RO            4    .text               startup_stm32f10x_hd.o
    0x08000168   0x00000024   Code   RO         3470    .text               mc_w.l(memseta.o)
    0x0800018c   0x0000014e   Code   RO         3472    .text               mf_w.l(dadd.o)
    0x080002da   0x000000e4   Code   RO         3474    .text               mf_w.l(dmul.o)
    0x080003be   0x000000de   Code   RO         3476    .text               mf_w.l(ddiv.o)
    0x0800049c   0x00000022   Code   RO         3478    .text               mf_w.l(dflti.o)
    0x080004be   0x0000001a   Code   RO         3480    .text               mf_w.l(dfltui.o)
    0x080004d8   0x00000032   Code   RO         3482    .text               mf_w.l(dfixui.o)
    0x0800050a   0x00000002   PAD
    0x0800050c   0x00000030   Code   RO         3484    .text               mf_w.l(cdcmple.o)
    0x0800053c   0x0000001e   Code   RO         3500    .text               mc_w.l(llshl.o)
    0x0800055a   0x00000020   Code   RO         3502    .text               mc_w.l(llushr.o)
    0x0800057a   0x00000024   Code   RO         3504    .text               mc_w.l(llsshr.o)
    0x0800059e   0x00000000   Code   RO         3506    .text               mc_w.l(iusefp.o)
    0x0800059e   0x000000ba   Code   RO         3507    .text               mf_w.l(depilogue.o)
    0x08000658   0x00000024   Code   RO         3509    .text               mc_w.l(init.o)
    0x0800067c   0x00000004   Code   RO         3131    i.BusFault_Handler  stm32f10x_it.o
    0x08000680   0x00000164   Code   RO         3366    i.Cal_touch_para    bsp_touch.o
    0x080007e4   0x00000002   Code   RO         3132    i.DebugMon_Handler  stm32f10x_it.o
    0x080007e6   0x00000020   Code   RO         3367    i.DelayUS           bsp_touch.o
    0x08000806   0x00000002   PAD
    0x08000808   0x00000028   Code   RO         3311    i.Delay_us          bsp_systick.o
    0x08000830   0x00000030   Code   RO         3368    i.DrawCross         bsp_touch.o
    0x08000860   0x00000020   Code   RO         3133    i.EXTI9_5_IRQHandler  stm32f10x_it.o
    0x08000880   0x0000000c   Code   RO          912    i.EXTI_ClearITPendingBit  stm32f10x_exti.o
    0x0800088c   0x00000028   Code   RO          916    i.EXTI_GetITStatus  stm32f10x_exti.o
    0x080008b4   0x00000094   Code   RO          917    i.EXTI_Init         stm32f10x_exti.o
    0x08000948   0x00000034   Code   RO         1153    i.FSMC_NORSRAMCmd   stm32f10x_fsmc.o
    0x0800097c   0x000000e6   Code   RO         1155    i.FSMC_NORSRAMInit  stm32f10x_fsmc.o
    0x08000a62   0x00000002   PAD
    0x08000a64   0x00000040   Code   RO         1265    i.GPIO_EXTILineConfig  stm32f10x_gpio.o
    0x08000aa4   0x00000116   Code   RO         1268    i.GPIO_Init         stm32f10x_gpio.o
    0x08000bba   0x00000012   Code   RO         1272    i.GPIO_ReadInputDataBit  stm32f10x_gpio.o
    0x08000bcc   0x00000004   Code   RO         1275    i.GPIO_ResetBits    stm32f10x_gpio.o
    0x08000bd0   0x00000084   Code   RO         3341    i.GPIO_SPI_Config   bsp_gpio_spi.o
    0x08000c54   0x00000004   Code   RO         1276    i.GPIO_SetBits      stm32f10x_gpio.o
    0x08000c58   0x000000ec   Code   RO         3369    i.Get_touch_point   bsp_touch.o
    0x08000d44   0x00000004   Code   RO         3134    i.HardFault_Handler  stm32f10x_it.o
    0x08000d48   0x00000070   Code   RO         3203    i.LCD_Clear         bsp_ili9341_lcd.o
    0x08000db8   0x00000068   Code   RO         3204    i.LCD_DisNum        bsp_ili9341_lcd.o
    0x08000e20   0x00000074   Code   RO         3205    i.LCD_DispChar      bsp_ili9341_lcd.o
    0x08000e94   0x0000003c   Code   RO         3206    i.LCD_DispStr       bsp_ili9341_lcd.o
    0x08000ed0   0x0000005e   Code   RO         3207    i.LCD_FSMC_Config   bsp_ili9341_lcd.o
    0x08000f2e   0x00000002   PAD
    0x08000f30   0x000000c0   Code   RO         3208    i.LCD_GPIO_Config   bsp_ili9341_lcd.o
    0x08000ff0   0x00000014   Code   RO         3210    i.LCD_Init          bsp_ili9341_lcd.o
    0x08001004   0x00000050   Code   RO         3211    i.LCD_OpenWindow    bsp_ili9341_lcd.o
    0x08001054   0x00000214   Code   RO         3213    i.LCD_REG_Config    bsp_ili9341_lcd.o
    0x08001268   0x0000002c   Code   RO         3214    i.LCD_Rst           bsp_ili9341_lcd.o
    0x08001294   0x0000003a   Code   RO         3215    i.LCD_SetCursor     bsp_ili9341_lcd.o
    0x080012ce   0x00000020   Code   RO         3216    i.LCD_SetPoint      bsp_ili9341_lcd.o
    0x080012ee   0x00000012   Code   RO         3217    i.Lcd_Delay         bsp_ili9341_lcd.o
    0x08001300   0x00000126   Code   RO         3218    i.Lcd_GramScan      bsp_ili9341_lcd.o
    0x08001426   0x00000004   Code   RO         3135    i.MemManage_Handler  stm32f10x_it.o
    0x0800142a   0x00000002   Code   RO         3136    i.NMI_Handler       stm32f10x_it.o
    0x0800142c   0x00000070   Code   RO           86    i.NVIC_Init         misc.o
    0x0800149c   0x00000014   Code   RO           87    i.NVIC_PriorityGroupConfig  misc.o
    0x080014b0   0x00000184   Code   RO         3370    i.Palette_Init      bsp_touch.o
    0x08001634   0x000000bc   Code   RO         3371    i.Palette_draw_point  bsp_touch.o
    0x080016f0   0x00000002   Code   RO         3137    i.PendSV_Handler    stm32f10x_it.o
    0x080016f2   0x00000002   PAD
    0x080016f4   0x00000020   Code   RO         1689    i.RCC_AHBPeriphClockCmd  stm32f10x_rcc.o
    0x08001714   0x00000020   Code   RO         1692    i.RCC_APB2PeriphClockCmd  stm32f10x_rcc.o
    0x08001734   0x000000fc   Code   RO         3373    i.Read_2046_2       bsp_touch.o
    0x08001830   0x00000002   Code   RO         3138    i.SVC_Handler       stm32f10x_it.o
    0x08001832   0x00000008   Code   RO           24    i.SetSysClock       system_stm32f10x.o
    0x0800183a   0x00000002   PAD
    0x0800183c   0x000000e0   Code   RO           25    i.SetSysClockTo72   system_stm32f10x.o
    0x0800191c   0x00000008   Code   RO         3139    i.SysTick_Handler   stm32f10x_it.o
    0x08001924   0x0000007c   Code   RO         3312    i.SysTick_Init      bsp_systick.o
    0x080019a0   0x00000060   Code   RO           27    i.SystemInit        system_stm32f10x.o
    0x08001a00   0x00000050   Code   RO         3342    i.TP_INT_GPIO_Config  bsp_gpio_spi.o
    0x08001a50   0x00000026   Code   RO         3343    i.TP_INT_NVIC_Config  bsp_gpio_spi.o
    0x08001a76   0x00000002   PAD
    0x08001a78   0x00000018   Code   RO         3313    i.TimingDelay_Decrement  bsp_systick.o
    0x08001a90   0x000003c4   Code   RO         3374    i.Touch_Calibrate   bsp_touch.o
    0x08001e54   0x00000026   Code   RO         3375    i.Touch_GetAdXY     bsp_touch.o
    0x08001e7a   0x00000008   Code   RO         3376    i.Touch_Init        bsp_touch.o
    0x08001e82   0x00000004   Code   RO         3140    i.UsageFault_Handler  stm32f10x_it.o
    0x08001e86   0x00000010   Code   RO         3377    i.XPT2046_ReadAdc   bsp_touch.o
    0x08001e96   0x00000002   PAD
    0x08001e98   0x00000060   Code   RO         3378    i.XPT2046_ReadCMD   bsp_touch.o
    0x08001ef8   0x0000006c   Code   RO         3379    i.XPT2046_WriteCMD  bsp_touch.o
    0x08001f64   0x0000000e   Code   RO         3513    i.__scatterload_copy  mc_w.l(handlers.o)
    0x08001f72   0x00000002   Code   RO         3514    i.__scatterload_null  mc_w.l(handlers.o)
    0x08001f74   0x0000000e   Code   RO         3515    i.__scatterload_zeroinit  mc_w.l(handlers.o)
    0x08001f82   0x00000002   PAD
    0x08001f84   0x0000006c   Code   RO         3108    i.main              main.o
    0x08001ff0   0x00000474   Data   RO         3219    .constdata          bsp_ili9341_lcd.o
    0x08002464   0x00000020   Data   RO         3511    Region$$Table       anon$$obj.o


    Execution Region RW_IRAM1 (Base: 0x20000000, Size: 0x000004b8, Max: 0x00010000, ABSOLUTE)

    Base Addr    Size         Type   Attr      Idx    E Section Name        Object

    0x20000000   0x00000014   Data   RW           28    .data               system_stm32f10x.o
    0x20000014   0x00000001   Data   RW         3141    .data               stm32f10x_it.o
    0x20000015   0x00000003   PAD
    0x20000018   0x00000004   Data   RW         3314    .data               bsp_systick.o
    0x2000001c   0x00000004   PAD
    0x20000020   0x0000004e   Data   RW         3381    .data               bsp_touch.o
    0x2000006e   0x00000002   PAD
    0x20000070   0x00000048   Zero   RW         3380    .bss                bsp_touch.o
    0x200000b8   0x00000400   Zero   RW            1    STACK               startup_stm32f10x_hd.o


==============================================================================

Image component sizes


      Code (inc. data)   RO Data    RW Data    ZI Data      Debug   Object Name

       250         12          0          0          0       1866   bsp_gpio_spi.o
      1756         38       1140          0          0      11355   bsp_ili9341_lcd.o
       188         28          0          4          0      17885   bsp_systick.o
      2730        414          0         78         72      12815   bsp_touch.o
         0          0          0          0          0       4504   core_cm3.o
       108         14          0          0          0        595   main.o
       132         22          0          0          0       1843   misc.o
        36          8        304          0       1024        932   startup_stm32f10x_hd.o
       200         18          0          0          0       2508   stm32f10x_exti.o
       282          6          0          0          0       2121   stm32f10x_fsmc.o
       368          4          0          0          0       4870   stm32f10x_gpio.o
        64          6          0          1          0       5744   stm32f10x_it.o
        64         12          0          0          0       1345   stm32f10x_rcc.o
       328         28          0         20          0     226629   system_stm32f10x.o

    ----------------------------------------------------------------------
      6520        610       1476        112       1096     295012   Object Totals
         0          0         32          0          0          0   (incl. Generated)
        14          0          0          9          0          0   (incl. Padding)

    ----------------------------------------------------------------------

      Code (inc. data)   RO Data    RW Data    ZI Data      Debug   Library Member Name

         0          0          0          0          0          0   entry.o
         0          0          0          0          0          0   entry10a.o
         0          0          0          0          0          0   entry11a.o
         8          4          0          0          0          0   entry2.o
         4          0          0          0          0          0   entry5.o
         0          0          0          0          0          0   entry7b.o
         0          0          0          0          0          0   entry8b.o
         8          4          0          0          0          0   entry9a.o
        30          0          0          0          0          0   handlers.o
        36          8          0          0          0         68   init.o
         0          0          0          0          0          0   iusefp.o
        30          0          0          0          0         68   llshl.o
        36          0          0          0          0         68   llsshr.o
        32          0          0          0          0         68   llushr.o
        36          0          0          0          0        108   memseta.o
        48          0          0          0          0         68   cdcmple.o
       334          0          0          0          0        148   dadd.o
       222          0          0          0          0        100   ddiv.o
       186          0          0          0          0        176   depilogue.o
        50          0          0          0          0         76   dfixui.o
        34          0          0          0          0         76   dflti.o
        26          0          0          0          0         76   dfltui.o
       228          0          0          0          0         96   dmul.o

    ----------------------------------------------------------------------
      1352         16          0          0          0       1196   Library Totals
         4          0          0          0          0          0   (incl. Padding)

    ----------------------------------------------------------------------

      Code (inc. data)   RO Data    RW Data    ZI Data      Debug   Library Name

       220         16          0          0          0        380   mc_w.l
      1128          0          0          0          0        816   mf_w.l

    ----------------------------------------------------------------------
      1352         16          0          0          0       1196   Library Totals

    ----------------------------------------------------------------------

==============================================================================


      Code (inc. data)   RO Data    RW Data    ZI Data      Debug   

      7872        626       1476        112       1096     292876   Grand Totals
      7872        626       1476        112       1096     292876   ELF Image Totals
      7872        626       1476        112          0          0   ROM Totals

==============================================================================

    Total RO  Size (Code + RO Data)                 9348 (   9.13kB)
    Total RW  Size (RW Data + ZI Data)              1208 (   1.18kB)
    Total ROM Size (Code + RO Data + RW Data)       9460 (   9.24kB)

==============================================================================

