<html>
<body>
<pre>
<h1>礦ision Build Log</h1>
<h2>Tool Versions:</h2>
IDE-Version: μVision V5.15
Copyright (C) 2015 ARM Ltd and ARM Germany GmbH. All rights reserved.
License Information: Gao Xu, HDU, LIC=----
 
Tool Versions:
Toolchain:       MDK-Lite  Version: 5.15.0
Toolchain Path:  C:\Keil_v5\ARM\ARMCC\Bin
C Compiler:      Armcc.exe V5.05 update 2 (build 169)
Assembler:       Armasm.exe V5.05 update 2 (build 169)
Linker/Locator:  ArmLink.exe V5.05 update 2 (build 169)
Library Manager: ArmAr.exe V5.05 update 2 (build 169)
Hex Converter:   FromElf.exe V5.05 update 2 (build 169)
CPU DLL:         SARMCM3.DLL V5.15.0
Dialog DLL:      DCM.DLL V1.13.2.0
Target DLL:      Segger\JL2CM3.dll V2.99.15.0
Dialog DLL:      TCM.DLL V1.14.5.0
 
<h2>Project:</h2>
C:\Users\luoxu_000\Documents\GitHub\STM32\按键实验-EXTI\Project\RVMDK（uv4）\iSO-STM32.uvprojx
Project File Date:  06/30/2015

<h2>Output:</h2>
*** Using Compiler 'V5.05 update 2 (build 169)', folder: 'C:\Keil_v5\ARM\ARMCC\Bin'
Build target 'Template'
compiling system_stm32f10x.c...
..\..\Libraries\CMSIS\core_cm3.h(1818): warning:  #1-D: last line of file ends without a newline
  /*lint -restore */
..\..\Libraries\CMSIS\system_stm32f10x.c: 1 warning, 0 errors
compiling misc.c...
..\..\Libraries\CMSIS\core_cm3.h(1818): warning:  #1-D: last line of file ends without a newline
  /*lint -restore */
..\..\Libraries\FWlib\src\misc.c: 1 warning, 0 errors
compiling stm32f10x_adc.c...
..\..\Libraries\CMSIS\core_cm3.h(1818): warning:  #1-D: last line of file ends without a newline
  /*lint -restore */
..\..\Libraries\FWlib\src\stm32f10x_adc.c: 1 warning, 0 errors
compiling stm32f10x_bkp.c...
..\..\Libraries\CMSIS\core_cm3.h(1818): warning:  #1-D: last line of file ends without a newline
  /*lint -restore */
..\..\Libraries\FWlib\src\stm32f10x_bkp.c: 1 warning, 0 errors
compiling stm32f10x_can.c...
..\..\Libraries\CMSIS\core_cm3.h(1818): warning:  #1-D: last line of file ends without a newline
  /*lint -restore */
..\..\Libraries\FWlib\src\stm32f10x_can.c: 1 warning, 0 errors
compiling stm32f10x_cec.c...
..\..\Libraries\CMSIS\core_cm3.h(1818): warning:  #1-D: last line of file ends without a newline
  /*lint -restore */
..\..\Libraries\FWlib\src\stm32f10x_cec.c: 1 warning, 0 errors
compiling stm32f10x_crc.c...
..\..\Libraries\CMSIS\core_cm3.h(1818): warning:  #1-D: last line of file ends without a newline
  /*lint -restore */
..\..\Libraries\FWlib\src\stm32f10x_crc.c: 1 warning, 0 errors
compiling stm32f10x_dac.c...
..\..\Libraries\CMSIS\core_cm3.h(1818): warning:  #1-D: last line of file ends without a newline
  /*lint -restore */
..\..\Libraries\FWlib\src\stm32f10x_dac.c: 1 warning, 0 errors
compiling stm32f10x_dbgmcu.c...
..\..\Libraries\CMSIS\core_cm3.h(1818): warning:  #1-D: last line of file ends without a newline
  /*lint -restore */
..\..\Libraries\FWlib\src\stm32f10x_dbgmcu.c: 1 warning, 0 errors
compiling stm32f10x_dma.c...
..\..\Libraries\CMSIS\core_cm3.h(1818): warning:  #1-D: last line of file ends without a newline
  /*lint -restore */
..\..\Libraries\FWlib\src\stm32f10x_dma.c: 1 warning, 0 errors
compiling stm32f10x_exti.c...
..\..\Libraries\CMSIS\core_cm3.h(1818): warning:  #1-D: last line of file ends without a newline
  /*lint -restore */
..\..\Libraries\FWlib\src\stm32f10x_exti.c: 1 warning, 0 errors
compiling stm32f10x_flash.c...
..\..\Libraries\CMSIS\core_cm3.h(1818): warning:  #1-D: last line of file ends without a newline
  /*lint -restore */
..\..\Libraries\FWlib\src\stm32f10x_flash.c: 1 warning, 0 errors
compiling stm32f10x_fsmc.c...
..\..\Libraries\CMSIS\core_cm3.h(1818): warning:  #1-D: last line of file ends without a newline
  /*lint -restore */
..\..\Libraries\FWlib\src\stm32f10x_fsmc.c: 1 warning, 0 errors
compiling stm32f10x_gpio.c...
..\..\Libraries\CMSIS\core_cm3.h(1818): warning:  #1-D: last line of file ends without a newline
  /*lint -restore */
..\..\Libraries\FWlib\src\stm32f10x_gpio.c: 1 warning, 0 errors
compiling stm32f10x_i2c.c...
..\..\Libraries\CMSIS\core_cm3.h(1818): warning:  #1-D: last line of file ends without a newline
  /*lint -restore */
..\..\Libraries\FWlib\src\stm32f10x_i2c.c: 1 warning, 0 errors
compiling stm32f10x_iwdg.c...
..\..\Libraries\CMSIS\core_cm3.h(1818): warning:  #1-D: last line of file ends without a newline
  /*lint -restore */
..\..\Libraries\FWlib\src\stm32f10x_iwdg.c: 1 warning, 0 errors
compiling stm32f10x_pwr.c...
..\..\Libraries\CMSIS\core_cm3.h(1818): warning:  #1-D: last line of file ends without a newline
  /*lint -restore */
..\..\Libraries\FWlib\src\stm32f10x_pwr.c: 1 warning, 0 errors
compiling stm32f10x_rcc.c...
..\..\Libraries\CMSIS\core_cm3.h(1818): warning:  #1-D: last line of file ends without a newline
  /*lint -restore */
..\..\Libraries\FWlib\src\stm32f10x_rcc.c: 1 warning, 0 errors
compiling stm32f10x_rtc.c...
..\..\Libraries\CMSIS\core_cm3.h(1818): warning:  #1-D: last line of file ends without a newline
  /*lint -restore */
..\..\Libraries\FWlib\src\stm32f10x_rtc.c: 1 warning, 0 errors
compiling stm32f10x_sdio.c...
..\..\Libraries\CMSIS\core_cm3.h(1818): warning:  #1-D: last line of file ends without a newline
  /*lint -restore */
..\..\Libraries\FWlib\src\stm32f10x_sdio.c: 1 warning, 0 errors
compiling stm32f10x_spi.c...
..\..\Libraries\CMSIS\core_cm3.h(1818): warning:  #1-D: last line of file ends without a newline
  /*lint -restore */
..\..\Libraries\FWlib\src\stm32f10x_spi.c: 1 warning, 0 errors
compiling stm32f10x_tim.c...
..\..\Libraries\CMSIS\core_cm3.h(1818): warning:  #1-D: last line of file ends without a newline
  /*lint -restore */
..\..\Libraries\FWlib\src\stm32f10x_tim.c: 1 warning, 0 errors
compiling stm32f10x_usart.c...
..\..\Libraries\CMSIS\core_cm3.h(1818): warning:  #1-D: last line of file ends without a newline
  /*lint -restore */
..\..\Libraries\FWlib\src\stm32f10x_usart.c: 1 warning, 0 errors
compiling stm32f10x_wwdg.c...
..\..\Libraries\CMSIS\core_cm3.h(1818): warning:  #1-D: last line of file ends without a newline
  /*lint -restore */
..\..\Libraries\FWlib\src\stm32f10x_wwdg.c: 1 warning, 0 errors
compiling main.c...
..\..\Libraries\CMSIS\core_cm3.h(1818): warning:  #1-D: last line of file ends without a newline
  /*lint -restore */
..\..\User\main.c: 1 warning, 0 errors
compiling stm32f10x_it.c...
..\..\Libraries\CMSIS\core_cm3.h(1818): warning:  #1-D: last line of file ends without a newline
  /*lint -restore */
..\..\User\stm32f10x_it.c: 1 warning, 0 errors
compiling bsp_led.c...
..\..\Libraries\CMSIS\core_cm3.h(1818): warning:  #1-D: last line of file ends without a newline
  /*lint -restore */
..\..\USER\bsp_led.c: 1 warning, 0 errors
compiling bsp_exti.c...
..\..\Libraries\CMSIS\core_cm3.h(1818): warning:  #1-D: last line of file ends without a newline
  /*lint -restore */
..\..\USER\bsp_exti.c(80): warning:  #1-D: last line of file ends without a newline
  /*********************************************END OF FILE**********************/
..\..\USER\bsp_exti.c: 2 warnings, 0 errors
linking...
Program Size: Code=1488 RO-data=320 RW-data=0 ZI-data=1024  
FromELF: creating hex file...
"..\..\Output\Template.axf" - 0 Error(s), 29 Warning(s).

<h2>Collection of Component include folders:</h2>
  C:\Users\luoxu_000\Documents\GitHub\STM32\按键实验-EXTI\Project\RVMDK（uv4）\RTE
  C:\Keil_v5\ARM\PACK\Keil\STM32F1xx_DFP\1.1.0\Device\Include

<h2>Collection of Component Files used:</h2>
</pre>
</body>
</html>
